Archive member included to satisfy reference by file (symbol)

c:/st/stm32cubeide_1.10.1/stm32cubeide/plugins/com.st.stm32cube.ide.mcu.externaltools.gnu-tools-for-stm32.10.3-2021.10.win32_1.0.0.202111181127/tools/bin/../lib/gcc/arm-none-eabi/10.3.1/../../../../arm-none-eabi/lib/thumb/v7-m/nofp\libc_nano.a(lib_a-errno.o)
                              ./Core/Src/syscalls.o (__errno)
c:/st/stm32cubeide_1.10.1/stm32cubeide/plugins/com.st.stm32cube.ide.mcu.externaltools.gnu-tools-for-stm32.10.3-2021.10.win32_1.0.0.202111181127/tools/bin/../lib/gcc/arm-none-eabi/10.3.1/../../../../arm-none-eabi/lib/thumb/v7-m/nofp\libc_nano.a(lib_a-exit.o)
                              c:/st/stm32cubeide_1.10.1/stm32cubeide/plugins/com.st.stm32cube.ide.mcu.externaltools.gnu-tools-for-stm32.10.3-2021.10.win32_1.0.0.202111181127/tools/bin/../lib/gcc/arm-none-eabi/10.3.1/../../../../arm-none-eabi/lib/thumb/v7-m/nofp/crt0.o (exit)
c:/st/stm32cubeide_1.10.1/stm32cubeide/plugins/com.st.stm32cube.ide.mcu.externaltools.gnu-tools-for-stm32.10.3-2021.10.win32_1.0.0.202111181127/tools/bin/../lib/gcc/arm-none-eabi/10.3.1/../../../../arm-none-eabi/lib/thumb/v7-m/nofp\libc_nano.a(lib_a-impure.o)
                              c:/st/stm32cubeide_1.10.1/stm32cubeide/plugins/com.st.stm32cube.ide.mcu.externaltools.gnu-tools-for-stm32.10.3-2021.10.win32_1.0.0.202111181127/tools/bin/../lib/gcc/arm-none-eabi/10.3.1/../../../../arm-none-eabi/lib/thumb/v7-m/nofp\libc_nano.a(lib_a-exit.o) (_global_impure_ptr)
c:/st/stm32cubeide_1.10.1/stm32cubeide/plugins/com.st.stm32cube.ide.mcu.externaltools.gnu-tools-for-stm32.10.3-2021.10.win32_1.0.0.202111181127/tools/bin/../lib/gcc/arm-none-eabi/10.3.1/../../../../arm-none-eabi/lib/thumb/v7-m/nofp\libc_nano.a(lib_a-init.o)
                              c:/st/stm32cubeide_1.10.1/stm32cubeide/plugins/com.st.stm32cube.ide.mcu.externaltools.gnu-tools-for-stm32.10.3-2021.10.win32_1.0.0.202111181127/tools/bin/../lib/gcc/arm-none-eabi/10.3.1/../../../../arm-none-eabi/lib/thumb/v7-m/nofp/crt0.o (__libc_init_array)
c:/st/stm32cubeide_1.10.1/stm32cubeide/plugins/com.st.stm32cube.ide.mcu.externaltools.gnu-tools-for-stm32.10.3-2021.10.win32_1.0.0.202111181127/tools/bin/../lib/gcc/arm-none-eabi/10.3.1/../../../../arm-none-eabi/lib/thumb/v7-m/nofp\libc_nano.a(lib_a-memset.o)
                              c:/st/stm32cubeide_1.10.1/stm32cubeide/plugins/com.st.stm32cube.ide.mcu.externaltools.gnu-tools-for-stm32.10.3-2021.10.win32_1.0.0.202111181127/tools/bin/../lib/gcc/arm-none-eabi/10.3.1/../../../../arm-none-eabi/lib/thumb/v7-m/nofp/crt0.o (memset)
c:/st/stm32cubeide_1.10.1/stm32cubeide/plugins/com.st.stm32cube.ide.mcu.externaltools.gnu-tools-for-stm32.10.3-2021.10.win32_1.0.0.202111181127/tools/bin/../lib/gcc/arm-none-eabi/10.3.1/thumb/v7-m/nofp\libgcc.a(_arm_muldf3.o)
                              ./Core/Src/main.o (__aeabi_dmul)
c:/st/stm32cubeide_1.10.1/stm32cubeide/plugins/com.st.stm32cube.ide.mcu.externaltools.gnu-tools-for-stm32.10.3-2021.10.win32_1.0.0.202111181127/tools/bin/../lib/gcc/arm-none-eabi/10.3.1/thumb/v7-m/nofp\libgcc.a(_arm_mulsf3.o)
                              ./Core/Src/main.o (__aeabi_fmul)
c:/st/stm32cubeide_1.10.1/stm32cubeide/plugins/com.st.stm32cube.ide.mcu.externaltools.gnu-tools-for-stm32.10.3-2021.10.win32_1.0.0.202111181127/tools/bin/../lib/gcc/arm-none-eabi/10.3.1/thumb/v7-m/nofp\libgcc.a(_arm_addsubdf3.o)
                              ./Core/Src/main.o (__aeabi_dsub)
c:/st/stm32cubeide_1.10.1/stm32cubeide/plugins/com.st.stm32cube.ide.mcu.externaltools.gnu-tools-for-stm32.10.3-2021.10.win32_1.0.0.202111181127/tools/bin/../lib/gcc/arm-none-eabi/10.3.1/thumb/v7-m/nofp\libgcc.a(_arm_muldivdf3.o)
                              ./Core/Src/main.o (__aeabi_ddiv)
c:/st/stm32cubeide_1.10.1/stm32cubeide/plugins/com.st.stm32cube.ide.mcu.externaltools.gnu-tools-for-stm32.10.3-2021.10.win32_1.0.0.202111181127/tools/bin/../lib/gcc/arm-none-eabi/10.3.1/thumb/v7-m/nofp\libgcc.a(_arm_cmpdf2.o)
                              ./Core/Src/main.o (__aeabi_dcmple)
c:/st/stm32cubeide_1.10.1/stm32cubeide/plugins/com.st.stm32cube.ide.mcu.externaltools.gnu-tools-for-stm32.10.3-2021.10.win32_1.0.0.202111181127/tools/bin/../lib/gcc/arm-none-eabi/10.3.1/thumb/v7-m/nofp\libgcc.a(_arm_fixdfsi.o)
                              ./Core/Src/stm32f1xx_it.o (__aeabi_d2iz)
c:/st/stm32cubeide_1.10.1/stm32cubeide/plugins/com.st.stm32cube.ide.mcu.externaltools.gnu-tools-for-stm32.10.3-2021.10.win32_1.0.0.202111181127/tools/bin/../lib/gcc/arm-none-eabi/10.3.1/thumb/v7-m/nofp\libgcc.a(_arm_truncdfsf2.o)
                              ./Core/Src/main.o (__aeabi_d2f)
c:/st/stm32cubeide_1.10.1/stm32cubeide/plugins/com.st.stm32cube.ide.mcu.externaltools.gnu-tools-for-stm32.10.3-2021.10.win32_1.0.0.202111181127/tools/bin/../lib/gcc/arm-none-eabi/10.3.1/thumb/v7-m/nofp\libgcc.a(_arm_addsubsf3.o)
                              ./Core/Src/main.o (__aeabi_fsub)
[...]
Memory Configuration

Name             Origin             Length             Attributes
RAM              0x0000000020000000 0x0000000000005000 xrw
FLASH            0x0000000008000000 0x0000000000010000 xr
*default*        0x0000000000000000 0xffffffffffffffff

Linker script and memory map

LOAD c:/st/stm32cubeide_1.10.1/stm32cubeide/plugins/com.st.stm32cube.ide.mcu.externaltools.gnu-tools-for-stm32.10.3-2021.10.win32_1.0.0.202111181127/tools/bin/../lib/gcc/arm-none-eabi/10.3.1/thumb/v7-m/nofp/crti.o
LOAD c:/st/stm32cubeide_1.10.1/stm32cubeide/plugins/com.st.stm32cube.ide.mcu.externaltools.gnu-tools-for-stm32.10.3-2021.10.win32_1.0.0.202111181127/tools/bin/../lib/gcc/arm-none-eabi/10.3.1/thumb/v7-m/nofp/crtbegin.o
LOAD c:/st/stm32cubeide_1.10.1/stm32cubeide/plugins/com.st.stm32cube.ide.mcu.externaltools.gnu-tools-for-stm32.10.3-2021.10.win32_1.0.0.202111181127/tools/bin/../lib/gcc/arm-none-eabi/10.3.1/../../../../arm-none-eabi/lib/thumb/v7-m/nofp/crt0.o
LOAD ./Core/Src/adc.o
LOAD ./Core/Src/dma.o
LOAD ./Core/Src/gpio.o
LOAD ./Core/Src/main.o
LOAD ./Core/Src/stm32f1xx_hal_msp.o
LOAD ./Core/Src/stm32f1xx_it.o
LOAD ./Core/Src/syscalls.o
LOAD ./Core/Src/sysmem.o
LOAD ./Core/Src/system_stm32f1xx.o
LOAD ./Core/Src/tim.o
LOAD ./Core/Startup/startup_stm32f103c8tx.o
LOAD ./Drivers/STM32F1xx_HAL_Driver/Src/stm32f1xx_hal.o
LOAD ./Drivers/STM32F1xx_HAL_Driver/Src/stm32f1xx_hal_adc.o
LOAD ./Drivers/STM32F1xx_HAL_Driver/Src/stm32f1xx_hal_adc_ex.o
LOAD ./Drivers/STM32F1xx_HAL_Driver/Src/stm32f1xx_hal_cortex.o
LOAD ./Drivers/STM32F1xx_HAL_Driver/Src/stm32f1xx_hal_dma.o
LOAD ./Drivers/STM32F1xx_HAL_Driver/Src/stm32f1xx_hal_exti.o
LOAD ./Drivers/STM32F1xx_HAL_Driver/Src/stm32f1xx_hal_flash.o
LOAD ./Drivers/STM32F1xx_HAL_Driver/Src/stm32f1xx_hal_flash_ex.o
LOAD ./Drivers/STM32F1xx_HAL_Driver/Src/stm32f1xx_hal_gpio.o
LOAD ./Drivers/STM32F1xx_HAL_Driver/Src/stm32f1xx_hal_gpio_ex.o
LOAD ./Drivers/STM32F1xx_HAL_Driver/Src/stm32f1xx_hal_pwr.o
LOAD ./Drivers/STM32F1xx_HAL_Driver/Src/stm32f1xx_hal_rcc.o
LOAD ./Drivers/STM32F1xx_HAL_Driver/Src/stm32f1xx_hal_rcc_ex.o
LOAD ./Drivers/STM32F1xx_HAL_Driver/Src/stm32f1xx_hal_tim.o
LOAD ./Drivers/STM32F1xx_HAL_Driver/Src/stm32f1xx_hal_tim_ex.o
START GROUP
LOAD c:/st/stm32cubeide_1.10.1/stm32cubeide/plugins/com.st.stm32cube.ide.mcu.externaltools.gnu-tools-for-stm32.10.3-2021.10.win32_1.0.0.202111181127/tools/bin/../lib/gcc/arm-none-eabi/10.3.1/../../../../arm-none-eabi/lib/thumb/v7-m/nofp\libc_nano.a
LOAD c:/st/stm32cubeide_1.10.1/stm32cubeide/plugins/com.st.stm32cube.ide.mcu.externaltools.gnu-tools-for-stm32.10.3-2021.10.win32_1.0.0.202111181127/tools/bin/../lib/gcc/arm-none-eabi/10.3.1/../../../../arm-none-eabi/lib/thumb/v7-m/nofp\libm.a
END GROUP
START GROUP
LOAD c:/st/stm32cubeide_1.10.1/stm32cubeide/plugins/com.st.stm32cube.ide.mcu.externaltools.gnu-tools-for-stm32.10.3-2021.10.win32_1.0.0.202111181127/tools/bin/../lib/gcc/arm-none-eabi/10.3.1/thumb/v7-m/nofp\libgcc.a
LOAD c:/st/stm32cubeide_1.10.1/stm32cubeide/plugins/com.st.stm32cube.ide.mcu.externaltools.gnu-tools-for-stm32.10.3-2021.10.win32_1.0.0.202111181127/tools/bin/../lib/gcc/arm-none-eabi/10.3.1/../../../../arm-none-eabi/lib/thumb/v7-m/nofp\libc_nano.a
END GROUP
START GROUP
LOAD c:/st/stm32cubeide_1.10.1/stm32cubeide/plugins/com.st.stm32cube.ide.mcu.externaltools.gnu-tools-for-stm32.10.3-2021.10.win32_1.0.0.202111181127/tools/bin/../lib/gcc/arm-none-eabi/10.3.1/thumb/v7-m/nofp\libgcc.a
LOAD c:/st/stm32cubeide_1.10.1/stm32cubeide/plugins/com.st.stm32cube.ide.mcu.externaltools.gnu-tools-for-stm32.10.3-2021.10.win32_1.0.0.202111181127/tools/bin/../lib/gcc/arm-none-eabi/10.3.1/../../../../arm-none-eabi/lib/thumb/v7-m/nofp\libc_nano.a
LOAD c:/st/stm32cubeide_1.10.1/stm32cubeide/plugins/com.st.stm32cube.ide.mcu.externaltools.gnu-tools-for-stm32.10.3-2021.10.win32_1.0.0.202111181127/tools/bin/../lib/gcc/arm-none-eabi/10.3.1/../../../../arm-none-eabi/lib/thumb/v7-m/nofp\libnosys.a
END GROUP
START GROUP
LOAD c:/st/stm32cubeide_1.10.1/stm32cubeide/plugins/com.st.stm32cube.ide.mcu.externaltools.gnu-tools-for-stm32.10.3-2021.10.win32_1.0.0.202111181127/tools/bin/../lib/gcc/arm-none-eabi/10.3.1/thumb/v7-m/nofp\libgcc.a
LOAD c:/st/stm32cubeide_1.10.1/stm32cubeide/plugins/com.st.stm32cube.ide.mcu.externaltools.gnu-tools-for-stm32.10.3-2021.10.win32_1.0.0.202111181127/tools/bin/../lib/gcc/arm-none-eabi/10.3.1/../../../../arm-none-eabi/lib/thumb/v7-m/nofp\libc_nano.a
LOAD c:/st/stm32cubeide_1.10.1/stm32cubeide/plugins/com.st.stm32cube.ide.mcu.externaltools.gnu-tools-for-stm32.10.3-2021.10.win32_1.0.0.202111181127/tools/bin/../lib/gcc/arm-none-eabi/10.3.1/../../../../arm-none-eabi/lib/thumb/v7-m/nofp\libnosys.a
END GROUP
LOAD c:/st/stm32cubeide_1.10.1/stm32cubeide/plugins/com.st.stm32cube.ide.mcu.externaltools.gnu-tools-for-stm32.10.3-2021.10.win32_1.0.0.202111181127/tools/bin/../lib/gcc/arm-none-eabi/10.3.1/thumb/v7-m/nofp/crtend.o
LOAD c:/st/stm32cubeide_1.10.1/stm32cubeide/plugins/com.st.stm32cube.ide.mcu.externaltools.gnu-tools-for-stm32.10.3-2021.10.win32_1.0.0.202111181127/tools/bin/../lib/gcc/arm-none-eabi/10.3.1/thumb/v7-m/nofp/crtn.o
                0x0000000020005000                _estack = (ORIGIN (RAM) + LENGTH (RAM))
                0x0000000000000200                _Min_Heap_Size = 0x200
                0x0000000000000400                _Min_Stack_Size = 0x400

.isr_vector     0x0000000008000000      0x10c
                0x0000000008000000                . = ALIGN (0x4)
 *(.isr_vector)
 .isr_vector    0x0000000008000000      0x10c ./Core/Startup/startup_stm32f103c8tx.o
                0x0000000008000000                g_pfnVectors
                0x000000000800010c                . = ALIGN (0x4)

.text           0x0000000008000110     0x5008
                0x0000000008000110                . = ALIGN (0x4)
 *(.text)
 .text          0x0000000008000110       0x40 c:/st/stm32cubeide_1.10.1/stm32cubeide/plugins/com.st.stm32cube.ide.mcu.externaltools.gnu-tools-for-stm32.10.3-2021.10.win32_1.0.0.202111181127/tools/bin/../lib/gcc/arm-none-eabi/10.3.1/thumb/v7-m/nofp/crtbegin.o
 .text          0x0000000008000150      0x378 c:/st/stm32cubeide_1.10.1/stm32cubeide/plugins/com.st.stm32cube.ide.mcu.externaltools.gnu-tools-for-stm32.10.3-2021.10.win32_1.0.0.202111181127/tools/bin/../lib/gcc/arm-none-eabi/10.3.1/thumb/v7-m/nofp\libgcc.a(_arm_addsubdf3.o)
                0x0000000008000150                __aeabi_drsub
                0x0000000008000158                __aeabi_dsub
                0x0000000008000158                __subdf3
                0x000000000800015c                __aeabi_dadd
                0x000000000800015c                __adddf3
                0x00000000080003d4                __floatunsidf
                0x00000000080003d4                __aeabi_ui2d
                0x00000000080003f4                __floatsidf
                0x00000000080003f4                __aeabi_i2d
                0x0000000008000418                __aeabi_f2d
                0x0000000008000418                __extendsfdf2
                0x000000000800045c                __floatundidf
                0x000000000800045c                __aeabi_ul2d
                0x000000000800046c                __floatdidf
                0x000000000800046c                __aeabi_l2d
 .text          0x00000000080004c8      0x424 c:/st/stm32cubeide_1.10.1/stm32cubeide/plugins/com.st.stm32cube.ide.mcu.externaltools.gnu-tools-for-stm32.10.3-2021.10.win32_1.0.0.202111181127/tools/bin/../lib/gcc/arm-none-eabi/10.3.1/thumb/v7-m/nofp\libgcc.a(_arm_muldivdf3.o)
                0x00000000080004c8                __aeabi_dmul
                0x00000000080004c8                __muldf3
                0x000000000800071c                __divdf3
                0x000000000800071c                __aeabi_ddiv
 .text          0x00000000080008ec       0x50 c:/st/stm32cubeide_1.10.1/stm32cubeide/plugins/com.st.stm32cube.ide.mcu.externaltools.gnu-tools-for-stm32.10.3-2021.10.win32_1.0.0.202111181127/tools/bin/../lib/gcc/arm-none-eabi/10.3.1/thumb/v7-m/nofp\libgcc.a(_arm_fixdfsi.o)
                0x00000000080008ec                __aeabi_d2iz
                0x00000000080008ec                __fixdfsi
 .text          0x000000000800093c       0xa0 c:/st/stm32cubeide_1.10.1/stm32cubeide/plugins/com.st.stm32cube.ide.mcu.externaltools.gnu-tools-for-stm32.10.3-2021.10.win32_1.0.0.202111181127/tools/bin/../lib/gcc/arm-none-eabi/10.3.1/thumb/v7-m/nofp\libgcc.a(_arm_truncdfsf2.o)
                0x000000000800093c                __truncdfsf2
                0x000000000800093c                __aeabi_d2f
 .text          0x00000000080009dc      0x21c c:/st/stm32cubeide_1.10.1/stm32cubeide/plugins/com.st.stm32cube.ide.mcu.externaltools.gnu-tools-for-stm32.10.3-2021.10.win32_1.0.0.202111181127/tools/bin/../lib/gcc/arm-none-eabi/10.3.1/thumb/v7-m/nofp\libgcc.a(_arm_addsubsf3.o)
                0x00000000080009dc                __aeabi_frsub
                0x00000000080009e4                __subsf3
                0x00000000080009e4                __aeabi_fsub
                0x00000000080009e8                __aeabi_fadd
                0x00000000080009e8                __addsf3
                0x0000000008000b48                __aeabi_ui2f
                0x0000000008000b48                __floatunsisf
                0x0000000008000b50                __aeabi_i2f
                0x0000000008000b50                __floatsisf
                0x0000000008000b6c                __aeabi_ul2f
                0x0000000008000b6c                __floatundisf
                0x0000000008000b7c                __aeabi_l2f
                0x0000000008000b7c                __floatdisf
 .text          0x0000000008000bf8      0x2a0 c:/st/stm32cubeide_1.10.1/stm32cubeide/plugins/com.st.stm32cube.ide.mcu.externaltools.gnu-tools-for-stm32.10.3-2021.10.win32_1.0.0.202111181127/tools/bin/../lib/gcc/arm-none-eabi/10.3.1/thumb/v7-m/nofp\libgcc.a(_arm_muldivsf3.o)
                0x0000000008000bf8                __mulsf3
                0x0000000008000bf8                __aeabi_fmul
                0x0000000008000d60                __aeabi_fdiv
                0x0000000008000d60                __divsf3
 .text          0x0000000008000e98       0xec c:/st/stm32cubeide_1.10.1/stm32cubeide/plugins/com.st.stm32cube.ide.mcu.externaltools.gnu-tools-for-stm32.10.3-2021.10.win32_1.0.0.202111181127/tools/bin/../lib/gcc/arm-none-eabi/10.3.1/thumb/v7-m/nofp\libgcc.a(_arm_cmpsf2.o)
                0x0000000008000e98                __gesf2
                0x0000000008000e98                __gtsf2
                0x0000000008000ea0                __lesf2
                0x0000000008000ea0                __ltsf2
                0x0000000008000ea8                __nesf2
                0x0000000008000ea8                __eqsf2
                0x0000000008000ea8                __cmpsf2
                0x0000000008000f08                __aeabi_cfrcmple
                0x0000000008000f10                __aeabi_cfcmpeq
                0x0000000008000f10                __aeabi_cfcmple
                0x0000000008000f20                __aeabi_fcmpeq
                0x0000000008000f34                __aeabi_fcmplt
                0x0000000008000f48                __aeabi_fcmple
                0x0000000008000f5c                __aeabi_fcmpge
                0x0000000008000f70                __aeabi_fcmpgt
 .text          0x0000000008000f84       0x4c c:/st/stm32cubeide_1.10.1/stm32cubeide/plugins/com.st.stm32cube.ide.mcu.externaltools.gnu-tools-for-stm32.10.3-2021.10.win32_1.0.0.202111181127/tools/bin/../lib/gcc/arm-none-eabi/10.3.1/thumb/v7-m/nofp\libgcc.a(_arm_fixsfsi.o)
                0x0000000008000f84                __aeabi_f2iz
                0x0000000008000f84                __fixsfsi
 *(.text*)
 .text.MX_ADC1_Init
                0x0000000008000fd0       0x9c ./Core/Src/adc.o
                0x0000000008000fd0                MX_ADC1_Init
 .text.HAL_ADC_MspInit
                0x000000000800106c       0xd4 ./Core/Src/adc.o
                0x000000000800106c                HAL_ADC_MspInit
 .text.MX_DMA_Init
                0x0000000008001140       0x3c ./Core/Src/dma.o
                0x0000000008001140                MX_DMA_Init
 .text.MX_GPIO_Init
                0x000000000800117c       0xbc ./Core/Src/gpio.o
                0x000000000800117c                MX_GPIO_Init
 .text.main     0x0000000008001238      0x188 ./Core/Src/main.o
                0x0000000008001238                main
 .text.SystemClock_Config
                0x00000000080013c0       0xb6 ./Core/Src/main.o
                0x00000000080013c0                SystemClock_Config
 *fill*         0x0000000008001476        0x2 
 .text.currentSearch
                0x0000000008001478      0x148 ./Core/Src/main.o
                0x0000000008001478                currentSearch
 .text.Median_ADC_CS1
                0x00000000080015c0      0x160 ./Core/Src/main.o
                0x00000000080015c0                Median_ADC_CS1
 .text.Median_ADC_CS2
                0x0000000008001720      0x160 ./Core/Src/main.o
                0x0000000008001720                Median_ADC_CS2
 .text.Median_Cur_CS1
                0x0000000008001880      0x154 ./Core/Src/main.o
                0x0000000008001880                Median_Cur_CS1
 .text.Median_Cur_CS2
                0x00000000080019d4      0x154 ./Core/Src/main.o
                0x00000000080019d4                Median_Cur_CS2
 .text.simpleKalman1
                0x0000000008001b28      0x108 ./Core/Src/main.o
                0x0000000008001b28                simpleKalman1
 .text.simpleKalman2
                0x0000000008001c30      0x108 ./Core/Src/main.o
                0x0000000008001c30                simpleKalman2
 .text.Error_Handler
                0x0000000008001d38        0xa ./Core/Src/main.o
                0x0000000008001d38                Error_Handler
 *fill*         0x0000000008001d42        0x2 
 .text.HAL_MspInit
                0x0000000008001d44       0x64 ./Core/Src/stm32f1xx_hal_msp.o
                0x0000000008001d44                HAL_MspInit
 .text.NMI_Handler
                0x0000000008001da8        0x6 ./Core/Src/stm32f1xx_it.o
                0x0000000008001da8                NMI_Handler
 .text.HardFault_Handler
                0x0000000008001dae        0x6 ./Core/Src/stm32f1xx_it.o
                0x0000000008001dae                HardFault_Handler
 .text.MemManage_Handler
                0x0000000008001db4        0x6 ./Core/Src/stm32f1xx_it.o
                0x0000000008001db4                MemManage_Handler
 .text.BusFault_Handler
                0x0000000008001dba        0x6 ./Core/Src/stm32f1xx_it.o
                0x0000000008001dba                BusFault_Handler
 .text.UsageFault_Handler
                0x0000000008001dc0        0x6 ./Core/Src/stm32f1xx_it.o
                0x0000000008001dc0                UsageFault_Handler
 .text.SVC_Handler
                0x0000000008001dc6        0xc ./Core/Src/stm32f1xx_it.o
                0x0000000008001dc6                SVC_Handler
 .text.DebugMon_Handler
                0x0000000008001dd2        0xc ./Core/Src/stm32f1xx_it.o
                0x0000000008001dd2                DebugMon_Handler
 .text.PendSV_Handler
                0x0000000008001dde        0xc ./Core/Src/stm32f1xx_it.o
                0x0000000008001dde                PendSV_Handler
 .text.SysTick_Handler
                0x0000000008001dea        0xc ./Core/Src/stm32f1xx_it.o
                0x0000000008001dea                SysTick_Handler
 *fill*         0x0000000008001df6        0x2 
 .text.DMA1_Channel1_IRQHandler
                0x0000000008001df8       0x1c ./Core/Src/stm32f1xx_it.o
                0x0000000008001df8                DMA1_Channel1_IRQHandler
 .text.TIM1_UP_IRQHandler
                0x0000000008001e14       0x54 ./Core/Src/stm32f1xx_it.o
                0x0000000008001e14                TIM1_UP_IRQHandler
 .text.TIM2_IRQHandler
                0x0000000008001e68       0x58 ./Core/Src/stm32f1xx_it.o
                0x0000000008001e68                TIM2_IRQHandler
 .text.TIM3_IRQHandler
                0x0000000008001ec0      0x1f0 ./Core/Src/stm32f1xx_it.o
                0x0000000008001ec0                TIM3_IRQHandler
 .text.SystemInit
                0x00000000080020b0        0xc ./Core/Src/system_stm32f1xx.o
                0x00000000080020b0                SystemInit
 .text.MX_TIM1_Init
                0x00000000080020bc       0xac ./Core/Src/tim.o
                0x00000000080020bc                MX_TIM1_Init
 .text.MX_TIM2_Init
                0x0000000008002168       0xa8 ./Core/Src/tim.o
                0x0000000008002168                MX_TIM2_Init
 .text.MX_TIM3_Init
                0x0000000008002210       0xc8 ./Core/Src/tim.o
                0x0000000008002210                MX_TIM3_Init
 .text.HAL_TIM_Encoder_MspInit
                0x00000000080022d8      0x150 ./Core/Src/tim.o
                0x00000000080022d8                HAL_TIM_Encoder_MspInit
 .text.HAL_TIM_PWM_MspInit
                0x0000000008002428       0x4c ./Core/Src/tim.o
                0x0000000008002428                HAL_TIM_PWM_MspInit
 .text.HAL_TIM_MspPostInit
                0x0000000008002474       0x64 ./Core/Src/tim.o
                0x0000000008002474                HAL_TIM_MspPostInit
 .text.Reset_Handler
                0x00000000080024d8       0x48 ./Core/Startup/startup_stm32f103c8tx.o
                0x00000000080024d8                Reset_Handler
 .text.Default_Handler
                0x0000000008002520        0x2 ./Core/Startup/startup_stm32f103c8tx.o
                0x0000000008002520                RTC_Alarm_IRQHandler
                0x0000000008002520                EXTI2_IRQHandler
                0x0000000008002520                TIM1_CC_IRQHandler
                0x0000000008002520                PVD_IRQHandler
                0x0000000008002520                EXTI3_IRQHandler
                0x0000000008002520                EXTI0_IRQHandler
                0x0000000008002520                I2C2_EV_IRQHandler
                0x0000000008002520                ADC1_2_IRQHandler
                0x0000000008002520                SPI1_IRQHandler
                0x0000000008002520                TAMPER_IRQHandler
                0x0000000008002520                DMA1_Channel4_IRQHandler
                0x0000000008002520                USART3_IRQHandler
                0x0000000008002520                RTC_IRQHandler
                0x0000000008002520                DMA1_Channel7_IRQHandler
                0x0000000008002520                CAN1_RX1_IRQHandler
                0x0000000008002520                TIM4_IRQHandler
                0x0000000008002520                I2C1_EV_IRQHandler
                0x0000000008002520                DMA1_Channel6_IRQHandler
                0x0000000008002520                RCC_IRQHandler
                0x0000000008002520                TIM1_TRG_COM_IRQHandler
                0x0000000008002520                Default_Handler
                0x0000000008002520                EXTI15_10_IRQHandler
                0x0000000008002520                EXTI9_5_IRQHandler
                0x0000000008002520                SPI2_IRQHandler
                0x0000000008002520                DMA1_Channel5_IRQHandler
                0x0000000008002520                EXTI4_IRQHandler
                0x0000000008002520                USB_LP_CAN1_RX0_IRQHandler
                0x0000000008002520                USB_HP_CAN1_TX_IRQHandler
                0x0000000008002520                DMA1_Channel3_IRQHandler
                0x0000000008002520                WWDG_IRQHandler
                0x0000000008002520                TIM1_BRK_IRQHandler
                0x0000000008002520                EXTI1_IRQHandler
                0x0000000008002520                USART2_IRQHandler
                0x0000000008002520                I2C2_ER_IRQHandler
                0x0000000008002520                DMA1_Channel2_IRQHandler
                0x0000000008002520                CAN1_SCE_IRQHandler
                0x0000000008002520                FLASH_IRQHandler
                0x0000000008002520                USART1_IRQHandler
                0x0000000008002520                I2C1_ER_IRQHandler
                0x0000000008002520                USBWakeUp_IRQHandler
 *fill*         0x0000000008002522        0x2 
 .text.HAL_Init
                0x0000000008002524       0x2c ./Drivers/STM32F1xx_HAL_Driver/Src/stm32f1xx_hal.o
                0x0000000008002524                HAL_Init
 .text.HAL_InitTick
                0x0000000008002550       0x60 ./Drivers/STM32F1xx_HAL_Driver/Src/stm32f1xx_hal.o
                0x0000000008002550                HAL_InitTick
 .text.HAL_IncTick
                0x00000000080025b0       0x24 ./Drivers/STM32F1xx_HAL_Driver/Src/stm32f1xx_hal.o
                0x00000000080025b0                HAL_IncTick
 .text.HAL_GetTick
                0x00000000080025d4       0x14 ./Drivers/STM32F1xx_HAL_Driver/Src/stm32f1xx_hal.o
                0x00000000080025d4                HAL_GetTick
 .text.HAL_ADC_Init
                0x00000000080025e8      0x1b0 ./Drivers/STM32F1xx_HAL_Driver/Src/stm32f1xx_hal_adc.o
                0x00000000080025e8                HAL_ADC_Init
 .text.HAL_ADC_Start_DMA
                0x0000000008002798      0x1bc ./Drivers/STM32F1xx_HAL_Driver/Src/stm32f1xx_hal_adc.o
                0x0000000008002798                HAL_ADC_Start_DMA
 .text.HAL_ADC_Stop_DMA
                0x0000000008002954       0x96 ./Drivers/STM32F1xx_HAL_Driver/Src/stm32f1xx_hal_adc.o
                0x0000000008002954                HAL_ADC_Stop_DMA
 .text.HAL_ADC_ConvCpltCallback
                0x00000000080029ea       0x12 ./Drivers/STM32F1xx_HAL_Driver/Src/stm32f1xx_hal_adc.o
                0x00000000080029ea                HAL_ADC_ConvCpltCallback
 .text.HAL_ADC_ConvHalfCpltCallback
                0x00000000080029fc       0x12 ./Drivers/STM32F1xx_HAL_Driver/Src/stm32f1xx_hal_adc.o
                0x00000000080029fc                HAL_ADC_ConvHalfCpltCallback
 .text.HAL_ADC_ErrorCallback
                0x0000000008002a0e       0x12 ./Drivers/STM32F1xx_HAL_Driver/Src/stm32f1xx_hal_adc.o
                0x0000000008002a0e                HAL_ADC_ErrorCallback
 .text.HAL_ADC_ConfigChannel
                0x0000000008002a20      0x1f0 ./Drivers/STM32F1xx_HAL_Driver/Src/stm32f1xx_hal_adc.o
                0x0000000008002a20                HAL_ADC_ConfigChannel
 .text.ADC_Enable
                0x0000000008002c10       0xb4 ./Drivers/STM32F1xx_HAL_Driver/Src/stm32f1xx_hal_adc.o
                0x0000000008002c10                ADC_Enable
 .text.ADC_ConversionStop_Disable
                0x0000000008002cc4       0x82 ./Drivers/STM32F1xx_HAL_Driver/Src/stm32f1xx_hal_adc.o
                0x0000000008002cc4                ADC_ConversionStop_Disable
 .text.ADC_DMAConvCplt
                0x0000000008002d46       0x7c ./Drivers/STM32F1xx_HAL_Driver/Src/stm32f1xx_hal_adc.o
                0x0000000008002d46                ADC_DMAConvCplt
 .text.ADC_DMAHalfConvCplt
                0x0000000008002dc2       0x1c ./Drivers/STM32F1xx_HAL_Driver/Src/stm32f1xx_hal_adc.o
                0x0000000008002dc2                ADC_DMAHalfConvCplt
 .text.ADC_DMAError
                0x0000000008002dde       0x34 ./Drivers/STM32F1xx_HAL_Driver/Src/stm32f1xx_hal_adc.o
                0x0000000008002dde                ADC_DMAError
 *fill*         0x0000000008002e12        0x2 
 .text.__NVIC_SetPriorityGrouping
                0x0000000008002e14       0x48 ./Drivers/STM32F1xx_HAL_Driver/Src/stm32f1xx_hal_cortex.o
 .text.__NVIC_GetPriorityGrouping
                0x0000000008002e5c       0x1c ./Drivers/STM32F1xx_HAL_Driver/Src/stm32f1xx_hal_cortex.o
 .text.__NVIC_EnableIRQ
                0x0000000008002e78       0x38 ./Drivers/STM32F1xx_HAL_Driver/Src/stm32f1xx_hal_cortex.o
 .text.__NVIC_SetPriority
                0x0000000008002eb0       0x54 ./Drivers/STM32F1xx_HAL_Driver/Src/stm32f1xx_hal_cortex.o
 .text.NVIC_EncodePriority
                0x0000000008002f04       0x64 ./Drivers/STM32F1xx_HAL_Driver/Src/stm32f1xx_hal_cortex.o
 .text.SysTick_Config
                0x0000000008002f68       0x44 ./Drivers/STM32F1xx_HAL_Driver/Src/stm32f1xx_hal_cortex.o
 .text.HAL_NVIC_SetPriorityGrouping
                0x0000000008002fac       0x16 ./Drivers/STM32F1xx_HAL_Driver/Src/stm32f1xx_hal_cortex.o
                0x0000000008002fac                HAL_NVIC_SetPriorityGrouping
 .text.HAL_NVIC_SetPriority
                0x0000000008002fc2       0x38 ./Drivers/STM32F1xx_HAL_Driver/Src/stm32f1xx_hal_cortex.o
                0x0000000008002fc2                HAL_NVIC_SetPriority
 .text.HAL_NVIC_EnableIRQ
                0x0000000008002ffa       0x1c ./Drivers/STM32F1xx_HAL_Driver/Src/stm32f1xx_hal_cortex.o
                0x0000000008002ffa                HAL_NVIC_EnableIRQ
 .text.HAL_SYSTICK_Config
                0x0000000008003016       0x18 ./Drivers/STM32F1xx_HAL_Driver/Src/stm32f1xx_hal_cortex.o
                0x0000000008003016                HAL_SYSTICK_Config
 *fill*         0x000000000800302e        0x2 
 .text.HAL_DMA_Init
                0x0000000008003030       0xb4 ./Drivers/STM32F1xx_HAL_Driver/Src/stm32f1xx_hal_dma.o
                0x0000000008003030                HAL_DMA_Init
 .text.HAL_DMA_Start_IT
                0x00000000080030e4       0xbe ./Drivers/STM32F1xx_HAL_Driver/Src/stm32f1xx_hal_dma.o
                0x00000000080030e4                HAL_DMA_Start_IT
 .text.HAL_DMA_Abort
                0x00000000080031a2       0x74 ./Drivers/STM32F1xx_HAL_Driver/Src/stm32f1xx_hal_dma.o
                0x00000000080031a2                HAL_DMA_Abort
 *fill*         0x0000000008003216        0x2 
 .text.HAL_DMA_IRQHandler
                0x0000000008003218      0x20c ./Drivers/STM32F1xx_HAL_Driver/Src/stm32f1xx_hal_dma.o
                0x0000000008003218                HAL_DMA_IRQHandler
 .text.DMA_SetConfig
                0x0000000008003424       0x5a ./Drivers/STM32F1xx_HAL_Driver/Src/stm32f1xx_hal_dma.o
 *fill*         0x000000000800347e        0x2 
 .text.HAL_GPIO_Init
                0x0000000008003480      0x308 ./Drivers/STM32F1xx_HAL_Driver/Src/stm32f1xx_hal_gpio.o
                0x0000000008003480                HAL_GPIO_Init
 .text.HAL_GPIO_WritePin
                0x0000000008003788       0x30 ./Drivers/STM32F1xx_HAL_Driver/Src/stm32f1xx_hal_gpio.o
                0x0000000008003788                HAL_GPIO_WritePin
 .text.HAL_RCC_OscConfig
                0x00000000080037b8      0x504 ./Drivers/STM32F1xx_HAL_Driver/Src/stm32f1xx_hal_rcc.o
                0x00000000080037b8                HAL_RCC_OscConfig
 .text.HAL_RCC_ClockConfig
                0x0000000008003cbc      0x1d4 ./Drivers/STM32F1xx_HAL_Driver/Src/stm32f1xx_hal_rcc.o
                0x0000000008003cbc                HAL_RCC_ClockConfig
 .text.HAL_RCC_GetSysClockFreq
                0x0000000008003e90       0xbc ./Drivers/STM32F1xx_HAL_Driver/Src/stm32f1xx_hal_rcc.o
                0x0000000008003e90                HAL_RCC_GetSysClockFreq
 .text.RCC_Delay
                0x0000000008003f4c       0x3c ./Drivers/STM32F1xx_HAL_Driver/Src/stm32f1xx_hal_rcc.o
 .text.HAL_RCCEx_PeriphCLKConfig
                0x0000000008003f88      0x16c ./Drivers/STM32F1xx_HAL_Driver/Src/stm32f1xx_hal_rcc_ex.o
                0x0000000008003f88                HAL_RCCEx_PeriphCLKConfig
 .text.HAL_TIM_Base_Start_IT
                0x00000000080040f4       0xa4 ./Drivers/STM32F1xx_HAL_Driver/Src/stm32f1xx_hal_tim.o
                0x00000000080040f4                HAL_TIM_Base_Start_IT
 .text.HAL_TIM_PWM_Init
                0x0000000008004198       0x9e ./Drivers/STM32F1xx_HAL_Driver/Src/stm32f1xx_hal_tim.o
                0x0000000008004198                HAL_TIM_PWM_Init
 *fill*         0x0000000008004236        0x2 
 .text.HAL_TIM_PWM_Start_IT
                0x0000000008004238      0x1d0 ./Drivers/STM32F1xx_HAL_Driver/Src/stm32f1xx_hal_tim.o
                0x0000000008004238                HAL_TIM_PWM_Start_IT
 .text.HAL_TIM_Encoder_Init
                0x0000000008004408      0x144 ./Drivers/STM32F1xx_HAL_Driver/Src/stm32f1xx_hal_tim.o
                0x0000000008004408                HAL_TIM_Encoder_Init
 .text.HAL_TIM_Encoder_Start
                0x000000000800454c      0x11c ./Drivers/STM32F1xx_HAL_Driver/Src/stm32f1xx_hal_tim.o
                0x000000000800454c                HAL_TIM_Encoder_Start
 .text.HAL_TIM_Encoder_Start_IT
                0x0000000008004668      0x15c ./Drivers/STM32F1xx_HAL_Driver/Src/stm32f1xx_hal_tim.o
                0x0000000008004668                HAL_TIM_Encoder_Start_IT
 .text.HAL_TIM_IRQHandler
                0x00000000080047c4      0x210 ./Drivers/STM32F1xx_HAL_Driver/Src/stm32f1xx_hal_tim.o
                0x00000000080047c4                HAL_TIM_IRQHandler
 .text.HAL_TIM_PWM_ConfigChannel
                0x00000000080049d4      0x17c ./Drivers/STM32F1xx_HAL_Driver/Src/stm32f1xx_hal_tim.o
                0x00000000080049d4                HAL_TIM_PWM_ConfigChannel
 .text.HAL_TIM_PeriodElapsedCallback
                0x0000000008004b50       0x12 ./Drivers/STM32F1xx_HAL_Driver/Src/stm32f1xx_hal_tim.o
                0x0000000008004b50                HAL_TIM_PeriodElapsedCallback
 .text.HAL_TIM_OC_DelayElapsedCallback
                0x0000000008004b62       0x12 ./Drivers/STM32F1xx_HAL_Driver/Src/stm32f1xx_hal_tim.o
                0x0000000008004b62                HAL_TIM_OC_DelayElapsedCallback
 .text.HAL_TIM_IC_CaptureCallback
                0x0000000008004b74       0x12 ./Drivers/STM32F1xx_HAL_Driver/Src/stm32f1xx_hal_tim.o
                0x0000000008004b74                HAL_TIM_IC_CaptureCallback
 .text.HAL_TIM_PWM_PulseFinishedCallback
                0x0000000008004b86       0x12 ./Drivers/STM32F1xx_HAL_Driver/Src/stm32f1xx_hal_tim.o
                0x0000000008004b86                HAL_TIM_PWM_PulseFinishedCallback
 .text.HAL_TIM_TriggerCallback
                0x0000000008004b98       0x12 ./Drivers/STM32F1xx_HAL_Driver/Src/stm32f1xx_hal_tim.o
                0x0000000008004b98                HAL_TIM_TriggerCallback
 *fill*         0x0000000008004baa        0x2 
 .text.TIM_Base_SetConfig
                0x0000000008004bac       0xc4 ./Drivers/STM32F1xx_HAL_Driver/Src/stm32f1xx_hal_tim.o
                0x0000000008004bac                TIM_Base_SetConfig
 .text.TIM_OC1_SetConfig
                0x0000000008004c70       0xcc ./Drivers/STM32F1xx_HAL_Driver/Src/stm32f1xx_hal_tim.o
 .text.TIM_OC2_SetConfig
                0x0000000008004d3c       0xd4 ./Drivers/STM32F1xx_HAL_Driver/Src/stm32f1xx_hal_tim.o
                0x0000000008004d3c                TIM_OC2_SetConfig
 .text.TIM_OC3_SetConfig
                0x0000000008004e10       0xd4 ./Drivers/STM32F1xx_HAL_Driver/Src/stm32f1xx_hal_tim.o
 .text.TIM_OC4_SetConfig
                0x0000000008004ee4       0x9c ./Drivers/STM32F1xx_HAL_Driver/Src/stm32f1xx_hal_tim.o
 .text.TIM_CCxChannelCmd
                0x0000000008004f80       0x48 ./Drivers/STM32F1xx_HAL_Driver/Src/stm32f1xx_hal_tim.o
                0x0000000008004f80                TIM_CCxChannelCmd
 .text.HAL_TIMEx_MasterConfigSynchronization
                0x0000000008004fc8       0xbc ./Drivers/STM32F1xx_HAL_Driver/Src/stm32f1xx_hal_tim_ex.o
                0x0000000008004fc8                HAL_TIMEx_MasterConfigSynchronization
 .text.HAL_TIMEx_CommutCallback
                0x0000000008005084       0x12 ./Drivers/STM32F1xx_HAL_Driver/Src/stm32f1xx_hal_tim_ex.o
                0x0000000008005084                HAL_TIMEx_CommutCallback
 .text.HAL_TIMEx_BreakCallback
                0x0000000008005096       0x12 ./Drivers/STM32F1xx_HAL_Driver/Src/stm32f1xx_hal_tim_ex.o
                0x0000000008005096                HAL_TIMEx_BreakCallback
 .text.__libc_init_array
                0x00000000080050a8       0x48 c:/st/stm32cubeide_1.10.1/stm32cubeide/plugins/com.st.stm32cube.ide.mcu.externaltools.gnu-tools-for-stm32.10.3-2021.10.win32_1.0.0.202111181127/tools/bin/../lib/gcc/arm-none-eabi/10.3.1/../../../../arm-none-eabi/lib/thumb/v7-m/nofp\libc_nano.a(lib_a-init.o)
                0x00000000080050a8                __libc_init_array
 .text.memset   0x00000000080050f0       0x10 c:/st/stm32cubeide_1.10.1/stm32cubeide/plugins/com.st.stm32cube.ide.mcu.externaltools.gnu-tools-for-stm32.10.3-2021.10.win32_1.0.0.202111181127/tools/bin/../lib/gcc/arm-none-eabi/10.3.1/../../../../arm-none-eabi/lib/thumb/v7-m/nofp\libc_nano.a(lib_a-memset.o)
                0x00000000080050f0                memset
 *(.glue_7)
 .glue_7        0x0000000008005100        0x0 linker stubs
 *(.glue_7t)
 .glue_7t       0x0000000008005100        0x0 linker stubs
 *(.eh_frame)
 .eh_frame      0x0000000008005100        0x0 c:/st/stm32cubeide_1.10.1/stm32cubeide/plugins/com.st.stm32cube.ide.mcu.externaltools.gnu-tools-for-stm32.10.3-2021.10.win32_1.0.0.202111181127/tools/bin/../lib/gcc/arm-none-eabi/10.3.1/thumb/v7-m/nofp/crtbegin.o
 *(.init)
 .init          0x0000000008005100        0x4 c:/st/stm32cubeide_1.10.1/stm32cubeide/plugins/com.st.stm32cube.ide.mcu.externaltools.gnu-tools-for-stm32.10.3-2021.10.win32_1.0.0.202111181127/tools/bin/../lib/gcc/arm-none-eabi/10.3.1/thumb/v7-m/nofp/crti.o
                0x0000000008005100                _init
 .init          0x0000000008005104        0x8 c:/st/stm32cubeide_1.10.1/stm32cubeide/plugins/com.st.stm32cube.ide.mcu.externaltools.gnu-tools-for-stm32.10.3-2021.10.win32_1.0.0.202111181127/tools/bin/../lib/gcc/arm-none-eabi/10.3.1/thumb/v7-m/nofp/crtn.o
 *(.fini)
 .fini          0x000000000800510c        0x4 c:/st/stm32cubeide_1.10.1/stm32cubeide/plugins/com.st.stm32cube.ide.mcu.externaltools.gnu-tools-for-stm32.10.3-2021.10.win32_1.0.0.202111181127/tools/bin/../lib/gcc/arm-none-eabi/10.3.1/thumb/v7-m/nofp/crti.o
                0x000000000800510c                _fini
 .fini          0x0000000008005110        0x8 c:/st/stm32cubeide_1.10.1/stm32cubeide/plugins/com.st.stm32cube.ide.mcu.externaltools.gnu-tools-for-stm32.10.3-2021.10.win32_1.0.0.202111181127/tools/bin/../lib/gcc/arm-none-eabi/10.3.1/thumb/v7-m/nofp/crtn.o
                0x0000000008005118                . = ALIGN (0x4)
                0x0000000008005118                _etext = .

.vfp11_veneer   0x0000000008005118        0x0
 .vfp11_veneer  0x0000000008005118        0x0 linker stubs

.v4_bx          0x0000000008005118        0x0
 .v4_bx         0x0000000008005118        0x0 linker stubs

.iplt           0x0000000008005118        0x0
 .iplt          0x0000000008005118        0x0 c:/st/stm32cubeide_1.10.1/stm32cubeide/plugins/com.st.stm32cube.ide.mcu.externaltools.gnu-tools-for-stm32.10.3-2021.10.win32_1.0.0.202111181127/tools/bin/../lib/gcc/arm-none-eabi/10.3.1/thumb/v7-m/nofp/crtbegin.o

.rodata         0x0000000008005118       0x20
                0x0000000008005118                . = ALIGN (0x4)
 *(.rodata)
 .rodata        0x0000000008005118       0x10 ./Drivers/STM32F1xx_HAL_Driver/Src/stm32f1xx_hal_rcc.o
 *(.rodata*)
 .rodata.AHBPrescTable
                0x0000000008005128       0x10 ./Core/Src/system_stm32f1xx.o
                0x0000000008005128                AHBPrescTable
                0x0000000008005138                . = ALIGN (0x4)

.rel.dyn        0x0000000008005138        0x0
 .rel.iplt      0x0000000008005138        0x0 c:/st/stm32cubeide_1.10.1/stm32cubeide/plugins/com.st.stm32cube.ide.mcu.externaltools.gnu-tools-for-stm32.10.3-2021.10.win32_1.0.0.202111181127/tools/bin/../lib/gcc/arm-none-eabi/10.3.1/thumb/v7-m/nofp/crtbegin.o

.ARM.extab      0x0000000008005138        0x0
                0x0000000008005138                . = ALIGN (0x4)
 *(.ARM.extab* .gnu.linkonce.armextab.*)
                0x0000000008005138                . = ALIGN (0x4)

.ARM            0x0000000008005138        0x0
                0x0000000008005138                . = ALIGN (0x4)
                0x0000000008005138                __exidx_start = .
 *(.ARM.exidx*)
                0x0000000008005138                __exidx_end = .
                0x0000000008005138                . = ALIGN (0x4)

.preinit_array  0x0000000008005138        0x0
                0x0000000008005138                . = ALIGN (0x4)
                0x0000000008005138                PROVIDE (__preinit_array_start = .)
 *(.preinit_array*)
                0x0000000008005138                PROVIDE (__preinit_array_end = .)
                0x0000000008005138                . = ALIGN (0x4)

.init_array     0x0000000008005138        0x4
                0x0000000008005138                . = ALIGN (0x4)
                0x0000000008005138                PROVIDE (__init_array_start = .)
 *(SORT_BY_NAME(.init_array.*))
 *(.init_array*)
 .init_array    0x0000000008005138        0x4 c:/st/stm32cubeide_1.10.1/stm32cubeide/plugins/com.st.stm32cube.ide.mcu.externaltools.gnu-tools-for-stm32.10.3-2021.10.win32_1.0.0.202111181127/tools/bin/../lib/gcc/arm-none-eabi/10.3.1/thumb/v7-m/nofp/crtbegin.o
                0x000000000800513c                PROVIDE (__init_array_end = .)
                0x000000000800513c                . = ALIGN (0x4)

.fini_array     0x000000000800513c        0x4
                0x000000000800513c                . = ALIGN (0x4)
                [!provide]                        PROVIDE (__fini_array_start = .)
 *(SORT_BY_NAME(.fini_array.*))
 *(.fini_array*)
 .fini_array    0x000000000800513c        0x4 c:/st/stm32cubeide_1.10.1/stm32cubeide/plugins/com.st.stm32cube.ide.mcu.externaltools.gnu-tools-for-stm32.10.3-2021.10.win32_1.0.0.202111181127/tools/bin/../lib/gcc/arm-none-eabi/10.3.1/thumb/v7-m/nofp/crtbegin.o
                [!provide]                        PROVIDE (__fini_array_end = .)
                0x0000000008005140                . = ALIGN (0x4)
                0x0000000008005140                _sidata = LOADADDR (.data)

.data           0x0000000020000000       0x1c load address 0x0000000008005140
                0x0000000020000000                . = ALIGN (0x4)
                0x0000000020000000                _sdata = .
 *(.data)
 *(.data*)
 .data._err_measure
                0x0000000020000000        0x4 ./Core/Src/main.o
                0x0000000020000000                _err_measure
 .data._q       0x0000000020000004        0x4 ./Core/Src/main.o
                0x0000000020000004                _q
 .data._err_estimate.3
                0x0000000020000008        0x4 ./Core/Src/main.o
 .data._err_estimate.1
                0x000000002000000c        0x4 ./Core/Src/main.o
 .data.SystemCoreClock
                0x0000000020000010        0x4 ./Core/Src/system_stm32f1xx.o
                0x0000000020000010                SystemCoreClock
 .data.uwTickPrio
                0x0000000020000014        0x4 ./Drivers/STM32F1xx_HAL_Driver/Src/stm32f1xx_hal.o
                0x0000000020000014                uwTickPrio
 .data.uwTickFreq
                0x0000000020000018        0x1 ./Drivers/STM32F1xx_HAL_Driver/Src/stm32f1xx_hal.o
                0x0000000020000018                uwTickFreq
 *(.RamFunc)
 *(.RamFunc*)
                0x000000002000001c                . = ALIGN (0x4)
 *fill*         0x0000000020000019        0x3 
                0x000000002000001c                _edata = .

.igot.plt       0x000000002000001c        0x0 load address 0x000000000800515c
 .igot.plt      0x000000002000001c        0x0 c:/st/stm32cubeide_1.10.1/stm32cubeide/plugins/com.st.stm32cube.ide.mcu.externaltools.gnu-tools-for-stm32.10.3-2021.10.win32_1.0.0.202111181127/tools/bin/../lib/gcc/arm-none-eabi/10.3.1/thumb/v7-m/nofp/crtbegin.o
                0x000000002000001c                . = ALIGN (0x4)

.bss            0x000000002000001c      0x290 load address 0x000000000800515c
                0x000000002000001c                _sbss = .
                0x000000002000001c                __bss_start__ = _sbss
 *(.bss)
 .bss           0x000000002000001c       0x1c c:/st/stm32cubeide_1.10.1/stm32cubeide/plugins/com.st.stm32cube.ide.mcu.externaltools.gnu-tools-for-stm32.10.3-2021.10.win32_1.0.0.202111181127/tools/bin/../lib/gcc/arm-none-eabi/10.3.1/thumb/v7-m/nofp/crtbegin.o
 *(.bss*)
 .bss.hadc1     0x0000000020000038       0x30 ./Core/Src/adc.o
                0x0000000020000038                hadc1
 .bss.hdma_adc1
                0x0000000020000068       0x44 ./Core/Src/adc.o
                0x0000000020000068                hdma_adc1
 .bss.adcValBuf
                0x00000000200000ac        0x4 ./Core/Src/main.o
                0x00000000200000ac                adcValBuf
 .bss.adcFlag   0x00000000200000b0        0x1 ./Core/Src/main.o
                0x00000000200000b0                adcFlag
 *fill*         0x00000000200000b1        0x1 
 .bss.adcValueCh1
                0x00000000200000b2        0x2 ./Core/Src/main.o
                0x00000000200000b2                adcValueCh1
 .bss.adcValueCh2
                0x00000000200000b4        0x2 ./Core/Src/main.o
                0x00000000200000b4                adcValueCh2
 *fill*         0x00000000200000b6        0x2 
 .bss.cs1ADCValFilter
                0x00000000200000b8        0x4 ./Core/Src/main.o
                0x00000000200000b8                cs1ADCValFilter
 .bss.cs2ADCValFilter
                0x00000000200000bc        0x4 ./Core/Src/main.o
                0x00000000200000bc                cs2ADCValFilter
 .bss.cs1RealCur
                0x00000000200000c0        0x4 ./Core/Src/main.o
                0x00000000200000c0                cs1RealCur
 .bss.cs2RealCur
                0x00000000200000c4        0x4 ./Core/Src/main.o
                0x00000000200000c4                cs2RealCur
 .bss.enc1Value
                0x00000000200000c8        0x2 ./Core/Src/main.o
                0x00000000200000c8                enc1Value
 .bss.enc2Value
                0x00000000200000ca        0x2 ./Core/Src/main.o
                0x00000000200000ca                enc2Value
 .bss.pid_flag  0x00000000200000cc        0x4 ./Core/Src/main.o
                0x00000000200000cc                pid_flag
 .bss.enc1Val   0x00000000200000d0        0x4 ./Core/Src/main.o
                0x00000000200000d0                enc1Val
 .bss.resultEncValMot1
                0x00000000200000d4        0x4 ./Core/Src/main.o
                0x00000000200000d4                resultEncValMot1
 .bss.realVelMot1
                0x00000000200000d8        0x4 ./Core/Src/main.o
                0x00000000200000d8                realVelMot1
 .bss.pervTickMot1
                0x00000000200000dc        0x4 ./Core/Src/main.o
                0x00000000200000dc                pervTickMot1
 .bss.enc2Val   0x00000000200000e0        0x4 ./Core/Src/main.o
                0x00000000200000e0                enc2Val
 .bss.resultEncValMot2
                0x00000000200000e4        0x4 ./Core/Src/main.o
                0x00000000200000e4                resultEncValMot2
 .bss.realVelMot2
                0x00000000200000e8        0x4 ./Core/Src/main.o
                0x00000000200000e8                realVelMot2
 .bss.pervTickMot2
                0x00000000200000ec        0x4 ./Core/Src/main.o
                0x00000000200000ec                pervTickMot2
 .bss.angle_1   0x00000000200000f0        0x4 ./Core/Src/main.o
                0x00000000200000f0                angle_1
 .bss.angle_2   0x00000000200000f4        0x4 ./Core/Src/main.o
                0x00000000200000f4                angle_2
 .bss.cs1Voltage
                0x00000000200000f8        0x4 ./Core/Src/main.o
                0x00000000200000f8                cs1Voltage
 .bss.cs2Voltage
                0x00000000200000fc        0x4 ./Core/Src/main.o
                0x00000000200000fc                cs2Voltage
 .bss.cs1Current
                0x0000000020000100        0x4 ./Core/Src/main.o
                0x0000000020000100                cs1Current
 .bss.cs2Current
                0x0000000020000104        0x4 ./Core/Src/main.o
                0x0000000020000104                cs2Current
 .bss.count.11  0x0000000020000108        0x4 ./Core/Src/main.o
 .bss.buffer.10
                0x000000002000010c       0x28 ./Core/Src/main.o
 .bss.count.9   0x0000000020000134        0x4 ./Core/Src/main.o
 .bss.buffer.8  0x0000000020000138       0x28 ./Core/Src/main.o
 .bss.count.7   0x0000000020000160        0x4 ./Core/Src/main.o
 .bss.buffer.6  0x0000000020000164       0x28 ./Core/Src/main.o
 .bss.count.5   0x000000002000018c        0x4 ./Core/Src/main.o
 .bss.buffer.4  0x0000000020000190       0x28 ./Core/Src/main.o
 .bss._last_estimate.2
                0x00000000200001b8        0x4 ./Core/Src/main.o
 .bss._last_estimate.0
                0x00000000200001bc        0x4 ./Core/Src/main.o
 .bss.timed     0x00000000200001c0        0x2 ./Core/Src/stm32f1xx_it.o
                0x00000000200001c0                timed
 *fill*         0x00000000200001c2        0x2 
 .bss.deltVelMot1
                0x00000000200001c4        0x4 ./Core/Src/stm32f1xx_it.o
                0x00000000200001c4                deltVelMot1
 .bss.deltVelMot2
                0x00000000200001c8        0x4 ./Core/Src/stm32f1xx_it.o
                0x00000000200001c8                deltVelMot2
 .bss.encoderDirectionMot2
                0x00000000200001cc        0x1 ./Core/Src/stm32f1xx_it.o
                0x00000000200001cc                encoderDirectionMot2
 .bss.encoderDirectionMot1
                0x00000000200001cd        0x1 ./Core/Src/stm32f1xx_it.o
                0x00000000200001cd                encoderDirectionMot1
 *fill*         0x00000000200001ce        0x2 
 .bss.htim1     0x00000000200001d0       0x48 ./Core/Src/tim.o
                0x00000000200001d0                htim1
 .bss.htim2     0x0000000020000218       0x48 ./Core/Src/tim.o
                0x0000000020000218                htim2
 .bss.htim3     0x0000000020000260       0x48 ./Core/Src/tim.o
                0x0000000020000260                htim3
 .bss.uwTick    0x00000000200002a8        0x4 ./Drivers/STM32F1xx_HAL_Driver/Src/stm32f1xx_hal.o
                0x00000000200002a8                uwTick
 *(COMMON)
                0x00000000200002ac                . = ALIGN (0x4)
                0x00000000200002ac                _ebss = .
                0x00000000200002ac                __bss_end__ = _ebss

._user_heap_stack
                0x00000000200002ac      0x604 load address 0x000000000800515c
                0x00000000200002b0                . = ALIGN (0x8)
 *fill*         0x00000000200002ac        0x4 
                [!provide]                        PROVIDE (end = .)
                0x00000000200002b0                PROVIDE (_end = .)
                0x00000000200004b0                . = (. + _Min_Heap_Size)
 *fill*         0x00000000200002b0      0x200 
                0x00000000200008b0                . = (. + _Min_Stack_Size)
 *fill*         0x00000000200004b0      0x400 
                0x00000000200008b0                . = ALIGN (0x8)

/DISCARD/
 libc.a(*)
 libm.a(*)
 libgcc.a(*)

.ARM.attributes
                0x0000000000000000       0x29
 *(.ARM.attributes)
 .ARM.attributes
                0x0000000000000000       0x1d c:/st/stm32cubeide_1.10.1/stm32cubeide/plugins/com.st.stm32cube.ide.mcu.externaltools.gnu-tools-for-stm32.10.3-2021.10.win32_1.0.0.202111181127/tools/bin/../lib/gcc/arm-none-eabi/10.3.1/thumb/v7-m/nofp/crti.o
 .ARM.attributes
                0x000000000000001d       0x2d c:/st/stm32cubeide_1.10.1/stm32cubeide/plugins/com.st.stm32cube.ide.mcu.externaltools.gnu-tools-for-stm32.10.3-2021.10.win32_1.0.0.202111181127/tools/bin/../lib/gcc/arm-none-eabi/10.3.1/thumb/v7-m/nofp/crtbegin.o
 .ARM.attributes
                0x000000000000004a       0x2d ./Core/Src/adc.o
 .ARM.attributes
                0x0000000000000077       0x2d ./Core/Src/dma.o
 .ARM.attributes
                0x00000000000000a4       0x2d ./Core/Src/gpio.o
 .ARM.attributes
                0x00000000000000d1       0x2d ./Core/Src/main.o
 .ARM.attributes
                0x00000000000000fe       0x2d ./Core/Src/stm32f1xx_hal_msp.o
 .ARM.attributes
                0x000000000000012b       0x2d ./Core/Src/stm32f1xx_it.o
 .ARM.attributes
                0x0000000000000158       0x2d ./Core/Src/system_stm32f1xx.o
 .ARM.attributes
                0x0000000000000185       0x2d ./Core/Src/tim.o
 .ARM.attributes
                0x00000000000001b2       0x21 ./Core/Startup/startup_stm32f103c8tx.o
 .ARM.attributes
                0x00000000000001d3       0x2d ./Drivers/STM32F1xx_HAL_Driver/Src/stm32f1xx_hal.o
 .ARM.attributes
                0x0000000000000200       0x2d ./Drivers/STM32F1xx_HAL_Driver/Src/stm32f1xx_hal_adc.o
 .ARM.attributes
                0x000000000000022d       0x2d ./Drivers/STM32F1xx_HAL_Driver/Src/stm32f1xx_hal_cortex.o
 .ARM.attributes
                0x000000000000025a       0x2d ./Drivers/STM32F1xx_HAL_Driver/Src/stm32f1xx_hal_dma.o
 .ARM.attributes
                0x0000000000000287       0x2d ./Drivers/STM32F1xx_HAL_Driver/Src/stm32f1xx_hal_gpio.o
 .ARM.attributes
                0x00000000000002b4       0x2d ./Drivers/STM32F1xx_HAL_Driver/Src/stm32f1xx_hal_rcc.o
 .ARM.attributes
                0x00000000000002e1       0x2d ./Drivers/STM32F1xx_HAL_Driver/Src/stm32f1xx_hal_rcc_ex.o
 .ARM.attributes
                0x000000000000030e       0x2d ./Drivers/STM32F1xx_HAL_Driver/Src/stm32f1xx_hal_tim.o
 .ARM.attributes
                0x000000000000033b       0x2d ./Drivers/STM32F1xx_HAL_Driver/Src/stm32f1xx_hal_tim_ex.o
 .ARM.attributes
                0x0000000000000368       0x2d c:/st/stm32cubeide_1.10.1/stm32cubeide/plugins/com.st.stm32cube.ide.mcu.externaltools.gnu-tools-for-stm32.10.3-2021.10.win32_1.0.0.202111181127/tools/bin/../lib/gcc/arm-none-eabi/10.3.1/../../../../arm-none-eabi/lib/thumb/v7-m/nofp\libc_nano.a(lib_a-init.o)
 .ARM.attributes
                0x0000000000000395       0x2d c:/st/stm32cubeide_1.10.1/stm32cubeide/plugins/com.st.stm32cube.ide.mcu.externaltools.gnu-tools-for-stm32.10.3-2021.10.win32_1.0.0.202111181127/tools/bin/../lib/gcc/arm-none-eabi/10.3.1/../../../../arm-none-eabi/lib/thumb/v7-m/nofp\libc_nano.a(lib_a-memset.o)
 .ARM.attributes
                0x00000000000003c2       0x1d c:/st/stm32cubeide_1.10.1/stm32cubeide/plugins/com.st.stm32cube.ide.mcu.externaltools.gnu-tools-for-stm32.10.3-2021.10.win32_1.0.0.202111181127/tools/bin/../lib/gcc/arm-none-eabi/10.3.1/thumb/v7-m/nofp\libgcc.a(_arm_addsubdf3.o)
 .ARM.attributes
                0x00000000000003df       0x1d c:/st/stm32cubeide_1.10.1/stm32cubeide/plugins/com.st.stm32cube.ide.mcu.externaltools.gnu-tools-for-stm32.10.3-2021.10.win32_1.0.0.202111181127/tools/bin/../lib/gcc/arm-none-eabi/10.3.1/thumb/v7-m/nofp\libgcc.a(_arm_muldivdf3.o)
 .ARM.attributes
                0x00000000000003fc       0x1d c:/st/stm32cubeide_1.10.1/stm32cubeide/plugins/com.st.stm32cube.ide.mcu.externaltools.gnu-tools-for-stm32.10.3-2021.10.win32_1.0.0.202111181127/tools/bin/../lib/gcc/arm-none-eabi/10.3.1/thumb/v7-m/nofp\libgcc.a(_arm_fixdfsi.o)
 .ARM.attributes
                0x0000000000000419       0x1d c:/st/stm32cubeide_1.10.1/stm32cubeide/plugins/com.st.stm32cube.ide.mcu.externaltools.gnu-tools-for-stm32.10.3-2021.10.win32_1.0.0.202111181127/tools/bin/../lib/gcc/arm-none-eabi/10.3.1/thumb/v7-m/nofp\libgcc.a(_arm_truncdfsf2.o)
 .ARM.attributes
                0x0000000000000436       0x1d c:/st/stm32cubeide_1.10.1/stm32cubeide/plugins/com.st.stm32cube.ide.mcu.externaltools.gnu-tools-for-stm32.10.3-2021.10.win32_1.0.0.202111181127/tools/bin/../lib/gcc/arm-none-eabi/10.3.1/thumb/v7-m/nofp\libgcc.a(_arm_addsubsf3.o)
 .ARM.attributes
                0x0000000000000453       0x1d c:/st/stm32cubeide_1.10.1/stm32cubeide/plugins/com.st.stm32cube.ide.mcu.externaltools.gnu-tools-for-stm32.10.3-2021.10.win32_1.0.0.202111181127/tools/bin/../lib/gcc/arm-none-eabi/10.3.1/thumb/v7-m/nofp\libgcc.a(_arm_muldivsf3.o)
 .ARM.attributes
                0x0000000000000470       0x1d c:/st/stm32cubeide_1.10.1/stm32cubeide/plugins/com.st.stm32cube.ide.mcu.externaltools.gnu-tools-for-stm32.10.3-2021.10.win32_1.0.0.202111181127/tools/bin/../lib/gcc/arm-none-eabi/10.3.1/thumb/v7-m/nofp\libgcc.a(_arm_cmpsf2.o)
 .ARM.attributes
                0x000000000000048d       0x1d c:/st/stm32cubeide_1.10.1/stm32cubeide/plugins/com.st.stm32cube.ide.mcu.externaltools.gnu-tools-for-stm32.10.3-2021.10.win32_1.0.0.202111181127/tools/bin/../lib/gcc/arm-none-eabi/10.3.1/thumb/v7-m/nofp\libgcc.a(_arm_fixsfsi.o)
 .ARM.attributes
                0x00000000000004aa       0x1d c:/st/stm32cubeide_1.10.1/stm32cubeide/plugins/com.st.stm32cube.ide.mcu.externaltools.gnu-tools-for-stm32.10.3-2021.10.win32_1.0.0.202111181127/tools/bin/../lib/gcc/arm-none-eabi/10.3.1/thumb/v7-m/nofp/crtn.o
OUTPUT(F103C8T6_with_help.elf elf32-littlearm)
LOAD linker stubs
LOAD c:/st/stm32cubeide_1.10.1/stm32cubeide/plugins/com.st.stm32cube.ide.mcu.externaltools.gnu-tools-for-stm32.10.3-2021.10.win32_1.0.0.202111181127/tools/bin/../lib/gcc/arm-none-eabi/10.3.1/../../../../arm-none-eabi/lib/thumb/v7-m/nofp\libc.a
LOAD c:/st/stm32cubeide_1.10.1/stm32cubeide/plugins/com.st.stm32cube.ide.mcu.externaltools.gnu-tools-for-stm32.10.3-2021.10.win32_1.0.0.202111181127/tools/bin/../lib/gcc/arm-none-eabi/10.3.1/../../../../arm-none-eabi/lib/thumb/v7-m/nofp\libm.a
LOAD c:/st/stm32cubeide_1.10.1/stm32cubeide/plugins/com.st.stm32cube.ide.mcu.externaltools.gnu-tools-for-stm32.10.3-2021.10.win32_1.0.0.202111181127/tools/bin/../lib/gcc/arm-none-eabi/10.3.1/thumb/v7-m/nofp\libgcc.a

.debug_info     0x0000000000000000     0xba56
 .debug_info    0x0000000000000000      0x85f ./Core/Src/adc.o
 .debug_info    0x000000000000085f      0x2e6 ./Core/Src/dma.o
 .debug_info    0x0000000000000b45      0x2ee ./Core/Src/gpio.o
 .debug_info    0x0000000000000e33     0x1814 ./Core/Src/main.o
 .debug_info    0x0000000000002647      0x210 ./Core/Src/stm32f1xx_hal_msp.o
 .debug_info    0x0000000000002857      0x990 ./Core/Src/stm32f1xx_it.o
 .debug_info    0x00000000000031e7      0x23d ./Core/Src/system_stm32f1xx.o
 .debug_info    0x0000000000003424      0xe5e ./Core/Src/tim.o
 .debug_info    0x0000000000004282       0x22 ./Core/Startup/startup_stm32f103c8tx.o
 .debug_info    0x00000000000042a4      0x734 ./Drivers/STM32F1xx_HAL_Driver/Src/stm32f1xx_hal.o
 .debug_info    0x00000000000049d8      0xcd9 ./Drivers/STM32F1xx_HAL_Driver/Src/stm32f1xx_hal_adc.o
 .debug_info    0x00000000000056b1      0xb20 ./Drivers/STM32F1xx_HAL_Driver/Src/stm32f1xx_hal_cortex.o
 .debug_info    0x00000000000061d1      0x73f ./Drivers/STM32F1xx_HAL_Driver/Src/stm32f1xx_hal_dma.o
 .debug_info    0x0000000000006910      0x615 ./Drivers/STM32F1xx_HAL_Driver/Src/stm32f1xx_hal_gpio.o
 .debug_info    0x0000000000006f25      0x860 ./Drivers/STM32F1xx_HAL_Driver/Src/stm32f1xx_hal_rcc.o
 .debug_info    0x0000000000007785      0x3e0 ./Drivers/STM32F1xx_HAL_Driver/Src/stm32f1xx_hal_rcc_ex.o
 .debug_info    0x0000000000007b65     0x29de ./Drivers/STM32F1xx_HAL_Driver/Src/stm32f1xx_hal_tim.o
 .debug_info    0x000000000000a543     0x1513 ./Drivers/STM32F1xx_HAL_Driver/Src/stm32f1xx_hal_tim_ex.o

.debug_abbrev   0x0000000000000000     0x20d7
 .debug_abbrev  0x0000000000000000      0x1e1 ./Core/Src/adc.o
 .debug_abbrev  0x00000000000001e1       0xf8 ./Core/Src/dma.o
 .debug_abbrev  0x00000000000002d9      0x134 ./Core/Src/gpio.o
 .debug_abbrev  0x000000000000040d      0x2dd ./Core/Src/main.o
 .debug_abbrev  0x00000000000006ea       0xd4 ./Core/Src/stm32f1xx_hal_msp.o
 .debug_abbrev  0x00000000000007be      0x1c9 ./Core/Src/stm32f1xx_it.o
 .debug_abbrev  0x0000000000000987      0x13b ./Core/Src/system_stm32f1xx.o
 .debug_abbrev  0x0000000000000ac2      0x266 ./Core/Src/tim.o
 .debug_abbrev  0x0000000000000d28       0x12 ./Core/Startup/startup_stm32f103c8tx.o
 .debug_abbrev  0x0000000000000d3a      0x1fb ./Drivers/STM32F1xx_HAL_Driver/Src/stm32f1xx_hal.o
 .debug_abbrev  0x0000000000000f35      0x210 ./Drivers/STM32F1xx_HAL_Driver/Src/stm32f1xx_hal_adc.o
 .debug_abbrev  0x0000000000001145      0x2ed ./Drivers/STM32F1xx_HAL_Driver/Src/stm32f1xx_hal_cortex.o
 .debug_abbrev  0x0000000000001432      0x1fe ./Drivers/STM32F1xx_HAL_Driver/Src/stm32f1xx_hal_dma.o
 .debug_abbrev  0x0000000000001630      0x1bb ./Drivers/STM32F1xx_HAL_Driver/Src/stm32f1xx_hal_gpio.o
 .debug_abbrev  0x00000000000017eb      0x2a8 ./Drivers/STM32F1xx_HAL_Driver/Src/stm32f1xx_hal_rcc.o
 .debug_abbrev  0x0000000000001a93      0x182 ./Drivers/STM32F1xx_HAL_Driver/Src/stm32f1xx_hal_rcc_ex.o
 .debug_abbrev  0x0000000000001c15      0x25d ./Drivers/STM32F1xx_HAL_Driver/Src/stm32f1xx_hal_tim.o
 .debug_abbrev  0x0000000000001e72      0x265 ./Drivers/STM32F1xx_HAL_Driver/Src/stm32f1xx_hal_tim_ex.o

.debug_aranges  0x0000000000000000      0xbd8
 .debug_aranges
                0x0000000000000000       0x30 ./Core/Src/adc.o
 .debug_aranges
                0x0000000000000030       0x20 ./Core/Src/dma.o
 .debug_aranges
                0x0000000000000050       0x20 ./Core/Src/gpio.o
 .debug_aranges
                0x0000000000000070       0x78 ./Core/Src/main.o
 .debug_aranges
                0x00000000000000e8       0x20 ./Core/Src/stm32f1xx_hal_msp.o
 .debug_aranges
                0x0000000000000108       0x88 ./Core/Src/stm32f1xx_it.o
 .debug_aranges
                0x0000000000000190       0x28 ./Core/Src/system_stm32f1xx.o
 .debug_aranges
                0x00000000000001b8       0x58 ./Core/Src/tim.o
 .debug_aranges
                0x0000000000000210       0x28 ./Core/Startup/startup_stm32f103c8tx.o
 .debug_aranges
                0x0000000000000238       0xe0 ./Drivers/STM32F1xx_HAL_Driver/Src/stm32f1xx_hal.o
 .debug_aranges
                0x0000000000000318       0xf0 ./Drivers/STM32F1xx_HAL_Driver/Src/stm32f1xx_hal_adc.o
 .debug_aranges
                0x0000000000000408      0x100 ./Drivers/STM32F1xx_HAL_Driver/Src/stm32f1xx_hal_cortex.o
 .debug_aranges
                0x0000000000000508       0x80 ./Drivers/STM32F1xx_HAL_Driver/Src/stm32f1xx_hal_dma.o
 .debug_aranges
                0x0000000000000588       0x58 ./Drivers/STM32F1xx_HAL_Driver/Src/stm32f1xx_hal_gpio.o
 .debug_aranges
                0x00000000000005e0       0x90 ./Drivers/STM32F1xx_HAL_Driver/Src/stm32f1xx_hal_rcc.o
 .debug_aranges
                0x0000000000000670       0x30 ./Drivers/STM32F1xx_HAL_Driver/Src/stm32f1xx_hal_rcc_ex.o
 .debug_aranges
                0x00000000000006a0      0x3d0 ./Drivers/STM32F1xx_HAL_Driver/Src/stm32f1xx_hal_tim.o
 .debug_aranges
                0x0000000000000a70      0x168 ./Drivers/STM32F1xx_HAL_Driver/Src/stm32f1xx_hal_tim_ex.o

.debug_ranges   0x0000000000000000      0xac0
 .debug_ranges  0x0000000000000000       0x20 ./Core/Src/adc.o
 .debug_ranges  0x0000000000000020       0x10 ./Core/Src/dma.o
 .debug_ranges  0x0000000000000030       0x10 ./Core/Src/gpio.o
 .debug_ranges  0x0000000000000040       0x68 ./Core/Src/main.o
 .debug_ranges  0x00000000000000a8       0x10 ./Core/Src/stm32f1xx_hal_msp.o
 .debug_ranges  0x00000000000000b8       0x78 ./Core/Src/stm32f1xx_it.o
 .debug_ranges  0x0000000000000130       0x18 ./Core/Src/system_stm32f1xx.o
 .debug_ranges  0x0000000000000148       0x48 ./Core/Src/tim.o
 .debug_ranges  0x0000000000000190       0x20 ./Core/Startup/startup_stm32f103c8tx.o
 .debug_ranges  0x00000000000001b0       0xd0 ./Drivers/STM32F1xx_HAL_Driver/Src/stm32f1xx_hal.o
 .debug_ranges  0x0000000000000280       0xe0 ./Drivers/STM32F1xx_HAL_Driver/Src/stm32f1xx_hal_adc.o
 .debug_ranges  0x0000000000000360       0xf0 ./Drivers/STM32F1xx_HAL_Driver/Src/stm32f1xx_hal_cortex.o
 .debug_ranges  0x0000000000000450       0x70 ./Drivers/STM32F1xx_HAL_Driver/Src/stm32f1xx_hal_dma.o
 .debug_ranges  0x00000000000004c0       0x48 ./Drivers/STM32F1xx_HAL_Driver/Src/stm32f1xx_hal_gpio.o
 .debug_ranges  0x0000000000000508       0x80 ./Drivers/STM32F1xx_HAL_Driver/Src/stm32f1xx_hal_rcc.o
 .debug_ranges  0x0000000000000588       0x20 ./Drivers/STM32F1xx_HAL_Driver/Src/stm32f1xx_hal_rcc_ex.o
 .debug_ranges  0x00000000000005a8      0x3c0 ./Drivers/STM32F1xx_HAL_Driver/Src/stm32f1xx_hal_tim.o
 .debug_ranges  0x0000000000000968      0x158 ./Drivers/STM32F1xx_HAL_Driver/Src/stm32f1xx_hal_tim_ex.o

.debug_macro    0x0000000000000000    0x1834b
 .debug_macro   0x0000000000000000      0x1c6 ./Core/Src/adc.o
 .debug_macro   0x00000000000001c6      0xa6c ./Core/Src/adc.o
 .debug_macro   0x0000000000000c32      0x221 ./Core/Src/adc.o
 .debug_macro   0x0000000000000e53       0x2e ./Core/Src/adc.o
 .debug_macro   0x0000000000000e81       0x22 ./Core/Src/adc.o
 .debug_macro   0x0000000000000ea3       0x22 ./Core/Src/adc.o
 .debug_macro   0x0000000000000ec5       0x8e ./Core/Src/adc.o
 .debug_macro   0x0000000000000f53       0x51 ./Core/Src/adc.o
 .debug_macro   0x0000000000000fa4      0x103 ./Core/Src/adc.o
 .debug_macro   0x00000000000010a7       0x6a ./Core/Src/adc.o
 .debug_macro   0x0000000000001111      0x1df ./Core/Src/adc.o
 .debug_macro   0x00000000000012f0       0x1c ./Core/Src/adc.o
 .debug_macro   0x000000000000130c       0x22 ./Core/Src/adc.o
 .debug_macro   0x000000000000132e       0xbd ./Core/Src/adc.o
 .debug_macro   0x00000000000013eb      0xd23 ./Core/Src/adc.o
 .debug_macro   0x000000000000210e     0xe09e ./Core/Src/adc.o
 .debug_macro   0x00000000000101ac       0x6d ./Core/Src/adc.o
 .debug_macro   0x0000000000010219     0x3468 ./Core/Src/adc.o
 .debug_macro   0x0000000000013681      0x174 ./Core/Src/adc.o
 .debug_macro   0x00000000000137f5       0x5c ./Core/Src/adc.o
 .debug_macro   0x0000000000013851      0x5be ./Core/Src/adc.o
 .debug_macro   0x0000000000013e0f      0x289 ./Core/Src/adc.o
 .debug_macro   0x0000000000014098      0x1cb ./Core/Src/adc.o
 .debug_macro   0x0000000000014263      0x114 ./Core/Src/adc.o
 .debug_macro   0x0000000000014377      0x1b2 ./Core/Src/adc.o
 .debug_macro   0x0000000000014529       0x27 ./Core/Src/adc.o
 .debug_macro   0x0000000000014550      0x136 ./Core/Src/adc.o
 .debug_macro   0x0000000000014686      0x1bc ./Core/Src/adc.o
 .debug_macro   0x0000000000014842       0x34 ./Core/Src/adc.o
 .debug_macro   0x0000000000014876       0x3c ./Core/Src/adc.o
 .debug_macro   0x00000000000148b2       0x57 ./Core/Src/adc.o
 .debug_macro   0x0000000000014909      0x46a ./Core/Src/adc.o
 .debug_macro   0x0000000000014d73      0x1b5 ./Core/Src/adc.o
 .debug_macro   0x0000000000014f28       0x88 ./Core/Src/adc.o
 .debug_macro   0x0000000000014fb0      0x241 ./Core/Src/adc.o
 .debug_macro   0x00000000000151f1      0x141 ./Core/Src/adc.o
 .debug_macro   0x0000000000015332      0x8d1 ./Core/Src/adc.o
 .debug_macro   0x0000000000015c03       0x83 ./Core/Src/adc.o
 .debug_macro   0x0000000000015c86       0xb8 ./Core/Src/adc.o
 .debug_macro   0x0000000000015d3e      0x1c6 ./Core/Src/dma.o
 .debug_macro   0x0000000000015f04      0x1c6 ./Core/Src/gpio.o
 .debug_macro   0x00000000000160ca      0x299 ./Core/Src/main.o
 .debug_macro   0x0000000000016363       0x52 ./Core/Src/main.o
 .debug_macro   0x00000000000163b5       0x18 ./Core/Src/main.o
 .debug_macro   0x00000000000163cd       0x3c ./Core/Src/main.o
 .debug_macro   0x0000000000016409       0x34 ./Core/Src/main.o
 .debug_macro   0x000000000001643d       0x16 ./Core/Src/main.o
 .debug_macro   0x0000000000016453       0x43 ./Core/Src/main.o
 .debug_macro   0x0000000000016496       0x34 ./Core/Src/main.o
 .debug_macro   0x00000000000164ca       0x10 ./Core/Src/main.o
 .debug_macro   0x00000000000164da       0x58 ./Core/Src/main.o
 .debug_macro   0x0000000000016532       0x71 ./Core/Src/main.o
 .debug_macro   0x00000000000165a3       0x1c ./Core/Src/main.o
 .debug_macro   0x00000000000165bf      0x12a ./Core/Src/main.o
 .debug_macro   0x00000000000166e9      0x341 ./Core/Src/main.o
 .debug_macro   0x0000000000016a2a      0x19b ./Core/Src/main.o
 .debug_macro   0x0000000000016bc5      0x1bc ./Core/Src/stm32f1xx_hal_msp.o
 .debug_macro   0x0000000000016d81      0x283 ./Core/Src/stm32f1xx_it.o
 .debug_macro   0x0000000000017004      0x1ad ./Core/Src/system_stm32f1xx.o
 .debug_macro   0x00000000000171b1      0x1c6 ./Core/Src/tim.o
 .debug_macro   0x0000000000017377      0x1d1 ./Drivers/STM32F1xx_HAL_Driver/Src/stm32f1xx_hal.o
 .debug_macro   0x0000000000017548      0x1ca ./Drivers/STM32F1xx_HAL_Driver/Src/stm32f1xx_hal_adc.o
 .debug_macro   0x0000000000017712      0x1ad ./Drivers/STM32F1xx_HAL_Driver/Src/stm32f1xx_hal_cortex.o
 .debug_macro   0x00000000000178bf      0x1ad ./Drivers/STM32F1xx_HAL_Driver/Src/stm32f1xx_hal_dma.o
 .debug_macro   0x0000000000017a6c      0x218 ./Drivers/STM32F1xx_HAL_Driver/Src/stm32f1xx_hal_gpio.o
 .debug_macro   0x0000000000017c84      0x1bf ./Drivers/STM32F1xx_HAL_Driver/Src/stm32f1xx_hal_rcc.o
 .debug_macro   0x0000000000017e43      0x1ad ./Drivers/STM32F1xx_HAL_Driver/Src/stm32f1xx_hal_rcc_ex.o
 .debug_macro   0x0000000000017ff0      0x1ae ./Drivers/STM32F1xx_HAL_Driver/Src/stm32f1xx_hal_tim.o
 .debug_macro   0x000000000001819e      0x1ad ./Drivers/STM32F1xx_HAL_Driver/Src/stm32f1xx_hal_tim_ex.o

.debug_line     0x0000000000000000     0xe024
 .debug_line    0x0000000000000000      0x72c ./Core/Src/adc.o
 .debug_line    0x000000000000072c      0x686 ./Core/Src/dma.o
 .debug_line    0x0000000000000db2      0x6a7 ./Core/Src/gpio.o
 .debug_line    0x0000000000001459      0xf1c ./Core/Src/main.o
 .debug_line    0x0000000000002375      0x68b ./Core/Src/stm32f1xx_hal_msp.o
 .debug_line    0x0000000000002a00      0x992 ./Core/Src/stm32f1xx_it.o
 .debug_line    0x0000000000003392      0x70d ./Core/Src/system_stm32f1xx.o
 .debug_line    0x0000000000003a9f      0x86e ./Core/Src/tim.o
 .debug_line    0x000000000000430d       0x87 ./Core/Startup/startup_stm32f103c8tx.o
 .debug_line    0x0000000000004394      0x93a ./Drivers/STM32F1xx_HAL_Driver/Src/stm32f1xx_hal.o
 .debug_line    0x0000000000004cce      0xfb1 ./Drivers/STM32F1xx_HAL_Driver/Src/stm32f1xx_hal_adc.o
 .debug_line    0x0000000000005c7f      0xb22 ./Drivers/STM32F1xx_HAL_Driver/Src/stm32f1xx_hal_cortex.o
 .debug_line    0x00000000000067a1      0xd92 ./Drivers/STM32F1xx_HAL_Driver/Src/stm32f1xx_hal_dma.o
 .debug_line    0x0000000000007533      0x9d1 ./Drivers/STM32F1xx_HAL_Driver/Src/stm32f1xx_hal_gpio.o
 .debug_line    0x0000000000007f04      0xd48 ./Drivers/STM32F1xx_HAL_Driver/Src/stm32f1xx_hal_rcc.o
 .debug_line    0x0000000000008c4c      0x886 ./Drivers/STM32F1xx_HAL_Driver/Src/stm32f1xx_hal_rcc_ex.o
 .debug_line    0x00000000000094d2     0x32f0 ./Drivers/STM32F1xx_HAL_Driver/Src/stm32f1xx_hal_tim.o
 .debug_line    0x000000000000c7c2     0x1862 ./Drivers/STM32F1xx_HAL_Driver/Src/stm32f1xx_hal_tim_ex.o

.debug_str      0x0000000000000000    0x8ce4b
 .debug_str     0x0000000000000000    0x86380 ./Core/Src/adc.o
                                      0x86727 (size before relaxing)
 .debug_str     0x0000000000086380      0x2bf ./Core/Src/dma.o
                                      0x865ba (size before relaxing)
 .debug_str     0x000000000008663f       0x68 ./Core/Src/gpio.o
                                      0x8635c (size before relaxing)
 .debug_str     0x00000000000866a7     0x3f9d ./Core/Src/main.o
                                      0x8a6a0 (size before relaxing)
 .debug_str     0x000000000008a644       0x5a ./Core/Src/stm32f1xx_hal_msp.o
                                      0x862e4 (size before relaxing)
 .debug_str     0x000000000008a69e      0x20f ./Core/Src/stm32f1xx_it.o
                                      0x89fb4 (size before relaxing)
 .debug_str     0x000000000008a8ad       0xd0 ./Core/Src/system_stm32f1xx.o
                                      0x86114 (size before relaxing)
 .debug_str     0x000000000008a97d      0x259 ./Core/Src/tim.o
                                      0x86dd3 (size before relaxing)
 .debug_str     0x000000000008abd6       0x36 ./Core/Startup/startup_stm32f103c8tx.o
                                         0x88 (size before relaxing)
 .debug_str     0x000000000008ac0c      0x38e ./Drivers/STM32F1xx_HAL_Driver/Src/stm32f1xx_hal.o
                                      0x86847 (size before relaxing)
 .debug_str     0x000000000008af9a      0x37b ./Drivers/STM32F1xx_HAL_Driver/Src/stm32f1xx_hal_adc.o
                                      0x867f1 (size before relaxing)
 .debug_str     0x000000000008b315      0x28a ./Drivers/STM32F1xx_HAL_Driver/Src/stm32f1xx_hal_cortex.o
                                      0x86793 (size before relaxing)
 .debug_str     0x000000000008b59f      0x1e7 ./Drivers/STM32F1xx_HAL_Driver/Src/stm32f1xx_hal_dma.o
                                      0x864bd (size before relaxing)
 .debug_str     0x000000000008b786      0x2e1 ./Drivers/STM32F1xx_HAL_Driver/Src/stm32f1xx_hal_gpio.o
                                      0x8649a (size before relaxing)
 .debug_str     0x000000000008ba67      0x229 ./Drivers/STM32F1xx_HAL_Driver/Src/stm32f1xx_hal_rcc.o
                                      0x86543 (size before relaxing)
 .debug_str     0x000000000008bc90       0x84 ./Drivers/STM32F1xx_HAL_Driver/Src/stm32f1xx_hal_rcc_ex.o
                                      0x86293 (size before relaxing)
 .debug_str     0x000000000008bd14      0xca4 ./Drivers/STM32F1xx_HAL_Driver/Src/stm32f1xx_hal_tim.o
                                      0x8752e (size before relaxing)
 .debug_str     0x000000000008c9b8      0x493 ./Drivers/STM32F1xx_HAL_Driver/Src/stm32f1xx_hal_tim_ex.o
                                      0x86d4a (size before relaxing)

.comment        0x0000000000000000       0x50
 .comment       0x0000000000000000       0x50 ./Core/Src/adc.o
                                         0x51 (size before relaxing)
 .comment       0x0000000000000050       0x51 ./Core/Src/dma.o
 .comment       0x0000000000000050       0x51 ./Core/Src/gpio.o
 .comment       0x0000000000000050       0x51 ./Core/Src/main.o
 .comment       0x0000000000000050       0x51 ./Core/Src/stm32f1xx_hal_msp.o
 .comment       0x0000000000000050       0x51 ./Core/Src/stm32f1xx_it.o
 .comment       0x0000000000000050       0x51 ./Core/Src/system_stm32f1xx.o
 .comment       0x0000000000000050       0x51 ./Core/Src/tim.o
 .comment       0x0000000000000050       0x51 ./Drivers/STM32F1xx_HAL_Driver/Src/stm32f1xx_hal.o
 .comment       0x0000000000000050       0x51 ./Drivers/STM32F1xx_HAL_Driver/Src/stm32f1xx_hal_adc.o
 .comment       0x0000000000000050       0x51 ./Drivers/STM32F1xx_HAL_Driver/Src/stm32f1xx_hal_cortex.o
 .comment       0x0000000000000050       0x51 ./Drivers/STM32F1xx_HAL_Driver/Src/stm32f1xx_hal_dma.o
 .comment       0x0000000000000050       0x51 ./Drivers/STM32F1xx_HAL_Driver/Src/stm32f1xx_hal_gpio.o
 .comment       0x0000000000000050       0x51 ./Drivers/STM32F1xx_HAL_Driver/Src/stm32f1xx_hal_rcc.o
 .comment       0x0000000000000050       0x51 ./Drivers/STM32F1xx_HAL_Driver/Src/stm32f1xx_hal_rcc_ex.o
 .comment       0x0000000000000050       0x51 ./Drivers/STM32F1xx_HAL_Driver/Src/stm32f1xx_hal_tim.o
 .comment       0x0000000000000050       0x51 ./Drivers/STM32F1xx_HAL_Driver/Src/stm32f1xx_hal_tim_ex.o

.debug_frame    0x0000000000000000     0x325c
 .debug_frame   0x0000000000000000       0x7c ./Core/Src/adc.o
 .debug_frame   0x000000000000007c       0x34 ./Core/Src/dma.o
 .debug_frame   0x00000000000000b0       0x34 ./Core/Src/gpio.o
 .debug_frame   0x00000000000000e4      0x1d4 ./Core/Src/main.o
 .debug_frame   0x00000000000002b8       0x38 ./Core/Src/stm32f1xx_hal_msp.o
 .debug_frame   0x00000000000002f0      0x198 ./Core/Src/stm32f1xx_it.o
 .debug_frame   0x0000000000000488       0x58 ./Core/Src/system_stm32f1xx.o
 .debug_frame   0x00000000000004e0      0x130 ./Core/Src/tim.o
 .debug_frame   0x0000000000000610      0x334 ./Drivers/STM32F1xx_HAL_Driver/Src/stm32f1xx_hal.o
 .debug_frame   0x0000000000000944      0x40c ./Drivers/STM32F1xx_HAL_Driver/Src/stm32f1xx_hal_adc.o
 .debug_frame   0x0000000000000d50      0x428 ./Drivers/STM32F1xx_HAL_Driver/Src/stm32f1xx_hal_cortex.o
 .debug_frame   0x0000000000001178      0x208 ./Drivers/STM32F1xx_HAL_Driver/Src/stm32f1xx_hal_dma.o
 .debug_frame   0x0000000000001380      0x14c ./Drivers/STM32F1xx_HAL_Driver/Src/stm32f1xx_hal_gpio.o
 .debug_frame   0x00000000000014cc      0x21c ./Drivers/STM32F1xx_HAL_Driver/Src/stm32f1xx_hal_rcc.o
 .debug_frame   0x00000000000016e8       0x84 ./Drivers/STM32F1xx_HAL_Driver/Src/stm32f1xx_hal_rcc_ex.o
 .debug_frame   0x000000000000176c     0x11b8 ./Drivers/STM32F1xx_HAL_Driver/Src/stm32f1xx_hal_tim.o
 .debug_frame   0x0000000000002924      0x638 ./Drivers/STM32F1xx_HAL_Driver/Src/stm32f1xx_hal_tim_ex.o
 .debug_frame   0x0000000000002f5c       0x2c c:/st/stm32cubeide_1.10.1/stm32cubeide/plugins/com.st.stm32cube.ide.mcu.externaltools.gnu-tools-for-stm32.10.3-2021.10.win32_1.0.0.202111181127/tools/bin/../lib/gcc/arm-none-eabi/10.3.1/../../../../arm-none-eabi/lib/thumb/v7-m/nofp\libc_nano.a(lib_a-init.o)
 .debug_frame   0x0000000000002f88       0x20 c:/st/stm32cubeide_1.10.1/stm32cubeide/plugins/com.st.stm32cube.ide.mcu.externaltools.gnu-tools-for-stm32.10.3-2021.10.win32_1.0.0.202111181127/tools/bin/../lib/gcc/arm-none-eabi/10.3.1/../../../../arm-none-eabi/lib/thumb/v7-m/nofp\libc_nano.a(lib_a-memset.o)
 .debug_frame   0x0000000000002fa8       0xac c:/st/stm32cubeide_1.10.1/stm32cubeide/plugins/com.st.stm32cube.ide.mcu.externaltools.gnu-tools-for-stm32.10.3-2021.10.win32_1.0.0.202111181127/tools/bin/../lib/gcc/arm-none-eabi/10.3.1/thumb/v7-m/nofp\libgcc.a(_arm_addsubdf3.o)
 .debug_frame   0x0000000000003054       0x50 c:/st/stm32cubeide_1.10.1/stm32cubeide/plugins/com.st.stm32cube.ide.mcu.externaltools.gnu-tools-for-stm32.10.3-2021.10.win32_1.0.0.202111181127/tools/bin/../lib/gcc/arm-none-eabi/10.3.1/thumb/v7-m/nofp\libgcc.a(_arm_muldivdf3.o)
 .debug_frame   0x00000000000030a4       0x24 c:/st/stm32cubeide_1.10.1/stm32cubeide/plugins/com.st.stm32cube.ide.mcu.externaltools.gnu-tools-for-stm32.10.3-2021.10.win32_1.0.0.202111181127/tools/bin/../lib/gcc/arm-none-eabi/10.3.1/thumb/v7-m/nofp\libgcc.a(_arm_fixdfsi.o)
 .debug_frame   0x00000000000030c8       0x24 c:/st/stm32cubeide_1.10.1/stm32cubeide/plugins/com.st.stm32cube.ide.mcu.externaltools.gnu-tools-for-stm32.10.3-2021.10.win32_1.0.0.202111181127/tools/bin/../lib/gcc/arm-none-eabi/10.3.1/thumb/v7-m/nofp\libgcc.a(_arm_truncdfsf2.o)
 .debug_frame   0x00000000000030ec       0x4c c:/st/stm32cubeide_1.10.1/stm32cubeide/plugins/com.st.stm32cube.ide.mcu.externaltools.gnu-tools-for-stm32.10.3-2021.10.win32_1.0.0.202111181127/tools/bin/../lib/gcc/arm-none-eabi/10.3.1/thumb/v7-m/nofp\libgcc.a(_arm_addsubsf3.o)
 .debug_frame   0x0000000000003138       0x38 c:/st/stm32cubeide_1.10.1/stm32cubeide/plugins/com.st.stm32cube.ide.mcu.externaltools.gnu-tools-for-stm32.10.3-2021.10.win32_1.0.0.202111181127/tools/bin/../lib/gcc/arm-none-eabi/10.3.1/thumb/v7-m/nofp\libgcc.a(_arm_muldivsf3.o)
 .debug_frame   0x0000000000003170       0xc8 c:/st/stm32cubeide_1.10.1/stm32cubeide/plugins/com.st.stm32cube.ide.mcu.externaltools.gnu-tools-for-stm32.10.3-2021.10.win32_1.0.0.202111181127/tools/bin/../lib/gcc/arm-none-eabi/10.3.1/thumb/v7-m/nofp\libgcc.a(_arm_cmpsf2.o)
 .debug_frame   0x0000000000003238       0x24 c:/st/stm32cubeide_1.10.1/stm32cubeide/plugins/com.st.stm32cube.ide.mcu.externaltools.gnu-tools-for-stm32.10.3-2021.10.win32_1.0.0.202111181127/tools/bin/../lib/gcc/arm-none-eabi/10.3.1/thumb/v7-m/nofp\libgcc.a(_arm_fixsfsi.o)
