Archive member included to satisfy reference by file (symbol)

c:/st/stm32cubeide_1.10.1/stm32cubeide/plugins/com.st.stm32cube.ide.mcu.externaltools.gnu-tools-for-stm32.10.3-2021.10.win32_1.0.0.202111181127/tools/bin/../lib/gcc/arm-none-eabi/10.3.1/../../../../arm-none-eabi/lib/thumb/v7-m/nofp\libc_nano.a(lib_a-errno.o)
                              ./Core/Src/syscalls.o (__errno)
c:/st/stm32cubeide_1.10.1/stm32cubeide/plugins/com.st.stm32cube.ide.mcu.externaltools.gnu-tools-for-stm32.10.3-2021.10.win32_1.0.0.202111181127/tools/bin/../lib/gcc/arm-none-eabi/10.3.1/../../../../arm-none-eabi/lib/thumb/v7-m/nofp\libc_nano.a(lib_a-exit.o)
                              c:/st/stm32cubeide_1.10.1/stm32cubeide/plugins/com.st.stm32cube.ide.mcu.externaltools.gnu-tools-for-stm32.10.3-2021.10.win32_1.0.0.202111181127/tools/bin/../lib/gcc/arm-none-eabi/10.3.1/../../../../arm-none-eabi/lib/thumb/v7-m/nofp/crt0.o (exit)
c:/st/stm32cubeide_1.10.1/stm32cubeide/plugins/com.st.stm32cube.ide.mcu.externaltools.gnu-tools-for-stm32.10.3-2021.10.win32_1.0.0.202111181127/tools/bin/../lib/gcc/arm-none-eabi/10.3.1/../../../../arm-none-eabi/lib/thumb/v7-m/nofp\libc_nano.a(lib_a-impure.o)
                              c:/st/stm32cubeide_1.10.1/stm32cubeide/plugins/com.st.stm32cube.ide.mcu.externaltools.gnu-tools-for-stm32.10.3-2021.10.win32_1.0.0.202111181127/tools/bin/../lib/gcc/arm-none-eabi/10.3.1/../../../../arm-none-eabi/lib/thumb/v7-m/nofp\libc_nano.a(lib_a-exit.o) (_global_impure_ptr)
c:/st/stm32cubeide_1.10.1/stm32cubeide/plugins/com.st.stm32cube.ide.mcu.externaltools.gnu-tools-for-stm32.10.3-2021.10.win32_1.0.0.202111181127/tools/bin/../lib/gcc/arm-none-eabi/10.3.1/../../../../arm-none-eabi/lib/thumb/v7-m/nofp\libc_nano.a(lib_a-init.o)
                              c:/st/stm32cubeide_1.10.1/stm32cubeide/plugins/com.st.stm32cube.ide.mcu.externaltools.gnu-tools-for-stm32.10.3-2021.10.win32_1.0.0.202111181127/tools/bin/../lib/gcc/arm-none-eabi/10.3.1/../../../../arm-none-eabi/lib/thumb/v7-m/nofp/crt0.o (__libc_init_array)
c:/st/stm32cubeide_1.10.1/stm32cubeide/plugins/com.st.stm32cube.ide.mcu.externaltools.gnu-tools-for-stm32.10.3-2021.10.win32_1.0.0.202111181127/tools/bin/../lib/gcc/arm-none-eabi/10.3.1/../../../../arm-none-eabi/lib/thumb/v7-m/nofp\libc_nano.a(lib_a-memset.o)
                              c:/st/stm32cubeide_1.10.1/stm32cubeide/plugins/com.st.stm32cube.ide.mcu.externaltools.gnu-tools-for-stm32.10.3-2021.10.win32_1.0.0.202111181127/tools/bin/../lib/gcc/arm-none-eabi/10.3.1/../../../../arm-none-eabi/lib/thumb/v7-m/nofp/crt0.o (memset)
c:/st/stm32cubeide_1.10.1/stm32cubeide/plugins/com.st.stm32cube.ide.mcu.externaltools.gnu-tools-for-stm32.10.3-2021.10.win32_1.0.0.202111181127/tools/bin/../lib/gcc/arm-none-eabi/10.3.1/../../../../arm-none-eabi/lib/thumb/v7-m/nofp\libm.a(lib_a-s_round.o)
                              ./Core/Src/main.o (round)
c:/st/stm32cubeide_1.10.1/stm32cubeide/plugins/com.st.stm32cube.ide.mcu.externaltools.gnu-tools-for-stm32.10.3-2021.10.win32_1.0.0.202111181127/tools/bin/../lib/gcc/arm-none-eabi/10.3.1/thumb/v7-m/nofp\libgcc.a(_arm_muldf3.o)
                              ./Core/Src/main.o (__aeabi_dmul)
c:/st/stm32cubeide_1.10.1/stm32cubeide/plugins/com.st.stm32cube.ide.mcu.externaltools.gnu-tools-for-stm32.10.3-2021.10.win32_1.0.0.202111181127/tools/bin/../lib/gcc/arm-none-eabi/10.3.1/thumb/v7-m/nofp\libgcc.a(_arm_mulsf3.o)
                              ./Core/Src/main.o (__aeabi_fmul)
c:/st/stm32cubeide_1.10.1/stm32cubeide/plugins/com.st.stm32cube.ide.mcu.externaltools.gnu-tools-for-stm32.10.3-2021.10.win32_1.0.0.202111181127/tools/bin/../lib/gcc/arm-none-eabi/10.3.1/thumb/v7-m/nofp\libgcc.a(_arm_addsubdf3.o)
                              ./Core/Src/main.o (__aeabi_dsub)
c:/st/stm32cubeide_1.10.1/stm32cubeide/plugins/com.st.stm32cube.ide.mcu.externaltools.gnu-tools-for-stm32.10.3-2021.10.win32_1.0.0.202111181127/tools/bin/../lib/gcc/arm-none-eabi/10.3.1/thumb/v7-m/nofp\libgcc.a(_arm_muldivdf3.o)
                              ./Core/Src/main.o (__aeabi_ddiv)
c:/st/stm32cubeide_1.10.1/stm32cubeide/plugins/com.st.stm32cube.ide.mcu.externaltools.gnu-tools-for-stm32.10.3-2021.10.win32_1.0.0.202111181127/tools/bin/../lib/gcc/arm-none-eabi/10.3.1/thumb/v7-m/nofp\libgcc.a(_arm_fixdfsi.o)
                              ./Core/Src/main.o (__aeabi_d2iz)
c:/st/stm32cubeide_1.10.1/stm32cubeide/plugins/com.st.stm32cube.ide.mcu.externaltools.gnu-tools-for-stm32.10.3-2021.10.win32_1.0.0.202111181127/tools/bin/../lib/gcc/arm-none-eabi/10.3.1/thumb/v7-m/nofp\libgcc.a(_arm_truncdfsf2.o)
                              ./Core/Src/main.o (__aeabi_d2f)
c:/st/stm32cubeide_1.10.1/stm32cubeide/plugins/com.st.stm32cube.ide.mcu.externaltools.gnu-tools-for-stm32.10.3-2021.10.win32_1.0.0.202111181127/tools/bin/../lib/gcc/arm-none-eabi/10.3.1/thumb/v7-m/nofp\libgcc.a(_arm_addsubsf3.o)
                              ./Core/Src/main.o (__aeabi_fsub)
[...]
Memory Configuration

Name             Origin             Length             Attributes
RAM              0x0000000020000000 0x0000000000005000 xrw
FLASH            0x0000000008000000 0x0000000000010000 xr
*default*        0x0000000000000000 0xffffffffffffffff

Linker script and memory map

LOAD c:/st/stm32cubeide_1.10.1/stm32cubeide/plugins/com.st.stm32cube.ide.mcu.externaltools.gnu-tools-for-stm32.10.3-2021.10.win32_1.0.0.202111181127/tools/bin/../lib/gcc/arm-none-eabi/10.3.1/thumb/v7-m/nofp/crti.o
LOAD c:/st/stm32cubeide_1.10.1/stm32cubeide/plugins/com.st.stm32cube.ide.mcu.externaltools.gnu-tools-for-stm32.10.3-2021.10.win32_1.0.0.202111181127/tools/bin/../lib/gcc/arm-none-eabi/10.3.1/thumb/v7-m/nofp/crtbegin.o
LOAD c:/st/stm32cubeide_1.10.1/stm32cubeide/plugins/com.st.stm32cube.ide.mcu.externaltools.gnu-tools-for-stm32.10.3-2021.10.win32_1.0.0.202111181127/tools/bin/../lib/gcc/arm-none-eabi/10.3.1/../../../../arm-none-eabi/lib/thumb/v7-m/nofp/crt0.o
LOAD ./Core/Src/adc.o
LOAD ./Core/Src/dma.o
LOAD ./Core/Src/gpio.o
LOAD ./Core/Src/main.o
LOAD ./Core/Src/spi.o
LOAD ./Core/Src/stm32f1xx_hal_msp.o
LOAD ./Core/Src/stm32f1xx_it.o
LOAD ./Core/Src/syscalls.o
LOAD ./Core/Src/sysmem.o
LOAD ./Core/Src/system_stm32f1xx.o
LOAD ./Core/Src/tim.o
LOAD ./Core/Startup/startup_stm32f103c8tx.o
LOAD ./Drivers/STM32F1xx_HAL_Driver/Src/stm32f1xx_hal.o
LOAD ./Drivers/STM32F1xx_HAL_Driver/Src/stm32f1xx_hal_adc.o
LOAD ./Drivers/STM32F1xx_HAL_Driver/Src/stm32f1xx_hal_adc_ex.o
LOAD ./Drivers/STM32F1xx_HAL_Driver/Src/stm32f1xx_hal_cortex.o
LOAD ./Drivers/STM32F1xx_HAL_Driver/Src/stm32f1xx_hal_dma.o
LOAD ./Drivers/STM32F1xx_HAL_Driver/Src/stm32f1xx_hal_exti.o
LOAD ./Drivers/STM32F1xx_HAL_Driver/Src/stm32f1xx_hal_flash.o
LOAD ./Drivers/STM32F1xx_HAL_Driver/Src/stm32f1xx_hal_flash_ex.o
LOAD ./Drivers/STM32F1xx_HAL_Driver/Src/stm32f1xx_hal_gpio.o
LOAD ./Drivers/STM32F1xx_HAL_Driver/Src/stm32f1xx_hal_gpio_ex.o
LOAD ./Drivers/STM32F1xx_HAL_Driver/Src/stm32f1xx_hal_pwr.o
LOAD ./Drivers/STM32F1xx_HAL_Driver/Src/stm32f1xx_hal_rcc.o
LOAD ./Drivers/STM32F1xx_HAL_Driver/Src/stm32f1xx_hal_rcc_ex.o
LOAD ./Drivers/STM32F1xx_HAL_Driver/Src/stm32f1xx_hal_spi.o
LOAD ./Drivers/STM32F1xx_HAL_Driver/Src/stm32f1xx_hal_tim.o
LOAD ./Drivers/STM32F1xx_HAL_Driver/Src/stm32f1xx_hal_tim_ex.o
START GROUP
LOAD c:/st/stm32cubeide_1.10.1/stm32cubeide/plugins/com.st.stm32cube.ide.mcu.externaltools.gnu-tools-for-stm32.10.3-2021.10.win32_1.0.0.202111181127/tools/bin/../lib/gcc/arm-none-eabi/10.3.1/../../../../arm-none-eabi/lib/thumb/v7-m/nofp\libc_nano.a
LOAD c:/st/stm32cubeide_1.10.1/stm32cubeide/plugins/com.st.stm32cube.ide.mcu.externaltools.gnu-tools-for-stm32.10.3-2021.10.win32_1.0.0.202111181127/tools/bin/../lib/gcc/arm-none-eabi/10.3.1/../../../../arm-none-eabi/lib/thumb/v7-m/nofp\libm.a
END GROUP
START GROUP
LOAD c:/st/stm32cubeide_1.10.1/stm32cubeide/plugins/com.st.stm32cube.ide.mcu.externaltools.gnu-tools-for-stm32.10.3-2021.10.win32_1.0.0.202111181127/tools/bin/../lib/gcc/arm-none-eabi/10.3.1/thumb/v7-m/nofp\libgcc.a
LOAD c:/st/stm32cubeide_1.10.1/stm32cubeide/plugins/com.st.stm32cube.ide.mcu.externaltools.gnu-tools-for-stm32.10.3-2021.10.win32_1.0.0.202111181127/tools/bin/../lib/gcc/arm-none-eabi/10.3.1/../../../../arm-none-eabi/lib/thumb/v7-m/nofp\libc_nano.a
END GROUP
START GROUP
LOAD c:/st/stm32cubeide_1.10.1/stm32cubeide/plugins/com.st.stm32cube.ide.mcu.externaltools.gnu-tools-for-stm32.10.3-2021.10.win32_1.0.0.202111181127/tools/bin/../lib/gcc/arm-none-eabi/10.3.1/thumb/v7-m/nofp\libgcc.a
LOAD c:/st/stm32cubeide_1.10.1/stm32cubeide/plugins/com.st.stm32cube.ide.mcu.externaltools.gnu-tools-for-stm32.10.3-2021.10.win32_1.0.0.202111181127/tools/bin/../lib/gcc/arm-none-eabi/10.3.1/../../../../arm-none-eabi/lib/thumb/v7-m/nofp\libc_nano.a
LOAD c:/st/stm32cubeide_1.10.1/stm32cubeide/plugins/com.st.stm32cube.ide.mcu.externaltools.gnu-tools-for-stm32.10.3-2021.10.win32_1.0.0.202111181127/tools/bin/../lib/gcc/arm-none-eabi/10.3.1/../../../../arm-none-eabi/lib/thumb/v7-m/nofp\libnosys.a
END GROUP
START GROUP
LOAD c:/st/stm32cubeide_1.10.1/stm32cubeide/plugins/com.st.stm32cube.ide.mcu.externaltools.gnu-tools-for-stm32.10.3-2021.10.win32_1.0.0.202111181127/tools/bin/../lib/gcc/arm-none-eabi/10.3.1/thumb/v7-m/nofp\libgcc.a
LOAD c:/st/stm32cubeide_1.10.1/stm32cubeide/plugins/com.st.stm32cube.ide.mcu.externaltools.gnu-tools-for-stm32.10.3-2021.10.win32_1.0.0.202111181127/tools/bin/../lib/gcc/arm-none-eabi/10.3.1/../../../../arm-none-eabi/lib/thumb/v7-m/nofp\libc_nano.a
LOAD c:/st/stm32cubeide_1.10.1/stm32cubeide/plugins/com.st.stm32cube.ide.mcu.externaltools.gnu-tools-for-stm32.10.3-2021.10.win32_1.0.0.202111181127/tools/bin/../lib/gcc/arm-none-eabi/10.3.1/../../../../arm-none-eabi/lib/thumb/v7-m/nofp\libnosys.a
END GROUP
LOAD c:/st/stm32cubeide_1.10.1/stm32cubeide/plugins/com.st.stm32cube.ide.mcu.externaltools.gnu-tools-for-stm32.10.3-2021.10.win32_1.0.0.202111181127/tools/bin/../lib/gcc/arm-none-eabi/10.3.1/thumb/v7-m/nofp/crtend.o
LOAD c:/st/stm32cubeide_1.10.1/stm32cubeide/plugins/com.st.stm32cube.ide.mcu.externaltools.gnu-tools-for-stm32.10.3-2021.10.win32_1.0.0.202111181127/tools/bin/../lib/gcc/arm-none-eabi/10.3.1/thumb/v7-m/nofp/crtn.o
                0x0000000020005000                _estack = (ORIGIN (RAM) + LENGTH (RAM))
                0x0000000000000200                _Min_Heap_Size = 0x200
                0x0000000000000400                _Min_Stack_Size = 0x400

.isr_vector     0x0000000008000000      0x10c
                0x0000000008000000                . = ALIGN (0x4)
 *(.isr_vector)
 .isr_vector    0x0000000008000000      0x10c ./Core/Startup/startup_stm32f103c8tx.o
                0x0000000008000000                g_pfnVectors
                0x000000000800010c                . = ALIGN (0x4)

.text           0x0000000008000110     0x6544
                0x0000000008000110                . = ALIGN (0x4)
 *(.text)
 .text          0x0000000008000110       0x40 c:/st/stm32cubeide_1.10.1/stm32cubeide/plugins/com.st.stm32cube.ide.mcu.externaltools.gnu-tools-for-stm32.10.3-2021.10.win32_1.0.0.202111181127/tools/bin/../lib/gcc/arm-none-eabi/10.3.1/thumb/v7-m/nofp/crtbegin.o
 .text          0x0000000008000150      0x378 c:/st/stm32cubeide_1.10.1/stm32cubeide/plugins/com.st.stm32cube.ide.mcu.externaltools.gnu-tools-for-stm32.10.3-2021.10.win32_1.0.0.202111181127/tools/bin/../lib/gcc/arm-none-eabi/10.3.1/thumb/v7-m/nofp\libgcc.a(_arm_addsubdf3.o)
                0x0000000008000150                __aeabi_drsub
                0x0000000008000158                __aeabi_dsub
                0x0000000008000158                __subdf3
                0x000000000800015c                __aeabi_dadd
                0x000000000800015c                __adddf3
                0x00000000080003d4                __floatunsidf
                0x00000000080003d4                __aeabi_ui2d
                0x00000000080003f4                __floatsidf
                0x00000000080003f4                __aeabi_i2d
                0x0000000008000418                __aeabi_f2d
                0x0000000008000418                __extendsfdf2
                0x000000000800045c                __floatundidf
                0x000000000800045c                __aeabi_ul2d
                0x000000000800046c                __floatdidf
                0x000000000800046c                __aeabi_l2d
 .text          0x00000000080004c8      0x424 c:/st/stm32cubeide_1.10.1/stm32cubeide/plugins/com.st.stm32cube.ide.mcu.externaltools.gnu-tools-for-stm32.10.3-2021.10.win32_1.0.0.202111181127/tools/bin/../lib/gcc/arm-none-eabi/10.3.1/thumb/v7-m/nofp\libgcc.a(_arm_muldivdf3.o)
                0x00000000080004c8                __aeabi_dmul
                0x00000000080004c8                __muldf3
                0x000000000800071c                __divdf3
                0x000000000800071c                __aeabi_ddiv
 .text          0x00000000080008ec       0xa0 c:/st/stm32cubeide_1.10.1/stm32cubeide/plugins/com.st.stm32cube.ide.mcu.externaltools.gnu-tools-for-stm32.10.3-2021.10.win32_1.0.0.202111181127/tools/bin/../lib/gcc/arm-none-eabi/10.3.1/thumb/v7-m/nofp\libgcc.a(_arm_truncdfsf2.o)
                0x00000000080008ec                __truncdfsf2
                0x00000000080008ec                __aeabi_d2f
 .text          0x000000000800098c      0x21c c:/st/stm32cubeide_1.10.1/stm32cubeide/plugins/com.st.stm32cube.ide.mcu.externaltools.gnu-tools-for-stm32.10.3-2021.10.win32_1.0.0.202111181127/tools/bin/../lib/gcc/arm-none-eabi/10.3.1/thumb/v7-m/nofp\libgcc.a(_arm_addsubsf3.o)
                0x000000000800098c                __aeabi_frsub
                0x0000000008000994                __subsf3
                0x0000000008000994                __aeabi_fsub
                0x0000000008000998                __aeabi_fadd
                0x0000000008000998                __addsf3
                0x0000000008000af8                __aeabi_ui2f
                0x0000000008000af8                __floatunsisf
                0x0000000008000b00                __aeabi_i2f
                0x0000000008000b00                __floatsisf
                0x0000000008000b1c                __aeabi_ul2f
                0x0000000008000b1c                __floatundisf
                0x0000000008000b2c                __aeabi_l2f
                0x0000000008000b2c                __floatdisf
 .text          0x0000000008000ba8      0x2a0 c:/st/stm32cubeide_1.10.1/stm32cubeide/plugins/com.st.stm32cube.ide.mcu.externaltools.gnu-tools-for-stm32.10.3-2021.10.win32_1.0.0.202111181127/tools/bin/../lib/gcc/arm-none-eabi/10.3.1/thumb/v7-m/nofp\libgcc.a(_arm_muldivsf3.o)
                0x0000000008000ba8                __mulsf3
                0x0000000008000ba8                __aeabi_fmul
                0x0000000008000d10                __aeabi_fdiv
                0x0000000008000d10                __divsf3
 .text          0x0000000008000e48       0xec c:/st/stm32cubeide_1.10.1/stm32cubeide/plugins/com.st.stm32cube.ide.mcu.externaltools.gnu-tools-for-stm32.10.3-2021.10.win32_1.0.0.202111181127/tools/bin/../lib/gcc/arm-none-eabi/10.3.1/thumb/v7-m/nofp\libgcc.a(_arm_cmpsf2.o)
                0x0000000008000e48                __gesf2
                0x0000000008000e48                __gtsf2
                0x0000000008000e50                __lesf2
                0x0000000008000e50                __ltsf2
                0x0000000008000e58                __nesf2
                0x0000000008000e58                __eqsf2
                0x0000000008000e58                __cmpsf2
                0x0000000008000eb8                __aeabi_cfrcmple
                0x0000000008000ec0                __aeabi_cfcmpeq
                0x0000000008000ec0                __aeabi_cfcmple
                0x0000000008000ed0                __aeabi_fcmpeq
                0x0000000008000ee4                __aeabi_fcmplt
                0x0000000008000ef8                __aeabi_fcmple
                0x0000000008000f0c                __aeabi_fcmpge
                0x0000000008000f20                __aeabi_fcmpgt
 .text          0x0000000008000f34       0x4c c:/st/stm32cubeide_1.10.1/stm32cubeide/plugins/com.st.stm32cube.ide.mcu.externaltools.gnu-tools-for-stm32.10.3-2021.10.win32_1.0.0.202111181127/tools/bin/../lib/gcc/arm-none-eabi/10.3.1/thumb/v7-m/nofp\libgcc.a(_arm_fixsfsi.o)
                0x0000000008000f34                __aeabi_f2iz
                0x0000000008000f34                __fixsfsi
 .text          0x0000000008000f80       0x40 c:/st/stm32cubeide_1.10.1/stm32cubeide/plugins/com.st.stm32cube.ide.mcu.externaltools.gnu-tools-for-stm32.10.3-2021.10.win32_1.0.0.202111181127/tools/bin/../lib/gcc/arm-none-eabi/10.3.1/thumb/v7-m/nofp\libgcc.a(_arm_fixunssfsi.o)
                0x0000000008000f80                __fixunssfsi
                0x0000000008000f80                __aeabi_f2uiz
 *(.text*)
 .text.MX_ADC1_Init
                0x0000000008000fc0       0x9c ./Core/Src/adc.o
                0x0000000008000fc0                MX_ADC1_Init
 .text.HAL_ADC_MspInit
                0x000000000800105c       0xd4 ./Core/Src/adc.o
                0x000000000800105c                HAL_ADC_MspInit
 .text.MX_DMA_Init
                0x0000000008001130       0x3c ./Core/Src/dma.o
                0x0000000008001130                MX_DMA_Init
 .text.MX_GPIO_Init
                0x000000000800116c       0xd8 ./Core/Src/gpio.o
                0x000000000800116c                MX_GPIO_Init
 *fill*         0x0000000008001244        0x4 
 .text.pid      0x0000000008001248      0x2c0 ./Core/Src/main.o
                0x0000000008001248                pid
 .text.main     0x0000000008001508      0x228 ./Core/Src/main.o
                0x0000000008001508                main
 .text.SystemClock_Config
                0x0000000008001730       0xb6 ./Core/Src/main.o
                0x0000000008001730                SystemClock_Config
 *fill*         0x00000000080017e6        0x2 
 .text.currentSearch
                0x00000000080017e8      0x128 ./Core/Src/main.o
                0x00000000080017e8                currentSearch
 .text.Median_ADC_CS1
                0x0000000008001910      0x160 ./Core/Src/main.o
                0x0000000008001910                Median_ADC_CS1
 .text.Median_ADC_CS2
                0x0000000008001a70      0x160 ./Core/Src/main.o
                0x0000000008001a70                Median_ADC_CS2
 .text.Median_Cur_CS1
                0x0000000008001bd0      0x154 ./Core/Src/main.o
                0x0000000008001bd0                Median_Cur_CS1
 .text.Median_Cur_CS2
                0x0000000008001d24      0x154 ./Core/Src/main.o
                0x0000000008001d24                Median_Cur_CS2
 .text.simpleKalman1
                0x0000000008001e78      0x108 ./Core/Src/main.o
                0x0000000008001e78                simpleKalman1
 .text.simpleKalman2
                0x0000000008001f80      0x108 ./Core/Src/main.o
                0x0000000008001f80                simpleKalman2
 .text.Error_Handler
                0x0000000008002088        0xa ./Core/Src/main.o
                0x0000000008002088                Error_Handler
 *fill*         0x0000000008002092        0x2 
 .text.MX_SPI2_Init
                0x0000000008002094       0x68 ./Core/Src/spi.o
                0x0000000008002094                MX_SPI2_Init
 .text.HAL_SPI_MspInit
                0x00000000080020fc       0xa8 ./Core/Src/spi.o
                0x00000000080020fc                HAL_SPI_MspInit
 .text.HAL_MspInit
                0x00000000080021a4       0x64 ./Core/Src/stm32f1xx_hal_msp.o
                0x00000000080021a4                HAL_MspInit
 .text.moving_average_1
                0x0000000008002208       0x84 ./Core/Src/stm32f1xx_it.o
                0x0000000008002208                moving_average_1
 .text.moving_average_2
                0x000000000800228c       0x84 ./Core/Src/stm32f1xx_it.o
                0x000000000800228c                moving_average_2
 .text.NMI_Handler
                0x0000000008002310        0x6 ./Core/Src/stm32f1xx_it.o
                0x0000000008002310                NMI_Handler
 .text.HardFault_Handler
                0x0000000008002316        0x6 ./Core/Src/stm32f1xx_it.o
                0x0000000008002316                HardFault_Handler
 .text.MemManage_Handler
                0x000000000800231c        0x6 ./Core/Src/stm32f1xx_it.o
                0x000000000800231c                MemManage_Handler
 .text.BusFault_Handler
                0x0000000008002322        0x6 ./Core/Src/stm32f1xx_it.o
                0x0000000008002322                BusFault_Handler
 .text.UsageFault_Handler
                0x0000000008002328        0x6 ./Core/Src/stm32f1xx_it.o
                0x0000000008002328                UsageFault_Handler
 .text.SVC_Handler
                0x000000000800232e        0xc ./Core/Src/stm32f1xx_it.o
                0x000000000800232e                SVC_Handler
 .text.DebugMon_Handler
                0x000000000800233a        0xc ./Core/Src/stm32f1xx_it.o
                0x000000000800233a                DebugMon_Handler
 .text.PendSV_Handler
                0x0000000008002346        0xc ./Core/Src/stm32f1xx_it.o
                0x0000000008002346                PendSV_Handler
 .text.SysTick_Handler
                0x0000000008002352        0xc ./Core/Src/stm32f1xx_it.o
                0x0000000008002352                SysTick_Handler
 *fill*         0x000000000800235e        0x2 
 .text.DMA1_Channel1_IRQHandler
                0x0000000008002360       0x1c ./Core/Src/stm32f1xx_it.o
                0x0000000008002360                DMA1_Channel1_IRQHandler
 .text.TIM1_UP_IRQHandler
                0x000000000800237c       0x58 ./Core/Src/stm32f1xx_it.o
                0x000000000800237c                TIM1_UP_IRQHandler
 .text.TIM2_IRQHandler
                0x00000000080023d4       0x58 ./Core/Src/stm32f1xx_it.o
                0x00000000080023d4                TIM2_IRQHandler
 *fill*         0x000000000800242c        0x4 
 .text.TIM3_IRQHandler
                0x0000000008002430      0x1d0 ./Core/Src/stm32f1xx_it.o
                0x0000000008002430                TIM3_IRQHandler
 .text.TIM4_IRQHandler
                0x0000000008002600       0x4c ./Core/Src/stm32f1xx_it.o
                0x0000000008002600                TIM4_IRQHandler
 .text.SPI2_IRQHandler
                0x000000000800264c       0x50 ./Core/Src/stm32f1xx_it.o
                0x000000000800264c                SPI2_IRQHandler
 .text.SystemInit
                0x000000000800269c        0xc ./Core/Src/system_stm32f1xx.o
                0x000000000800269c                SystemInit
 .text.MX_TIM1_Init
                0x00000000080026a8       0xb0 ./Core/Src/tim.o
                0x00000000080026a8                MX_TIM1_Init
 .text.MX_TIM2_Init
                0x0000000008002758       0xa8 ./Core/Src/tim.o
                0x0000000008002758                MX_TIM2_Init
 .text.MX_TIM3_Init
                0x0000000008002800       0xc8 ./Core/Src/tim.o
                0x0000000008002800                MX_TIM3_Init
 .text.MX_TIM4_Init
                0x00000000080028c8       0x9c ./Core/Src/tim.o
                0x00000000080028c8                MX_TIM4_Init
 .text.HAL_TIM_Encoder_MspInit
                0x0000000008002964      0x150 ./Core/Src/tim.o
                0x0000000008002964                HAL_TIM_Encoder_MspInit
 .text.HAL_TIM_PWM_MspInit
                0x0000000008002ab4       0x4c ./Core/Src/tim.o
                0x0000000008002ab4                HAL_TIM_PWM_MspInit
 .text.HAL_TIM_Base_MspInit
                0x0000000008002b00       0x4c ./Core/Src/tim.o
                0x0000000008002b00                HAL_TIM_Base_MspInit
 .text.HAL_TIM_MspPostInit
                0x0000000008002b4c       0x64 ./Core/Src/tim.o
                0x0000000008002b4c                HAL_TIM_MspPostInit
 .text.Reset_Handler
                0x0000000008002bb0       0x48 ./Core/Startup/startup_stm32f103c8tx.o
                0x0000000008002bb0                Reset_Handler
 .text.Default_Handler
                0x0000000008002bf8        0x2 ./Core/Startup/startup_stm32f103c8tx.o
                0x0000000008002bf8                RTC_Alarm_IRQHandler
                0x0000000008002bf8                EXTI2_IRQHandler
                0x0000000008002bf8                TIM1_CC_IRQHandler
                0x0000000008002bf8                PVD_IRQHandler
                0x0000000008002bf8                EXTI3_IRQHandler
                0x0000000008002bf8                EXTI0_IRQHandler
                0x0000000008002bf8                I2C2_EV_IRQHandler
                0x0000000008002bf8                ADC1_2_IRQHandler
                0x0000000008002bf8                SPI1_IRQHandler
                0x0000000008002bf8                TAMPER_IRQHandler
                0x0000000008002bf8                DMA1_Channel4_IRQHandler
                0x0000000008002bf8                USART3_IRQHandler
                0x0000000008002bf8                RTC_IRQHandler
                0x0000000008002bf8                DMA1_Channel7_IRQHandler
                0x0000000008002bf8                CAN1_RX1_IRQHandler
                0x0000000008002bf8                I2C1_EV_IRQHandler
                0x0000000008002bf8                DMA1_Channel6_IRQHandler
                0x0000000008002bf8                RCC_IRQHandler
                0x0000000008002bf8                TIM1_TRG_COM_IRQHandler
                0x0000000008002bf8                Default_Handler
                0x0000000008002bf8                EXTI15_10_IRQHandler
                0x0000000008002bf8                EXTI9_5_IRQHandler
                0x0000000008002bf8                DMA1_Channel5_IRQHandler
                0x0000000008002bf8                EXTI4_IRQHandler
                0x0000000008002bf8                USB_LP_CAN1_RX0_IRQHandler
                0x0000000008002bf8                USB_HP_CAN1_TX_IRQHandler
                0x0000000008002bf8                DMA1_Channel3_IRQHandler
                0x0000000008002bf8                WWDG_IRQHandler
                0x0000000008002bf8                TIM1_BRK_IRQHandler
                0x0000000008002bf8                EXTI1_IRQHandler
                0x0000000008002bf8                USART2_IRQHandler
                0x0000000008002bf8                I2C2_ER_IRQHandler
                0x0000000008002bf8                DMA1_Channel2_IRQHandler
                0x0000000008002bf8                CAN1_SCE_IRQHandler
                0x0000000008002bf8                FLASH_IRQHandler
                0x0000000008002bf8                USART1_IRQHandler
                0x0000000008002bf8                I2C1_ER_IRQHandler
                0x0000000008002bf8                USBWakeUp_IRQHandler
 *fill*         0x0000000008002bfa        0x2 
 .text.HAL_Init
                0x0000000008002bfc       0x2c ./Drivers/STM32F1xx_HAL_Driver/Src/stm32f1xx_hal.o
                0x0000000008002bfc                HAL_Init
 .text.HAL_InitTick
                0x0000000008002c28       0x60 ./Drivers/STM32F1xx_HAL_Driver/Src/stm32f1xx_hal.o
                0x0000000008002c28                HAL_InitTick
 .text.HAL_IncTick
                0x0000000008002c88       0x24 ./Drivers/STM32F1xx_HAL_Driver/Src/stm32f1xx_hal.o
                0x0000000008002c88                HAL_IncTick
 .text.HAL_GetTick
                0x0000000008002cac       0x14 ./Drivers/STM32F1xx_HAL_Driver/Src/stm32f1xx_hal.o
                0x0000000008002cac                HAL_GetTick
 .text.HAL_ADC_Init
                0x0000000008002cc0      0x1b0 ./Drivers/STM32F1xx_HAL_Driver/Src/stm32f1xx_hal_adc.o
                0x0000000008002cc0                HAL_ADC_Init
 .text.HAL_ADC_Start_DMA
                0x0000000008002e70      0x1bc ./Drivers/STM32F1xx_HAL_Driver/Src/stm32f1xx_hal_adc.o
                0x0000000008002e70                HAL_ADC_Start_DMA
 .text.HAL_ADC_Stop_DMA
                0x000000000800302c       0x96 ./Drivers/STM32F1xx_HAL_Driver/Src/stm32f1xx_hal_adc.o
                0x000000000800302c                HAL_ADC_Stop_DMA
 .text.HAL_ADC_ConvCpltCallback
                0x00000000080030c2       0x12 ./Drivers/STM32F1xx_HAL_Driver/Src/stm32f1xx_hal_adc.o
                0x00000000080030c2                HAL_ADC_ConvCpltCallback
 .text.HAL_ADC_ConvHalfCpltCallback
                0x00000000080030d4       0x12 ./Drivers/STM32F1xx_HAL_Driver/Src/stm32f1xx_hal_adc.o
                0x00000000080030d4                HAL_ADC_ConvHalfCpltCallback
 .text.HAL_ADC_ErrorCallback
                0x00000000080030e6       0x12 ./Drivers/STM32F1xx_HAL_Driver/Src/stm32f1xx_hal_adc.o
                0x00000000080030e6                HAL_ADC_ErrorCallback
 .text.HAL_ADC_ConfigChannel
                0x00000000080030f8      0x1f0 ./Drivers/STM32F1xx_HAL_Driver/Src/stm32f1xx_hal_adc.o
                0x00000000080030f8                HAL_ADC_ConfigChannel
 .text.ADC_Enable
                0x00000000080032e8       0xb4 ./Drivers/STM32F1xx_HAL_Driver/Src/stm32f1xx_hal_adc.o
                0x00000000080032e8                ADC_Enable
 .text.ADC_ConversionStop_Disable
                0x000000000800339c       0x82 ./Drivers/STM32F1xx_HAL_Driver/Src/stm32f1xx_hal_adc.o
                0x000000000800339c                ADC_ConversionStop_Disable
 .text.ADC_DMAConvCplt
                0x000000000800341e       0x7c ./Drivers/STM32F1xx_HAL_Driver/Src/stm32f1xx_hal_adc.o
                0x000000000800341e                ADC_DMAConvCplt
 .text.ADC_DMAHalfConvCplt
                0x000000000800349a       0x1c ./Drivers/STM32F1xx_HAL_Driver/Src/stm32f1xx_hal_adc.o
                0x000000000800349a                ADC_DMAHalfConvCplt
 .text.ADC_DMAError
                0x00000000080034b6       0x34 ./Drivers/STM32F1xx_HAL_Driver/Src/stm32f1xx_hal_adc.o
                0x00000000080034b6                ADC_DMAError
 *fill*         0x00000000080034ea        0x2 
 .text.__NVIC_SetPriorityGrouping
                0x00000000080034ec       0x48 ./Drivers/STM32F1xx_HAL_Driver/Src/stm32f1xx_hal_cortex.o
 .text.__NVIC_GetPriorityGrouping
                0x0000000008003534       0x1c ./Drivers/STM32F1xx_HAL_Driver/Src/stm32f1xx_hal_cortex.o
 .text.__NVIC_EnableIRQ
                0x0000000008003550       0x38 ./Drivers/STM32F1xx_HAL_Driver/Src/stm32f1xx_hal_cortex.o
 .text.__NVIC_SetPriority
                0x0000000008003588       0x54 ./Drivers/STM32F1xx_HAL_Driver/Src/stm32f1xx_hal_cortex.o
 .text.NVIC_EncodePriority
                0x00000000080035dc       0x64 ./Drivers/STM32F1xx_HAL_Driver/Src/stm32f1xx_hal_cortex.o
 .text.SysTick_Config
                0x0000000008003640       0x44 ./Drivers/STM32F1xx_HAL_Driver/Src/stm32f1xx_hal_cortex.o
 .text.HAL_NVIC_SetPriorityGrouping
                0x0000000008003684       0x16 ./Drivers/STM32F1xx_HAL_Driver/Src/stm32f1xx_hal_cortex.o
                0x0000000008003684                HAL_NVIC_SetPriorityGrouping
 .text.HAL_NVIC_SetPriority
                0x000000000800369a       0x38 ./Drivers/STM32F1xx_HAL_Driver/Src/stm32f1xx_hal_cortex.o
                0x000000000800369a                HAL_NVIC_SetPriority
 .text.HAL_NVIC_EnableIRQ
                0x00000000080036d2       0x1c ./Drivers/STM32F1xx_HAL_Driver/Src/stm32f1xx_hal_cortex.o
                0x00000000080036d2                HAL_NVIC_EnableIRQ
 .text.HAL_SYSTICK_Config
                0x00000000080036ee       0x18 ./Drivers/STM32F1xx_HAL_Driver/Src/stm32f1xx_hal_cortex.o
                0x00000000080036ee                HAL_SYSTICK_Config
 *fill*         0x0000000008003706        0x2 
 .text.HAL_DMA_Init
                0x0000000008003708       0xb4 ./Drivers/STM32F1xx_HAL_Driver/Src/stm32f1xx_hal_dma.o
                0x0000000008003708                HAL_DMA_Init
 .text.HAL_DMA_Start_IT
                0x00000000080037bc       0xbe ./Drivers/STM32F1xx_HAL_Driver/Src/stm32f1xx_hal_dma.o
                0x00000000080037bc                HAL_DMA_Start_IT
 .text.HAL_DMA_Abort
                0x000000000800387a       0x74 ./Drivers/STM32F1xx_HAL_Driver/Src/stm32f1xx_hal_dma.o
                0x000000000800387a                HAL_DMA_Abort
 *fill*         0x00000000080038ee        0x2 
 .text.HAL_DMA_Abort_IT
                0x00000000080038f0       0xec ./Drivers/STM32F1xx_HAL_Driver/Src/stm32f1xx_hal_dma.o
                0x00000000080038f0                HAL_DMA_Abort_IT
 .text.HAL_DMA_IRQHandler
                0x00000000080039dc      0x20c ./Drivers/STM32F1xx_HAL_Driver/Src/stm32f1xx_hal_dma.o
                0x00000000080039dc                HAL_DMA_IRQHandler
 .text.DMA_SetConfig
                0x0000000008003be8       0x5a ./Drivers/STM32F1xx_HAL_Driver/Src/stm32f1xx_hal_dma.o
 *fill*         0x0000000008003c42        0x2 
 .text.HAL_GPIO_Init
                0x0000000008003c44      0x308 ./Drivers/STM32F1xx_HAL_Driver/Src/stm32f1xx_hal_gpio.o
                0x0000000008003c44                HAL_GPIO_Init
 .text.HAL_GPIO_WritePin
                0x0000000008003f4c       0x30 ./Drivers/STM32F1xx_HAL_Driver/Src/stm32f1xx_hal_gpio.o
                0x0000000008003f4c                HAL_GPIO_WritePin
 .text.HAL_RCC_OscConfig
                0x0000000008003f7c      0x504 ./Drivers/STM32F1xx_HAL_Driver/Src/stm32f1xx_hal_rcc.o
                0x0000000008003f7c                HAL_RCC_OscConfig
 .text.HAL_RCC_ClockConfig
                0x0000000008004480      0x1d4 ./Drivers/STM32F1xx_HAL_Driver/Src/stm32f1xx_hal_rcc.o
                0x0000000008004480                HAL_RCC_ClockConfig
 .text.HAL_RCC_GetSysClockFreq
                0x0000000008004654       0xbc ./Drivers/STM32F1xx_HAL_Driver/Src/stm32f1xx_hal_rcc.o
                0x0000000008004654                HAL_RCC_GetSysClockFreq
 .text.RCC_Delay
                0x0000000008004710       0x3c ./Drivers/STM32F1xx_HAL_Driver/Src/stm32f1xx_hal_rcc.o
 .text.HAL_RCCEx_PeriphCLKConfig
                0x000000000800474c      0x16c ./Drivers/STM32F1xx_HAL_Driver/Src/stm32f1xx_hal_rcc_ex.o
                0x000000000800474c                HAL_RCCEx_PeriphCLKConfig
 .text.HAL_SPI_Init
                0x00000000080048b8      0x118 ./Drivers/STM32F1xx_HAL_Driver/Src/stm32f1xx_hal_spi.o
                0x00000000080048b8                HAL_SPI_Init
 .text.HAL_SPI_TransmitReceive_IT
                0x00000000080049d0      0x150 ./Drivers/STM32F1xx_HAL_Driver/Src/stm32f1xx_hal_spi.o
                0x00000000080049d0                HAL_SPI_TransmitReceive_IT
 .text.HAL_SPI_IRQHandler
                0x0000000008004b20      0x1cc ./Drivers/STM32F1xx_HAL_Driver/Src/stm32f1xx_hal_spi.o
                0x0000000008004b20                HAL_SPI_IRQHandler
 .text.HAL_SPI_RxCpltCallback
                0x0000000008004cec       0x12 ./Drivers/STM32F1xx_HAL_Driver/Src/stm32f1xx_hal_spi.o
                0x0000000008004cec                HAL_SPI_RxCpltCallback
 .text.HAL_SPI_TxRxCpltCallback
                0x0000000008004cfe       0x12 ./Drivers/STM32F1xx_HAL_Driver/Src/stm32f1xx_hal_spi.o
                0x0000000008004cfe                HAL_SPI_TxRxCpltCallback
 .text.HAL_SPI_ErrorCallback
                0x0000000008004d10       0x12 ./Drivers/STM32F1xx_HAL_Driver/Src/stm32f1xx_hal_spi.o
                0x0000000008004d10                HAL_SPI_ErrorCallback
 .text.HAL_SPI_GetError
                0x0000000008004d22       0x16 ./Drivers/STM32F1xx_HAL_Driver/Src/stm32f1xx_hal_spi.o
                0x0000000008004d22                HAL_SPI_GetError
 .text.SPI_DMAAbortOnError
                0x0000000008004d38       0x28 ./Drivers/STM32F1xx_HAL_Driver/Src/stm32f1xx_hal_spi.o
 .text.SPI_2linesRxISR_8BIT
                0x0000000008004d60       0x78 ./Drivers/STM32F1xx_HAL_Driver/Src/stm32f1xx_hal_spi.o
 .text.SPI_2linesRxISR_8BITCRC
                0x0000000008004dd8       0x46 ./Drivers/STM32F1xx_HAL_Driver/Src/stm32f1xx_hal_spi.o
 .text.SPI_2linesTxISR_8BIT
                0x0000000008004e1e       0x8a ./Drivers/STM32F1xx_HAL_Driver/Src/stm32f1xx_hal_spi.o
 .text.SPI_2linesRxISR_16BIT
                0x0000000008004ea8       0x74 ./Drivers/STM32F1xx_HAL_Driver/Src/stm32f1xx_hal_spi.o
 .text.SPI_2linesRxISR_16BITCRC
                0x0000000008004f1c       0x34 ./Drivers/STM32F1xx_HAL_Driver/Src/stm32f1xx_hal_spi.o
 .text.SPI_2linesTxISR_16BIT
                0x0000000008004f50       0x88 ./Drivers/STM32F1xx_HAL_Driver/Src/stm32f1xx_hal_spi.o
 .text.SPI_WaitFlagStateUntilTimeout
                0x0000000008004fd8      0x110 ./Drivers/STM32F1xx_HAL_Driver/Src/stm32f1xx_hal_spi.o
 .text.SPI_EndRxTxTransaction
                0x00000000080050e8       0x3c ./Drivers/STM32F1xx_HAL_Driver/Src/stm32f1xx_hal_spi.o
 .text.SPI_CloseRxTx_ISR
                0x0000000008005124      0x148 ./Drivers/STM32F1xx_HAL_Driver/Src/stm32f1xx_hal_spi.o
 .text.SPI_ISCRCErrorValid
                0x000000000800526c       0x14 ./Drivers/STM32F1xx_HAL_Driver/Src/stm32f1xx_hal_spi.o
                0x000000000800526c                SPI_ISCRCErrorValid
 .text.HAL_TIM_Base_Init
                0x0000000008005280       0x9e ./Drivers/STM32F1xx_HAL_Driver/Src/stm32f1xx_hal_tim.o
                0x0000000008005280                HAL_TIM_Base_Init
 *fill*         0x000000000800531e        0x2 
 .text.HAL_TIM_Base_Start_IT
                0x0000000008005320       0xa4 ./Drivers/STM32F1xx_HAL_Driver/Src/stm32f1xx_hal_tim.o
                0x0000000008005320                HAL_TIM_Base_Start_IT
 .text.HAL_TIM_Base_Stop_IT
                0x00000000080053c4       0x5c ./Drivers/STM32F1xx_HAL_Driver/Src/stm32f1xx_hal_tim.o
                0x00000000080053c4                HAL_TIM_Base_Stop_IT
 .text.HAL_TIM_PWM_Init
                0x0000000008005420       0x9e ./Drivers/STM32F1xx_HAL_Driver/Src/stm32f1xx_hal_tim.o
                0x0000000008005420                HAL_TIM_PWM_Init
 *fill*         0x00000000080054be        0x2 
 .text.HAL_TIM_PWM_Start_IT
                0x00000000080054c0      0x1d0 ./Drivers/STM32F1xx_HAL_Driver/Src/stm32f1xx_hal_tim.o
                0x00000000080054c0                HAL_TIM_PWM_Start_IT
 .text.HAL_TIM_Encoder_Init
                0x0000000008005690      0x144 ./Drivers/STM32F1xx_HAL_Driver/Src/stm32f1xx_hal_tim.o
                0x0000000008005690                HAL_TIM_Encoder_Init
 .text.HAL_TIM_Encoder_Start
                0x00000000080057d4      0x11c ./Drivers/STM32F1xx_HAL_Driver/Src/stm32f1xx_hal_tim.o
                0x00000000080057d4                HAL_TIM_Encoder_Start
 .text.HAL_TIM_Encoder_Start_IT
                0x00000000080058f0      0x15c ./Drivers/STM32F1xx_HAL_Driver/Src/stm32f1xx_hal_tim.o
                0x00000000080058f0                HAL_TIM_Encoder_Start_IT
 .text.HAL_TIM_IRQHandler
                0x0000000008005a4c      0x210 ./Drivers/STM32F1xx_HAL_Driver/Src/stm32f1xx_hal_tim.o
                0x0000000008005a4c                HAL_TIM_IRQHandler
 .text.HAL_TIM_PWM_ConfigChannel
                0x0000000008005c5c      0x17c ./Drivers/STM32F1xx_HAL_Driver/Src/stm32f1xx_hal_tim.o
                0x0000000008005c5c                HAL_TIM_PWM_ConfigChannel
 .text.HAL_TIM_ConfigClockSource
                0x0000000008005dd8      0x188 ./Drivers/STM32F1xx_HAL_Driver/Src/stm32f1xx_hal_tim.o
                0x0000000008005dd8                HAL_TIM_ConfigClockSource
 .text.HAL_TIM_PeriodElapsedCallback
                0x0000000008005f60       0x12 ./Drivers/STM32F1xx_HAL_Driver/Src/stm32f1xx_hal_tim.o
                0x0000000008005f60                HAL_TIM_PeriodElapsedCallback
 .text.HAL_TIM_OC_DelayElapsedCallback
                0x0000000008005f72       0x12 ./Drivers/STM32F1xx_HAL_Driver/Src/stm32f1xx_hal_tim.o
                0x0000000008005f72                HAL_TIM_OC_DelayElapsedCallback
 .text.HAL_TIM_IC_CaptureCallback
                0x0000000008005f84       0x12 ./Drivers/STM32F1xx_HAL_Driver/Src/stm32f1xx_hal_tim.o
                0x0000000008005f84                HAL_TIM_IC_CaptureCallback
 .text.HAL_TIM_PWM_PulseFinishedCallback
                0x0000000008005f96       0x12 ./Drivers/STM32F1xx_HAL_Driver/Src/stm32f1xx_hal_tim.o
                0x0000000008005f96                HAL_TIM_PWM_PulseFinishedCallback
 .text.HAL_TIM_TriggerCallback
                0x0000000008005fa8       0x12 ./Drivers/STM32F1xx_HAL_Driver/Src/stm32f1xx_hal_tim.o
                0x0000000008005fa8                HAL_TIM_TriggerCallback
 *fill*         0x0000000008005fba        0x2 
 .text.TIM_Base_SetConfig
                0x0000000008005fbc       0xc4 ./Drivers/STM32F1xx_HAL_Driver/Src/stm32f1xx_hal_tim.o
                0x0000000008005fbc                TIM_Base_SetConfig
 .text.TIM_OC1_SetConfig
                0x0000000008006080       0xcc ./Drivers/STM32F1xx_HAL_Driver/Src/stm32f1xx_hal_tim.o
 .text.TIM_OC2_SetConfig
                0x000000000800614c       0xd4 ./Drivers/STM32F1xx_HAL_Driver/Src/stm32f1xx_hal_tim.o
                0x000000000800614c                TIM_OC2_SetConfig
 .text.TIM_OC3_SetConfig
                0x0000000008006220       0xd4 ./Drivers/STM32F1xx_HAL_Driver/Src/stm32f1xx_hal_tim.o
 .text.TIM_OC4_SetConfig
                0x00000000080062f4       0x9c ./Drivers/STM32F1xx_HAL_Driver/Src/stm32f1xx_hal_tim.o
 .text.TIM_TI1_ConfigInputStage
                0x0000000008006390       0x5c ./Drivers/STM32F1xx_HAL_Driver/Src/stm32f1xx_hal_tim.o
 .text.TIM_TI2_ConfigInputStage
                0x00000000080063ec       0x5e ./Drivers/STM32F1xx_HAL_Driver/Src/stm32f1xx_hal_tim.o
 .text.TIM_ITRx_SetConfig
                0x000000000800644a       0x34 ./Drivers/STM32F1xx_HAL_Driver/Src/stm32f1xx_hal_tim.o
 .text.TIM_ETR_SetConfig
                0x000000000800647e       0x3e ./Drivers/STM32F1xx_HAL_Driver/Src/stm32f1xx_hal_tim.o
                0x000000000800647e                TIM_ETR_SetConfig
 .text.TIM_CCxChannelCmd
                0x00000000080064bc       0x48 ./Drivers/STM32F1xx_HAL_Driver/Src/stm32f1xx_hal_tim.o
                0x00000000080064bc                TIM_CCxChannelCmd
 .text.HAL_TIMEx_MasterConfigSynchronization
                0x0000000008006504       0xbc ./Drivers/STM32F1xx_HAL_Driver/Src/stm32f1xx_hal_tim_ex.o
                0x0000000008006504                HAL_TIMEx_MasterConfigSynchronization
 .text.HAL_TIMEx_CommutCallback
                0x00000000080065c0       0x12 ./Drivers/STM32F1xx_HAL_Driver/Src/stm32f1xx_hal_tim_ex.o
                0x00000000080065c0                HAL_TIMEx_CommutCallback
 .text.HAL_TIMEx_BreakCallback
                0x00000000080065d2       0x12 ./Drivers/STM32F1xx_HAL_Driver/Src/stm32f1xx_hal_tim_ex.o
                0x00000000080065d2                HAL_TIMEx_BreakCallback
 .text.__libc_init_array
                0x00000000080065e4       0x48 c:/st/stm32cubeide_1.10.1/stm32cubeide/plugins/com.st.stm32cube.ide.mcu.externaltools.gnu-tools-for-stm32.10.3-2021.10.win32_1.0.0.202111181127/tools/bin/../lib/gcc/arm-none-eabi/10.3.1/../../../../arm-none-eabi/lib/thumb/v7-m/nofp\libc_nano.a(lib_a-init.o)
                0x00000000080065e4                __libc_init_array
 .text.memset   0x000000000800662c       0x10 c:/st/stm32cubeide_1.10.1/stm32cubeide/plugins/com.st.stm32cube.ide.mcu.externaltools.gnu-tools-for-stm32.10.3-2021.10.win32_1.0.0.202111181127/tools/bin/../lib/gcc/arm-none-eabi/10.3.1/../../../../arm-none-eabi/lib/thumb/v7-m/nofp\libc_nano.a(lib_a-memset.o)
                0x000000000800662c                memset
 *(.glue_7)
 .glue_7        0x000000000800663c        0x0 linker stubs
 *(.glue_7t)
 .glue_7t       0x000000000800663c        0x0 linker stubs
 *(.eh_frame)
 .eh_frame      0x000000000800663c        0x0 c:/st/stm32cubeide_1.10.1/stm32cubeide/plugins/com.st.stm32cube.ide.mcu.externaltools.gnu-tools-for-stm32.10.3-2021.10.win32_1.0.0.202111181127/tools/bin/../lib/gcc/arm-none-eabi/10.3.1/thumb/v7-m/nofp/crtbegin.o
 *(.init)
 .init          0x000000000800663c        0x4 c:/st/stm32cubeide_1.10.1/stm32cubeide/plugins/com.st.stm32cube.ide.mcu.externaltools.gnu-tools-for-stm32.10.3-2021.10.win32_1.0.0.202111181127/tools/bin/../lib/gcc/arm-none-eabi/10.3.1/thumb/v7-m/nofp/crti.o
                0x000000000800663c                _init
 .init          0x0000000008006640        0x8 c:/st/stm32cubeide_1.10.1/stm32cubeide/plugins/com.st.stm32cube.ide.mcu.externaltools.gnu-tools-for-stm32.10.3-2021.10.win32_1.0.0.202111181127/tools/bin/../lib/gcc/arm-none-eabi/10.3.1/thumb/v7-m/nofp/crtn.o
 *(.fini)
 .fini          0x0000000008006648        0x4 c:/st/stm32cubeide_1.10.1/stm32cubeide/plugins/com.st.stm32cube.ide.mcu.externaltools.gnu-tools-for-stm32.10.3-2021.10.win32_1.0.0.202111181127/tools/bin/../lib/gcc/arm-none-eabi/10.3.1/thumb/v7-m/nofp/crti.o
                0x0000000008006648                _fini
 .fini          0x000000000800664c        0x8 c:/st/stm32cubeide_1.10.1/stm32cubeide/plugins/com.st.stm32cube.ide.mcu.externaltools.gnu-tools-for-stm32.10.3-2021.10.win32_1.0.0.202111181127/tools/bin/../lib/gcc/arm-none-eabi/10.3.1/thumb/v7-m/nofp/crtn.o
                0x0000000008006654                . = ALIGN (0x4)
                0x0000000008006654                _etext = .

.vfp11_veneer   0x0000000008006654        0x0
 .vfp11_veneer  0x0000000008006654        0x0 linker stubs

.v4_bx          0x0000000008006654        0x0
 .v4_bx         0x0000000008006654        0x0 linker stubs

.iplt           0x0000000008006654        0x0
 .iplt          0x0000000008006654        0x0 c:/st/stm32cubeide_1.10.1/stm32cubeide/plugins/com.st.stm32cube.ide.mcu.externaltools.gnu-tools-for-stm32.10.3-2021.10.win32_1.0.0.202111181127/tools/bin/../lib/gcc/arm-none-eabi/10.3.1/thumb/v7-m/nofp/crtbegin.o

.rodata         0x0000000008006654       0x20
                0x0000000008006654                . = ALIGN (0x4)
 *(.rodata)
 .rodata        0x0000000008006654       0x10 ./Drivers/STM32F1xx_HAL_Driver/Src/stm32f1xx_hal_rcc.o
 *(.rodata*)
 .rodata.AHBPrescTable
                0x0000000008006664       0x10 ./Core/Src/system_stm32f1xx.o
                0x0000000008006664                AHBPrescTable
                0x0000000008006674                . = ALIGN (0x4)

.rel.dyn        0x0000000008006674        0x0
 .rel.iplt      0x0000000008006674        0x0 c:/st/stm32cubeide_1.10.1/stm32cubeide/plugins/com.st.stm32cube.ide.mcu.externaltools.gnu-tools-for-stm32.10.3-2021.10.win32_1.0.0.202111181127/tools/bin/../lib/gcc/arm-none-eabi/10.3.1/thumb/v7-m/nofp/crtbegin.o

.ARM.extab      0x0000000008006674        0x0
                0x0000000008006674                . = ALIGN (0x4)
 *(.ARM.extab* .gnu.linkonce.armextab.*)
                0x0000000008006674                . = ALIGN (0x4)

.ARM            0x0000000008006674        0x0
                0x0000000008006674                . = ALIGN (0x4)
                0x0000000008006674                __exidx_start = .
 *(.ARM.exidx*)
                0x0000000008006674                __exidx_end = .
                0x0000000008006674                . = ALIGN (0x4)

.preinit_array  0x0000000008006674        0x0
                0x0000000008006674                . = ALIGN (0x4)
                0x0000000008006674                PROVIDE (__preinit_array_start = .)
 *(.preinit_array*)
                0x0000000008006674                PROVIDE (__preinit_array_end = .)
                0x0000000008006674                . = ALIGN (0x4)

.init_array     0x0000000008006674        0x4
                0x0000000008006674                . = ALIGN (0x4)
                0x0000000008006674                PROVIDE (__init_array_start = .)
 *(SORT_BY_NAME(.init_array.*))
 *(.init_array*)
 .init_array    0x0000000008006674        0x4 c:/st/stm32cubeide_1.10.1/stm32cubeide/plugins/com.st.stm32cube.ide.mcu.externaltools.gnu-tools-for-stm32.10.3-2021.10.win32_1.0.0.202111181127/tools/bin/../lib/gcc/arm-none-eabi/10.3.1/thumb/v7-m/nofp/crtbegin.o
                0x0000000008006678                PROVIDE (__init_array_end = .)
                0x0000000008006678                . = ALIGN (0x4)

.fini_array     0x0000000008006678        0x4
                0x0000000008006678                . = ALIGN (0x4)
                [!provide]                        PROVIDE (__fini_array_start = .)
 *(SORT_BY_NAME(.fini_array.*))
 *(.fini_array*)
 .fini_array    0x0000000008006678        0x4 c:/st/stm32cubeide_1.10.1/stm32cubeide/plugins/com.st.stm32cube.ide.mcu.externaltools.gnu-tools-for-stm32.10.3-2021.10.win32_1.0.0.202111181127/tools/bin/../lib/gcc/arm-none-eabi/10.3.1/thumb/v7-m/nofp/crtbegin.o
                [!provide]                        PROVIDE (__fini_array_end = .)
                0x000000000800667c                . = ALIGN (0x4)
                0x000000000800667c                _sidata = LOADADDR (.data)

.data           0x0000000020000000       0x1c load address 0x000000000800667c
                0x0000000020000000                . = ALIGN (0x4)
                0x0000000020000000                _sdata = .
 *(.data)
 *(.data*)
 .data._err_measure
                0x0000000020000000        0x4 ./Core/Src/main.o
                0x0000000020000000                _err_measure
 .data._q       0x0000000020000004        0x4 ./Core/Src/main.o
                0x0000000020000004                _q
 .data._err_estimate.3
                0x0000000020000008        0x4 ./Core/Src/main.o
 .data._err_estimate.1
                0x000000002000000c        0x4 ./Core/Src/main.o
 .data.SystemCoreClock
                0x0000000020000010        0x4 ./Core/Src/system_stm32f1xx.o
                0x0000000020000010                SystemCoreClock
 .data.uwTickPrio
                0x0000000020000014        0x4 ./Drivers/STM32F1xx_HAL_Driver/Src/stm32f1xx_hal.o
                0x0000000020000014                uwTickPrio
 .data.uwTickFreq
                0x0000000020000018        0x1 ./Drivers/STM32F1xx_HAL_Driver/Src/stm32f1xx_hal.o
                0x0000000020000018                uwTickFreq
 *(.RamFunc)
 *(.RamFunc*)
                0x000000002000001c                . = ALIGN (0x4)
 *fill*         0x0000000020000019        0x3 
                0x000000002000001c                _edata = .

.igot.plt       0x000000002000001c        0x0 load address 0x0000000008006698
 .igot.plt      0x000000002000001c        0x0 c:/st/stm32cubeide_1.10.1/stm32cubeide/plugins/com.st.stm32cube.ide.mcu.externaltools.gnu-tools-for-stm32.10.3-2021.10.win32_1.0.0.202111181127/tools/bin/../lib/gcc/arm-none-eabi/10.3.1/thumb/v7-m/nofp/crtbegin.o
                0x000000002000001c                . = ALIGN (0x4)

.bss            0x000000002000001c      0x590 load address 0x0000000008006698
                0x000000002000001c                _sbss = .
                0x000000002000001c                __bss_start__ = _sbss
 *(.bss)
 .bss           0x000000002000001c       0x1c c:/st/stm32cubeide_1.10.1/stm32cubeide/plugins/com.st.stm32cube.ide.mcu.externaltools.gnu-tools-for-stm32.10.3-2021.10.win32_1.0.0.202111181127/tools/bin/../lib/gcc/arm-none-eabi/10.3.1/thumb/v7-m/nofp/crtbegin.o
 *(.bss*)
 .bss.hadc1     0x0000000020000038       0x30 ./Core/Src/adc.o
                0x0000000020000038                hadc1
 .bss.hdma_adc1
                0x0000000020000068       0x44 ./Core/Src/adc.o
                0x0000000020000068                hdma_adc1
 .bss.motor_1   0x00000000200000ac       0x6c ./Core/Src/main.o
                0x00000000200000ac                motor_1
 .bss.motor_2   0x0000000020000118       0x6c ./Core/Src/main.o
                0x0000000020000118                motor_2
 .bss.adcValBuf
                0x0000000020000184        0x4 ./Core/Src/main.o
                0x0000000020000184                adcValBuf
 .bss.adcFlag   0x0000000020000188        0x1 ./Core/Src/main.o
                0x0000000020000188                adcFlag
 *fill*         0x0000000020000189        0x1 
 .bss.adcValueCh1
                0x000000002000018a        0x2 ./Core/Src/main.o
                0x000000002000018a                adcValueCh1
 .bss.adcValueCh2
                0x000000002000018c        0x2 ./Core/Src/main.o
                0x000000002000018c                adcValueCh2
 *fill*         0x000000002000018e        0x2 
 .bss.cs1ADCValFilter
                0x0000000020000190        0x4 ./Core/Src/main.o
                0x0000000020000190                cs1ADCValFilter
 .bss.cs2ADCValFilter
                0x0000000020000194        0x4 ./Core/Src/main.o
                0x0000000020000194                cs2ADCValFilter
 .bss.enc1Value
                0x0000000020000198        0x2 ./Core/Src/main.o
                0x0000000020000198                enc1Value
 .bss.enc2Value
                0x000000002000019a        0x2 ./Core/Src/main.o
                0x000000002000019a                enc2Value
 .bss.pid_flag  0x000000002000019c        0x4 ./Core/Src/main.o
                0x000000002000019c                pid_flag
 .bss.enc1Val   0x00000000200001a0        0x4 ./Core/Src/main.o
                0x00000000200001a0                enc1Val
 .bss.resultEncValMot1
                0x00000000200001a4        0x4 ./Core/Src/main.o
                0x00000000200001a4                resultEncValMot1
 .bss.pervTickMot1
                0x00000000200001a8        0x4 ./Core/Src/main.o
                0x00000000200001a8                pervTickMot1
 .bss.enc2Val   0x00000000200001ac        0x4 ./Core/Src/main.o
                0x00000000200001ac                enc2Val
 .bss.resultEncValMot2
                0x00000000200001b0        0x4 ./Core/Src/main.o
                0x00000000200001b0                resultEncValMot2
 .bss.pervTickMot2
                0x00000000200001b4        0x4 ./Core/Src/main.o
                0x00000000200001b4                pervTickMot2
 .bss.tasking   0x00000000200001b8        0x4 ./Core/Src/main.o
                0x00000000200001b8                tasking
 .bss.cs1Voltage
                0x00000000200001bc        0x4 ./Core/Src/main.o
                0x00000000200001bc                cs1Voltage
 .bss.cs2Voltage
                0x00000000200001c0        0x4 ./Core/Src/main.o
                0x00000000200001c0                cs2Voltage
 .bss.cs1Current
                0x00000000200001c4        0x4 ./Core/Src/main.o
                0x00000000200001c4                cs1Current
 .bss.cs2Current
                0x00000000200001c8        0x4 ./Core/Src/main.o
                0x00000000200001c8                cs2Current
 .bss.slave_transmit
                0x00000000200001cc       0x18 ./Core/Src/main.o
                0x00000000200001cc                slave_transmit
 .bss.slave_receive
                0x00000000200001e4       0x18 ./Core/Src/main.o
                0x00000000200001e4                slave_receive
 .bss.count.11  0x00000000200001fc        0x4 ./Core/Src/main.o
 .bss.buffer.10
                0x0000000020000200       0x78 ./Core/Src/main.o
 .bss.count.9   0x0000000020000278        0x4 ./Core/Src/main.o
 .bss.buffer.8  0x000000002000027c       0x78 ./Core/Src/main.o
 .bss.count.7   0x00000000200002f4        0x4 ./Core/Src/main.o
 .bss.buffer.6  0x00000000200002f8       0x78 ./Core/Src/main.o
 .bss.count.5   0x0000000020000370        0x4 ./Core/Src/main.o
 .bss.buffer.4  0x0000000020000374       0x78 ./Core/Src/main.o
 .bss._last_estimate.2
                0x00000000200003ec        0x4 ./Core/Src/main.o
 .bss._last_estimate.0
                0x00000000200003f0        0x4 ./Core/Src/main.o
 .bss.hspi2     0x00000000200003f4       0x58 ./Core/Src/spi.o
                0x00000000200003f4                hspi2
 .bss.timed     0x000000002000044c        0x2 ./Core/Src/stm32f1xx_it.o
                0x000000002000044c                timed
 *fill*         0x000000002000044e        0x2 
 .bss.deltVelMot1
                0x0000000020000450        0x4 ./Core/Src/stm32f1xx_it.o
                0x0000000020000450                deltVelMot1
 .bss.deltVelMot2
                0x0000000020000454        0x4 ./Core/Src/stm32f1xx_it.o
                0x0000000020000454                deltVelMot2
 .bss.encoderDirectionMot2
                0x0000000020000458        0x1 ./Core/Src/stm32f1xx_it.o
                0x0000000020000458                encoderDirectionMot2
 .bss.encoderDirectionMot1
                0x0000000020000459        0x1 ./Core/Src/stm32f1xx_it.o
                0x0000000020000459                encoderDirectionMot1
 *fill*         0x000000002000045a        0x2 
 .bss.interrupt_enable
                0x000000002000045c        0x4 ./Core/Src/stm32f1xx_it.o
                0x000000002000045c                interrupt_enable
 .bss.count.5   0x0000000020000460        0x4 ./Core/Src/stm32f1xx_it.o
 .bss.samples.4
                0x0000000020000464        0xc ./Core/Src/stm32f1xx_it.o
 .bss.sum.3     0x0000000020000470        0x4 ./Core/Src/stm32f1xx_it.o
 .bss.count.2   0x0000000020000474        0x4 ./Core/Src/stm32f1xx_it.o
 .bss.samples.1
                0x0000000020000478        0xc ./Core/Src/stm32f1xx_it.o
 .bss.sum.0     0x0000000020000484        0x4 ./Core/Src/stm32f1xx_it.o
 .bss.htim1     0x0000000020000488       0x48 ./Core/Src/tim.o
                0x0000000020000488                htim1
 .bss.htim2     0x00000000200004d0       0x48 ./Core/Src/tim.o
                0x00000000200004d0                htim2
 .bss.htim3     0x0000000020000518       0x48 ./Core/Src/tim.o
                0x0000000020000518                htim3
 .bss.htim4     0x0000000020000560       0x48 ./Core/Src/tim.o
                0x0000000020000560                htim4
 .bss.uwTick    0x00000000200005a8        0x4 ./Drivers/STM32F1xx_HAL_Driver/Src/stm32f1xx_hal.o
                0x00000000200005a8                uwTick
 *(COMMON)
                0x00000000200005ac                . = ALIGN (0x4)
                0x00000000200005ac                _ebss = .
                0x00000000200005ac                __bss_end__ = _ebss

._user_heap_stack
                0x00000000200005ac      0x604 load address 0x0000000008006698
                0x00000000200005b0                . = ALIGN (0x8)
 *fill*         0x00000000200005ac        0x4 
                [!provide]                        PROVIDE (end = .)
                0x00000000200005b0                PROVIDE (_end = .)
                0x00000000200007b0                . = (. + _Min_Heap_Size)
 *fill*         0x00000000200005b0      0x200 
                0x0000000020000bb0                . = (. + _Min_Stack_Size)
 *fill*         0x00000000200007b0      0x400 
                0x0000000020000bb0                . = ALIGN (0x8)

/DISCARD/
 libc.a(*)
 libm.a(*)
 libgcc.a(*)

.ARM.attributes
                0x0000000000000000       0x29
 *(.ARM.attributes)
 .ARM.attributes
                0x0000000000000000       0x1d c:/st/stm32cubeide_1.10.1/stm32cubeide/plugins/com.st.stm32cube.ide.mcu.externaltools.gnu-tools-for-stm32.10.3-2021.10.win32_1.0.0.202111181127/tools/bin/../lib/gcc/arm-none-eabi/10.3.1/thumb/v7-m/nofp/crti.o
 .ARM.attributes
                0x000000000000001d       0x2d c:/st/stm32cubeide_1.10.1/stm32cubeide/plugins/com.st.stm32cube.ide.mcu.externaltools.gnu-tools-for-stm32.10.3-2021.10.win32_1.0.0.202111181127/tools/bin/../lib/gcc/arm-none-eabi/10.3.1/thumb/v7-m/nofp/crtbegin.o
 .ARM.attributes
                0x000000000000004a       0x2d ./Core/Src/adc.o
 .ARM.attributes
                0x0000000000000077       0x2d ./Core/Src/dma.o
 .ARM.attributes
                0x00000000000000a4       0x2d ./Core/Src/gpio.o
 .ARM.attributes
                0x00000000000000d1       0x2d ./Core/Src/main.o
 .ARM.attributes
                0x00000000000000fe       0x2d ./Core/Src/spi.o
 .ARM.attributes
                0x000000000000012b       0x2d ./Core/Src/stm32f1xx_hal_msp.o
 .ARM.attributes
                0x0000000000000158       0x2d ./Core/Src/stm32f1xx_it.o
 .ARM.attributes
                0x0000000000000185       0x2d ./Core/Src/system_stm32f1xx.o
 .ARM.attributes
                0x00000000000001b2       0x2d ./Core/Src/tim.o
 .ARM.attributes
                0x00000000000001df       0x21 ./Core/Startup/startup_stm32f103c8tx.o
 .ARM.attributes
                0x0000000000000200       0x2d ./Drivers/STM32F1xx_HAL_Driver/Src/stm32f1xx_hal.o
 .ARM.attributes
                0x000000000000022d       0x2d ./Drivers/STM32F1xx_HAL_Driver/Src/stm32f1xx_hal_adc.o
 .ARM.attributes
                0x000000000000025a       0x2d ./Drivers/STM32F1xx_HAL_Driver/Src/stm32f1xx_hal_cortex.o
 .ARM.attributes
                0x0000000000000287       0x2d ./Drivers/STM32F1xx_HAL_Driver/Src/stm32f1xx_hal_dma.o
 .ARM.attributes
                0x00000000000002b4       0x2d ./Drivers/STM32F1xx_HAL_Driver/Src/stm32f1xx_hal_gpio.o
 .ARM.attributes
                0x00000000000002e1       0x2d ./Drivers/STM32F1xx_HAL_Driver/Src/stm32f1xx_hal_rcc.o
 .ARM.attributes
                0x000000000000030e       0x2d ./Drivers/STM32F1xx_HAL_Driver/Src/stm32f1xx_hal_rcc_ex.o
 .ARM.attributes
                0x000000000000033b       0x2d ./Drivers/STM32F1xx_HAL_Driver/Src/stm32f1xx_hal_spi.o
 .ARM.attributes
                0x0000000000000368       0x2d ./Drivers/STM32F1xx_HAL_Driver/Src/stm32f1xx_hal_tim.o
 .ARM.attributes
                0x0000000000000395       0x2d ./Drivers/STM32F1xx_HAL_Driver/Src/stm32f1xx_hal_tim_ex.o
 .ARM.attributes
                0x00000000000003c2       0x2d c:/st/stm32cubeide_1.10.1/stm32cubeide/plugins/com.st.stm32cube.ide.mcu.externaltools.gnu-tools-for-stm32.10.3-2021.10.win32_1.0.0.202111181127/tools/bin/../lib/gcc/arm-none-eabi/10.3.1/../../../../arm-none-eabi/lib/thumb/v7-m/nofp\libc_nano.a(lib_a-init.o)
 .ARM.attributes
                0x00000000000003ef       0x2d c:/st/stm32cubeide_1.10.1/stm32cubeide/plugins/com.st.stm32cube.ide.mcu.externaltools.gnu-tools-for-stm32.10.3-2021.10.win32_1.0.0.202111181127/tools/bin/../lib/gcc/arm-none-eabi/10.3.1/../../../../arm-none-eabi/lib/thumb/v7-m/nofp\libc_nano.a(lib_a-memset.o)
 .ARM.attributes
                0x000000000000041c       0x1d c:/st/stm32cubeide_1.10.1/stm32cubeide/plugins/com.st.stm32cube.ide.mcu.externaltools.gnu-tools-for-stm32.10.3-2021.10.win32_1.0.0.202111181127/tools/bin/../lib/gcc/arm-none-eabi/10.3.1/thumb/v7-m/nofp\libgcc.a(_arm_addsubdf3.o)
 .ARM.attributes
                0x0000000000000439       0x1d c:/st/stm32cubeide_1.10.1/stm32cubeide/plugins/com.st.stm32cube.ide.mcu.externaltools.gnu-tools-for-stm32.10.3-2021.10.win32_1.0.0.202111181127/tools/bin/../lib/gcc/arm-none-eabi/10.3.1/thumb/v7-m/nofp\libgcc.a(_arm_muldivdf3.o)
 .ARM.attributes
                0x0000000000000456       0x1d c:/st/stm32cubeide_1.10.1/stm32cubeide/plugins/com.st.stm32cube.ide.mcu.externaltools.gnu-tools-for-stm32.10.3-2021.10.win32_1.0.0.202111181127/tools/bin/../lib/gcc/arm-none-eabi/10.3.1/thumb/v7-m/nofp\libgcc.a(_arm_truncdfsf2.o)
 .ARM.attributes
                0x0000000000000473       0x1d c:/st/stm32cubeide_1.10.1/stm32cubeide/plugins/com.st.stm32cube.ide.mcu.externaltools.gnu-tools-for-stm32.10.3-2021.10.win32_1.0.0.202111181127/tools/bin/../lib/gcc/arm-none-eabi/10.3.1/thumb/v7-m/nofp\libgcc.a(_arm_addsubsf3.o)
 .ARM.attributes
                0x0000000000000490       0x1d c:/st/stm32cubeide_1.10.1/stm32cubeide/plugins/com.st.stm32cube.ide.mcu.externaltools.gnu-tools-for-stm32.10.3-2021.10.win32_1.0.0.202111181127/tools/bin/../lib/gcc/arm-none-eabi/10.3.1/thumb/v7-m/nofp\libgcc.a(_arm_muldivsf3.o)
 .ARM.attributes
                0x00000000000004ad       0x1d c:/st/stm32cubeide_1.10.1/stm32cubeide/plugins/com.st.stm32cube.ide.mcu.externaltools.gnu-tools-for-stm32.10.3-2021.10.win32_1.0.0.202111181127/tools/bin/../lib/gcc/arm-none-eabi/10.3.1/thumb/v7-m/nofp\libgcc.a(_arm_cmpsf2.o)
 .ARM.attributes
                0x00000000000004ca       0x1d c:/st/stm32cubeide_1.10.1/stm32cubeide/plugins/com.st.stm32cube.ide.mcu.externaltools.gnu-tools-for-stm32.10.3-2021.10.win32_1.0.0.202111181127/tools/bin/../lib/gcc/arm-none-eabi/10.3.1/thumb/v7-m/nofp\libgcc.a(_arm_fixsfsi.o)
 .ARM.attributes
                0x00000000000004e7       0x1d c:/st/stm32cubeide_1.10.1/stm32cubeide/plugins/com.st.stm32cube.ide.mcu.externaltools.gnu-tools-for-stm32.10.3-2021.10.win32_1.0.0.202111181127/tools/bin/../lib/gcc/arm-none-eabi/10.3.1/thumb/v7-m/nofp\libgcc.a(_arm_fixunssfsi.o)
 .ARM.attributes
                0x0000000000000504       0x1d c:/st/stm32cubeide_1.10.1/stm32cubeide/plugins/com.st.stm32cube.ide.mcu.externaltools.gnu-tools-for-stm32.10.3-2021.10.win32_1.0.0.202111181127/tools/bin/../lib/gcc/arm-none-eabi/10.3.1/thumb/v7-m/nofp/crtn.o
OUTPUT(F103C8T6_with_help.elf elf32-littlearm)
LOAD linker stubs
LOAD c:/st/stm32cubeide_1.10.1/stm32cubeide/plugins/com.st.stm32cube.ide.mcu.externaltools.gnu-tools-for-stm32.10.3-2021.10.win32_1.0.0.202111181127/tools/bin/../lib/gcc/arm-none-eabi/10.3.1/../../../../arm-none-eabi/lib/thumb/v7-m/nofp\libc.a
LOAD c:/st/stm32cubeide_1.10.1/stm32cubeide/plugins/com.st.stm32cube.ide.mcu.externaltools.gnu-tools-for-stm32.10.3-2021.10.win32_1.0.0.202111181127/tools/bin/../lib/gcc/arm-none-eabi/10.3.1/../../../../arm-none-eabi/lib/thumb/v7-m/nofp\libm.a
LOAD c:/st/stm32cubeide_1.10.1/stm32cubeide/plugins/com.st.stm32cube.ide.mcu.externaltools.gnu-tools-for-stm32.10.3-2021.10.win32_1.0.0.202111181127/tools/bin/../lib/gcc/arm-none-eabi/10.3.1/thumb/v7-m/nofp\libgcc.a

.debug_info     0x0000000000000000     0xe092
 .debug_info    0x0000000000000000      0x866 ./Core/Src/adc.o
 .debug_info    0x0000000000000866      0x2ed ./Core/Src/dma.o
 .debug_info    0x0000000000000b53      0x2f5 ./Core/Src/gpio.o
 .debug_info    0x0000000000000e48     0x15eb ./Core/Src/main.o
 .debug_info    0x0000000000002433      0x9c7 ./Core/Src/spi.o
 .debug_info    0x0000000000002dfa      0x217 ./Core/Src/stm32f1xx_hal_msp.o
 .debug_info    0x0000000000003011      0xef9 ./Core/Src/stm32f1xx_it.o
 .debug_info    0x0000000000003f0a      0x23d ./Core/Src/system_stm32f1xx.o
 .debug_info    0x0000000000004147      0xfa8 ./Core/Src/tim.o
 .debug_info    0x00000000000050ef       0x22 ./Core/Startup/startup_stm32f103c8tx.o
 .debug_info    0x0000000000005111      0x734 ./Drivers/STM32F1xx_HAL_Driver/Src/stm32f1xx_hal.o
 .debug_info    0x0000000000005845      0xcd9 ./Drivers/STM32F1xx_HAL_Driver/Src/stm32f1xx_hal_adc.o
 .debug_info    0x000000000000651e      0xb20 ./Drivers/STM32F1xx_HAL_Driver/Src/stm32f1xx_hal_cortex.o
 .debug_info    0x000000000000703e      0x73f ./Drivers/STM32F1xx_HAL_Driver/Src/stm32f1xx_hal_dma.o
 .debug_info    0x000000000000777d      0x615 ./Drivers/STM32F1xx_HAL_Driver/Src/stm32f1xx_hal_gpio.o
 .debug_info    0x0000000000007d92      0x860 ./Drivers/STM32F1xx_HAL_Driver/Src/stm32f1xx_hal_rcc.o
 .debug_info    0x00000000000085f2      0x3e0 ./Drivers/STM32F1xx_HAL_Driver/Src/stm32f1xx_hal_rcc_ex.o
 .debug_info    0x00000000000089d2     0x17cf ./Drivers/STM32F1xx_HAL_Driver/Src/stm32f1xx_hal_spi.o
 .debug_info    0x000000000000a1a1     0x29de ./Drivers/STM32F1xx_HAL_Driver/Src/stm32f1xx_hal_tim.o
 .debug_info    0x000000000000cb7f     0x1513 ./Drivers/STM32F1xx_HAL_Driver/Src/stm32f1xx_hal_tim_ex.o

.debug_abbrev   0x0000000000000000     0x25e8
 .debug_abbrev  0x0000000000000000      0x1e1 ./Core/Src/adc.o
 .debug_abbrev  0x00000000000001e1       0xf8 ./Core/Src/dma.o
 .debug_abbrev  0x00000000000002d9      0x134 ./Core/Src/gpio.o
 .debug_abbrev  0x000000000000040d      0x300 ./Core/Src/main.o
 .debug_abbrev  0x000000000000070d      0x1ec ./Core/Src/spi.o
 .debug_abbrev  0x00000000000008f9       0xd4 ./Core/Src/stm32f1xx_hal_msp.o
 .debug_abbrev  0x00000000000009cd      0x25d ./Core/Src/stm32f1xx_it.o
 .debug_abbrev  0x0000000000000c2a      0x13b ./Core/Src/system_stm32f1xx.o
 .debug_abbrev  0x0000000000000d65      0x266 ./Core/Src/tim.o
 .debug_abbrev  0x0000000000000fcb       0x12 ./Core/Startup/startup_stm32f103c8tx.o
 .debug_abbrev  0x0000000000000fdd      0x1fb ./Drivers/STM32F1xx_HAL_Driver/Src/stm32f1xx_hal.o
 .debug_abbrev  0x00000000000011d8      0x210 ./Drivers/STM32F1xx_HAL_Driver/Src/stm32f1xx_hal_adc.o
 .debug_abbrev  0x00000000000013e8      0x2ed ./Drivers/STM32F1xx_HAL_Driver/Src/stm32f1xx_hal_cortex.o
 .debug_abbrev  0x00000000000016d5      0x1fe ./Drivers/STM32F1xx_HAL_Driver/Src/stm32f1xx_hal_dma.o
 .debug_abbrev  0x00000000000018d3      0x1bb ./Drivers/STM32F1xx_HAL_Driver/Src/stm32f1xx_hal_gpio.o
 .debug_abbrev  0x0000000000001a8e      0x2a8 ./Drivers/STM32F1xx_HAL_Driver/Src/stm32f1xx_hal_rcc.o
 .debug_abbrev  0x0000000000001d36      0x182 ./Drivers/STM32F1xx_HAL_Driver/Src/stm32f1xx_hal_rcc_ex.o
 .debug_abbrev  0x0000000000001eb8      0x26e ./Drivers/STM32F1xx_HAL_Driver/Src/stm32f1xx_hal_spi.o
 .debug_abbrev  0x0000000000002126      0x25d ./Drivers/STM32F1xx_HAL_Driver/Src/stm32f1xx_hal_tim.o
 .debug_abbrev  0x0000000000002383      0x265 ./Drivers/STM32F1xx_HAL_Driver/Src/stm32f1xx_hal_tim_ex.o

.debug_aranges  0x0000000000000000      0xe38
 .debug_aranges
                0x0000000000000000       0x30 ./Core/Src/adc.o
 .debug_aranges
                0x0000000000000030       0x20 ./Core/Src/dma.o
 .debug_aranges
                0x0000000000000050       0x20 ./Core/Src/gpio.o
 .debug_aranges
                0x0000000000000070       0x80 ./Core/Src/main.o
 .debug_aranges
                0x00000000000000f0       0x30 ./Core/Src/spi.o
 .debug_aranges
                0x0000000000000120       0x20 ./Core/Src/stm32f1xx_hal_msp.o
 .debug_aranges
                0x0000000000000140       0xa0 ./Core/Src/stm32f1xx_it.o
 .debug_aranges
                0x00000000000001e0       0x28 ./Core/Src/system_stm32f1xx.o
 .debug_aranges
                0x0000000000000208       0x70 ./Core/Src/tim.o
 .debug_aranges
                0x0000000000000278       0x28 ./Core/Startup/startup_stm32f103c8tx.o
 .debug_aranges
                0x00000000000002a0       0xe0 ./Drivers/STM32F1xx_HAL_Driver/Src/stm32f1xx_hal.o
 .debug_aranges
                0x0000000000000380       0xf0 ./Drivers/STM32F1xx_HAL_Driver/Src/stm32f1xx_hal_adc.o
 .debug_aranges
                0x0000000000000470      0x100 ./Drivers/STM32F1xx_HAL_Driver/Src/stm32f1xx_hal_cortex.o
 .debug_aranges
                0x0000000000000570       0x80 ./Drivers/STM32F1xx_HAL_Driver/Src/stm32f1xx_hal_dma.o
 .debug_aranges
                0x00000000000005f0       0x58 ./Drivers/STM32F1xx_HAL_Driver/Src/stm32f1xx_hal_gpio.o
 .debug_aranges
                0x0000000000000648       0x90 ./Drivers/STM32F1xx_HAL_Driver/Src/stm32f1xx_hal_rcc.o
 .debug_aranges
                0x00000000000006d8       0x30 ./Drivers/STM32F1xx_HAL_Driver/Src/stm32f1xx_hal_rcc_ex.o
 .debug_aranges
                0x0000000000000708      0x1f8 ./Drivers/STM32F1xx_HAL_Driver/Src/stm32f1xx_hal_spi.o
 .debug_aranges
                0x0000000000000900      0x3d0 ./Drivers/STM32F1xx_HAL_Driver/Src/stm32f1xx_hal_tim.o
 .debug_aranges
                0x0000000000000cd0      0x168 ./Drivers/STM32F1xx_HAL_Driver/Src/stm32f1xx_hal_tim_ex.o

.debug_ranges   0x0000000000000000      0xd00
 .debug_ranges  0x0000000000000000       0x20 ./Core/Src/adc.o
 .debug_ranges  0x0000000000000020       0x10 ./Core/Src/dma.o
 .debug_ranges  0x0000000000000030       0x10 ./Core/Src/gpio.o
 .debug_ranges  0x0000000000000040       0x70 ./Core/Src/main.o
 .debug_ranges  0x00000000000000b0       0x20 ./Core/Src/spi.o
 .debug_ranges  0x00000000000000d0       0x10 ./Core/Src/stm32f1xx_hal_msp.o
 .debug_ranges  0x00000000000000e0       0x90 ./Core/Src/stm32f1xx_it.o
 .debug_ranges  0x0000000000000170       0x18 ./Core/Src/system_stm32f1xx.o
 .debug_ranges  0x0000000000000188       0x60 ./Core/Src/tim.o
 .debug_ranges  0x00000000000001e8       0x20 ./Core/Startup/startup_stm32f103c8tx.o
 .debug_ranges  0x0000000000000208       0xd0 ./Drivers/STM32F1xx_HAL_Driver/Src/stm32f1xx_hal.o
 .debug_ranges  0x00000000000002d8       0xe0 ./Drivers/STM32F1xx_HAL_Driver/Src/stm32f1xx_hal_adc.o
 .debug_ranges  0x00000000000003b8       0xf0 ./Drivers/STM32F1xx_HAL_Driver/Src/stm32f1xx_hal_cortex.o
 .debug_ranges  0x00000000000004a8       0x70 ./Drivers/STM32F1xx_HAL_Driver/Src/stm32f1xx_hal_dma.o
 .debug_ranges  0x0000000000000518       0x48 ./Drivers/STM32F1xx_HAL_Driver/Src/stm32f1xx_hal_gpio.o
 .debug_ranges  0x0000000000000560       0x80 ./Drivers/STM32F1xx_HAL_Driver/Src/stm32f1xx_hal_rcc.o
 .debug_ranges  0x00000000000005e0       0x20 ./Drivers/STM32F1xx_HAL_Driver/Src/stm32f1xx_hal_rcc_ex.o
 .debug_ranges  0x0000000000000600      0x1e8 ./Drivers/STM32F1xx_HAL_Driver/Src/stm32f1xx_hal_spi.o
 .debug_ranges  0x00000000000007e8      0x3c0 ./Drivers/STM32F1xx_HAL_Driver/Src/stm32f1xx_hal_tim.o
 .debug_ranges  0x0000000000000ba8      0x158 ./Drivers/STM32F1xx_HAL_Driver/Src/stm32f1xx_hal_tim_ex.o

.debug_macro    0x0000000000000000    0x18fd5
 .debug_macro   0x0000000000000000      0x1d0 ./Core/Src/adc.o
 .debug_macro   0x00000000000001d0      0xa6c ./Core/Src/adc.o
 .debug_macro   0x0000000000000c3c      0x227 ./Core/Src/adc.o
 .debug_macro   0x0000000000000e63       0x2e ./Core/Src/adc.o
 .debug_macro   0x0000000000000e91       0x22 ./Core/Src/adc.o
 .debug_macro   0x0000000000000eb3       0x22 ./Core/Src/adc.o
 .debug_macro   0x0000000000000ed5       0x8e ./Core/Src/adc.o
 .debug_macro   0x0000000000000f63       0x51 ./Core/Src/adc.o
 .debug_macro   0x0000000000000fb4      0x103 ./Core/Src/adc.o
 .debug_macro   0x00000000000010b7       0x6a ./Core/Src/adc.o
 .debug_macro   0x0000000000001121      0x1df ./Core/Src/adc.o
 .debug_macro   0x0000000000001300       0x1c ./Core/Src/adc.o
 .debug_macro   0x000000000000131c       0x22 ./Core/Src/adc.o
 .debug_macro   0x000000000000133e       0xbd ./Core/Src/adc.o
 .debug_macro   0x00000000000013fb      0xd23 ./Core/Src/adc.o
 .debug_macro   0x000000000000211e     0xe09e ./Core/Src/adc.o
 .debug_macro   0x00000000000101bc       0x6d ./Core/Src/adc.o
 .debug_macro   0x0000000000010229     0x3468 ./Core/Src/adc.o
 .debug_macro   0x0000000000013691      0x174 ./Core/Src/adc.o
 .debug_macro   0x0000000000013805       0x5c ./Core/Src/adc.o
 .debug_macro   0x0000000000013861      0x5be ./Core/Src/adc.o
 .debug_macro   0x0000000000013e1f      0x289 ./Core/Src/adc.o
 .debug_macro   0x00000000000140a8      0x1cb ./Core/Src/adc.o
 .debug_macro   0x0000000000014273      0x114 ./Core/Src/adc.o
 .debug_macro   0x0000000000014387      0x1b2 ./Core/Src/adc.o
 .debug_macro   0x0000000000014539       0x27 ./Core/Src/adc.o
 .debug_macro   0x0000000000014560      0x136 ./Core/Src/adc.o
 .debug_macro   0x0000000000014696      0x1bc ./Core/Src/adc.o
 .debug_macro   0x0000000000014852       0x34 ./Core/Src/adc.o
 .debug_macro   0x0000000000014886       0x3c ./Core/Src/adc.o
 .debug_macro   0x00000000000148c2       0x57 ./Core/Src/adc.o
 .debug_macro   0x0000000000014919      0x46a ./Core/Src/adc.o
 .debug_macro   0x0000000000014d83      0x1b5 ./Core/Src/adc.o
 .debug_macro   0x0000000000014f38       0x88 ./Core/Src/adc.o
 .debug_macro   0x0000000000014fc0      0x241 ./Core/Src/adc.o
 .debug_macro   0x0000000000015201      0x141 ./Core/Src/adc.o
 .debug_macro   0x0000000000015342      0x217 ./Core/Src/adc.o
 .debug_macro   0x0000000000015559      0x8d1 ./Core/Src/adc.o
 .debug_macro   0x0000000000015e2a       0x83 ./Core/Src/adc.o
 .debug_macro   0x0000000000015ead       0xca ./Core/Src/adc.o
 .debug_macro   0x0000000000015f77      0x1d0 ./Core/Src/dma.o
 .debug_macro   0x0000000000016147      0x1d0 ./Core/Src/gpio.o
 .debug_macro   0x0000000000016317      0x3db ./Core/Src/main.o
 .debug_macro   0x00000000000166f2       0x22 ./Core/Src/main.o
 .debug_macro   0x0000000000016714       0x18 ./Core/Src/main.o
 .debug_macro   0x000000000001672c       0x52 ./Core/Src/main.o
 .debug_macro   0x000000000001677e       0x3c ./Core/Src/main.o
 .debug_macro   0x00000000000167ba       0x34 ./Core/Src/main.o
 .debug_macro   0x00000000000167ee       0x16 ./Core/Src/main.o
 .debug_macro   0x0000000000016804       0x35 ./Core/Src/main.o
 .debug_macro   0x0000000000016839       0x16 ./Core/Src/main.o
 .debug_macro   0x000000000001684f       0x43 ./Core/Src/main.o
 .debug_macro   0x0000000000016892       0x34 ./Core/Src/main.o
 .debug_macro   0x00000000000168c6       0x10 ./Core/Src/main.o
 .debug_macro   0x00000000000168d6       0x58 ./Core/Src/main.o
 .debug_macro   0x000000000001692e       0x71 ./Core/Src/main.o
 .debug_macro   0x000000000001699f       0x1c ./Core/Src/main.o
 .debug_macro   0x00000000000169bb      0x12a ./Core/Src/main.o
 .debug_macro   0x0000000000016ae5      0x341 ./Core/Src/main.o
 .debug_macro   0x0000000000016e26       0x16 ./Core/Src/main.o
 .debug_macro   0x0000000000016e3c       0x29 ./Core/Src/main.o
 .debug_macro   0x0000000000016e65       0x16 ./Core/Src/main.o
 .debug_macro   0x0000000000016e7b       0x20 ./Core/Src/main.o
 .debug_macro   0x0000000000016e9b      0x19b ./Core/Src/main.o
 .debug_macro   0x0000000000017036       0x1c ./Core/Src/main.o
 .debug_macro   0x0000000000017052       0x10 ./Core/Src/main.o
 .debug_macro   0x0000000000017062       0x10 ./Core/Src/main.o
 .debug_macro   0x0000000000017072       0x1c ./Core/Src/main.o
 .debug_macro   0x000000000001708e       0x52 ./Core/Src/main.o
 .debug_macro   0x00000000000170e0       0x22 ./Core/Src/main.o
 .debug_macro   0x0000000000017102       0x10 ./Core/Src/main.o
 .debug_macro   0x0000000000017112       0x52 ./Core/Src/main.o
 .debug_macro   0x0000000000017164       0xd5 ./Core/Src/main.o
 .debug_macro   0x0000000000017239       0x1c ./Core/Src/main.o
 .debug_macro   0x0000000000017255       0x3d ./Core/Src/main.o
 .debug_macro   0x0000000000017292       0x16 ./Core/Src/main.o
 .debug_macro   0x00000000000172a8      0x145 ./Core/Src/main.o
 .debug_macro   0x00000000000173ed      0x1d0 ./Core/Src/spi.o
 .debug_macro   0x00000000000175bd      0x1c6 ./Core/Src/stm32f1xx_hal_msp.o
 .debug_macro   0x0000000000017783      0x2de ./Core/Src/stm32f1xx_it.o
 .debug_macro   0x0000000000017a61      0x1b7 ./Core/Src/system_stm32f1xx.o
 .debug_macro   0x0000000000017c18      0x1d0 ./Core/Src/tim.o
 .debug_macro   0x0000000000017de8      0x1db ./Drivers/STM32F1xx_HAL_Driver/Src/stm32f1xx_hal.o
 .debug_macro   0x0000000000017fc3      0x1d4 ./Drivers/STM32F1xx_HAL_Driver/Src/stm32f1xx_hal_adc.o
 .debug_macro   0x0000000000018197      0x1b7 ./Drivers/STM32F1xx_HAL_Driver/Src/stm32f1xx_hal_cortex.o
 .debug_macro   0x000000000001834e      0x1b7 ./Drivers/STM32F1xx_HAL_Driver/Src/stm32f1xx_hal_dma.o
 .debug_macro   0x0000000000018505      0x222 ./Drivers/STM32F1xx_HAL_Driver/Src/stm32f1xx_hal_gpio.o
 .debug_macro   0x0000000000018727      0x1c9 ./Drivers/STM32F1xx_HAL_Driver/Src/stm32f1xx_hal_rcc.o
 .debug_macro   0x00000000000188f0      0x1b7 ./Drivers/STM32F1xx_HAL_Driver/Src/stm32f1xx_hal_rcc_ex.o
 .debug_macro   0x0000000000018aa7      0x1bf ./Drivers/STM32F1xx_HAL_Driver/Src/stm32f1xx_hal_spi.o
 .debug_macro   0x0000000000018c66      0x1b8 ./Drivers/STM32F1xx_HAL_Driver/Src/stm32f1xx_hal_tim.o
 .debug_macro   0x0000000000018e1e      0x1b7 ./Drivers/STM32F1xx_HAL_Driver/Src/stm32f1xx_hal_tim_ex.o

.debug_line     0x0000000000000000    0x10960
 .debug_line    0x0000000000000000      0x743 ./Core/Src/adc.o
 .debug_line    0x0000000000000743      0x69d ./Core/Src/dma.o
 .debug_line    0x0000000000000de0      0x6c8 ./Core/Src/gpio.o
 .debug_line    0x00000000000014a8      0xfc9 ./Core/Src/main.o
 .debug_line    0x0000000000002471      0x719 ./Core/Src/spi.o
 .debug_line    0x0000000000002b8a      0x6a2 ./Core/Src/stm32f1xx_hal_msp.o
 .debug_line    0x000000000000322c      0xa81 ./Core/Src/stm32f1xx_it.o
 .debug_line    0x0000000000003cad      0x720 ./Core/Src/system_stm32f1xx.o
 .debug_line    0x00000000000043cd      0x911 ./Core/Src/tim.o
 .debug_line    0x0000000000004cde       0x87 ./Core/Startup/startup_stm32f103c8tx.o
 .debug_line    0x0000000000004d65      0x94d ./Drivers/STM32F1xx_HAL_Driver/Src/stm32f1xx_hal.o
 .debug_line    0x00000000000056b2      0xfc4 ./Drivers/STM32F1xx_HAL_Driver/Src/stm32f1xx_hal_adc.o
 .debug_line    0x0000000000006676      0xb35 ./Drivers/STM32F1xx_HAL_Driver/Src/stm32f1xx_hal_cortex.o
 .debug_line    0x00000000000071ab      0xda5 ./Drivers/STM32F1xx_HAL_Driver/Src/stm32f1xx_hal_dma.o
 .debug_line    0x0000000000007f50      0x9e4 ./Drivers/STM32F1xx_HAL_Driver/Src/stm32f1xx_hal_gpio.o
 .debug_line    0x0000000000008934      0xd5b ./Drivers/STM32F1xx_HAL_Driver/Src/stm32f1xx_hal_rcc.o
 .debug_line    0x000000000000968f      0x899 ./Drivers/STM32F1xx_HAL_Driver/Src/stm32f1xx_hal_rcc_ex.o
 .debug_line    0x0000000000009f28     0x1ec0 ./Drivers/STM32F1xx_HAL_Driver/Src/stm32f1xx_hal_spi.o
 .debug_line    0x000000000000bde8     0x3303 ./Drivers/STM32F1xx_HAL_Driver/Src/stm32f1xx_hal_tim.o
 .debug_line    0x000000000000f0eb     0x1875 ./Drivers/STM32F1xx_HAL_Driver/Src/stm32f1xx_hal_tim_ex.o

.debug_str      0x0000000000000000    0x8facf
 .debug_str     0x0000000000000000    0x877fe ./Core/Src/adc.o
                                      0x87baa (size before relaxing)
 .debug_str     0x00000000000877fe      0x2bf ./Core/Src/dma.o
                                      0x87a3d (size before relaxing)
 .debug_str     0x0000000000087abd       0x68 ./Core/Src/gpio.o
                                      0x877df (size before relaxing)
 .debug_str     0x0000000000087b25     0x4fbc ./Core/Src/main.o
                                      0x8cb3f (size before relaxing)
 .debug_str     0x000000000008cae1      0x21d ./Core/Src/spi.o
                                      0x87f0b (size before relaxing)
 .debug_str     0x000000000008ccfe       0x5a ./Core/Src/stm32f1xx_hal_msp.o
                                      0x87767 (size before relaxing)
 .debug_str     0x000000000008cd58      0x2a1 ./Core/Src/stm32f1xx_it.o
                                      0x8b8c2 (size before relaxing)
 .debug_str     0x000000000008cff9       0x7e ./Core/Src/system_stm32f1xx.o
                                      0x87536 (size before relaxing)
 .debug_str     0x000000000008d077      0x2ff ./Core/Src/tim.o
                                      0x8832f (size before relaxing)
 .debug_str     0x000000000008d376       0x88 ./Core/Startup/startup_stm32f103c8tx.o
 .debug_str     0x000000000008d3fe      0x384 ./Drivers/STM32F1xx_HAL_Driver/Src/stm32f1xx_hal.o
                                      0x87c69 (size before relaxing)
 .debug_str     0x000000000008d782      0x373 ./Drivers/STM32F1xx_HAL_Driver/Src/stm32f1xx_hal_adc.o
                                      0x87c13 (size before relaxing)
 .debug_str     0x000000000008daf5      0x28a ./Drivers/STM32F1xx_HAL_Driver/Src/stm32f1xx_hal_cortex.o
                                      0x87bb5 (size before relaxing)
 .debug_str     0x000000000008dd7f      0x1e7 ./Drivers/STM32F1xx_HAL_Driver/Src/stm32f1xx_hal_dma.o
                                      0x878df (size before relaxing)
 .debug_str     0x000000000008df66      0x2e1 ./Drivers/STM32F1xx_HAL_Driver/Src/stm32f1xx_hal_gpio.o
                                      0x878bc (size before relaxing)
 .debug_str     0x000000000008e247      0x229 ./Drivers/STM32F1xx_HAL_Driver/Src/stm32f1xx_hal_rcc.o
                                      0x87965 (size before relaxing)
 .debug_str     0x000000000008e470       0x84 ./Drivers/STM32F1xx_HAL_Driver/Src/stm32f1xx_hal_rcc_ex.o
                                      0x876b5 (size before relaxing)
 .debug_str     0x000000000008e4f4      0x564 ./Drivers/STM32F1xx_HAL_Driver/Src/stm32f1xx_hal_spi.o
                                      0x87edd (size before relaxing)
 .debug_str     0x000000000008ea58      0xbe4 ./Drivers/STM32F1xx_HAL_Driver/Src/stm32f1xx_hal_tim.o
                                      0x88950 (size before relaxing)
 .debug_str     0x000000000008f63c      0x493 ./Drivers/STM32F1xx_HAL_Driver/Src/stm32f1xx_hal_tim_ex.o
                                      0x8816c (size before relaxing)

.comment        0x0000000000000000       0x50
 .comment       0x0000000000000000       0x50 ./Core/Src/adc.o
                                         0x51 (size before relaxing)
 .comment       0x0000000000000050       0x51 ./Core/Src/dma.o
 .comment       0x0000000000000050       0x51 ./Core/Src/gpio.o
 .comment       0x0000000000000050       0x51 ./Core/Src/main.o
 .comment       0x0000000000000050       0x51 ./Core/Src/spi.o
 .comment       0x0000000000000050       0x51 ./Core/Src/stm32f1xx_hal_msp.o
 .comment       0x0000000000000050       0x51 ./Core/Src/stm32f1xx_it.o
 .comment       0x0000000000000050       0x51 ./Core/Src/system_stm32f1xx.o
 .comment       0x0000000000000050       0x51 ./Core/Src/tim.o
 .comment       0x0000000000000050       0x51 ./Drivers/STM32F1xx_HAL_Driver/Src/stm32f1xx_hal.o
 .comment       0x0000000000000050       0x51 ./Drivers/STM32F1xx_HAL_Driver/Src/stm32f1xx_hal_adc.o
 .comment       0x0000000000000050       0x51 ./Drivers/STM32F1xx_HAL_Driver/Src/stm32f1xx_hal_cortex.o
 .comment       0x0000000000000050       0x51 ./Drivers/STM32F1xx_HAL_Driver/Src/stm32f1xx_hal_dma.o
 .comment       0x0000000000000050       0x51 ./Drivers/STM32F1xx_HAL_Driver/Src/stm32f1xx_hal_gpio.o
 .comment       0x0000000000000050       0x51 ./Drivers/STM32F1xx_HAL_Driver/Src/stm32f1xx_hal_rcc.o
 .comment       0x0000000000000050       0x51 ./Drivers/STM32F1xx_HAL_Driver/Src/stm32f1xx_hal_rcc_ex.o
 .comment       0x0000000000000050       0x51 ./Drivers/STM32F1xx_HAL_Driver/Src/stm32f1xx_hal_spi.o
 .comment       0x0000000000000050       0x51 ./Drivers/STM32F1xx_HAL_Driver/Src/stm32f1xx_hal_tim.o
 .comment       0x0000000000000050       0x51 ./Drivers/STM32F1xx_HAL_Driver/Src/stm32f1xx_hal_tim_ex.o

.debug_frame    0x0000000000000000     0x3ca0
 .debug_frame   0x0000000000000000       0x7c ./Core/Src/adc.o
 .debug_frame   0x000000000000007c       0x34 ./Core/Src/dma.o
 .debug_frame   0x00000000000000b0       0x34 ./Core/Src/gpio.o
 .debug_frame   0x00000000000000e4      0x1f0 ./Core/Src/main.o
 .debug_frame   0x00000000000002d4       0x74 ./Core/Src/spi.o
 .debug_frame   0x0000000000000348       0x38 ./Core/Src/stm32f1xx_hal_msp.o
 .debug_frame   0x0000000000000380      0x1f8 ./Core/Src/stm32f1xx_it.o
 .debug_frame   0x0000000000000578       0x58 ./Core/Src/system_stm32f1xx.o
 .debug_frame   0x00000000000005d0      0x19c ./Core/Src/tim.o
 .debug_frame   0x000000000000076c      0x334 ./Drivers/STM32F1xx_HAL_Driver/Src/stm32f1xx_hal.o
 .debug_frame   0x0000000000000aa0      0x40c ./Drivers/STM32F1xx_HAL_Driver/Src/stm32f1xx_hal_adc.o
 .debug_frame   0x0000000000000eac      0x428 ./Drivers/STM32F1xx_HAL_Driver/Src/stm32f1xx_hal_cortex.o
 .debug_frame   0x00000000000012d4      0x208 ./Drivers/STM32F1xx_HAL_Driver/Src/stm32f1xx_hal_dma.o
 .debug_frame   0x00000000000014dc      0x14c ./Drivers/STM32F1xx_HAL_Driver/Src/stm32f1xx_hal_gpio.o
 .debug_frame   0x0000000000001628      0x21c ./Drivers/STM32F1xx_HAL_Driver/Src/stm32f1xx_hal_rcc.o
 .debug_frame   0x0000000000001844       0x84 ./Drivers/STM32F1xx_HAL_Driver/Src/stm32f1xx_hal_rcc_ex.o
 .debug_frame   0x00000000000018c8      0x8e8 ./Drivers/STM32F1xx_HAL_Driver/Src/stm32f1xx_hal_spi.o
 .debug_frame   0x00000000000021b0     0x11b8 ./Drivers/STM32F1xx_HAL_Driver/Src/stm32f1xx_hal_tim.o
 .debug_frame   0x0000000000003368      0x638 ./Drivers/STM32F1xx_HAL_Driver/Src/stm32f1xx_hal_tim_ex.o
 .debug_frame   0x00000000000039a0       0x2c c:/st/stm32cubeide_1.10.1/stm32cubeide/plugins/com.st.stm32cube.ide.mcu.externaltools.gnu-tools-for-stm32.10.3-2021.10.win32_1.0.0.202111181127/tools/bin/../lib/gcc/arm-none-eabi/10.3.1/../../../../arm-none-eabi/lib/thumb/v7-m/nofp\libc_nano.a(lib_a-init.o)
 .debug_frame   0x00000000000039cc       0x20 c:/st/stm32cubeide_1.10.1/stm32cubeide/plugins/com.st.stm32cube.ide.mcu.externaltools.gnu-tools-for-stm32.10.3-2021.10.win32_1.0.0.202111181127/tools/bin/../lib/gcc/arm-none-eabi/10.3.1/../../../../arm-none-eabi/lib/thumb/v7-m/nofp\libc_nano.a(lib_a-memset.o)
 .debug_frame   0x00000000000039ec       0xac c:/st/stm32cubeide_1.10.1/stm32cubeide/plugins/com.st.stm32cube.ide.mcu.externaltools.gnu-tools-for-stm32.10.3-2021.10.win32_1.0.0.202111181127/tools/bin/../lib/gcc/arm-none-eabi/10.3.1/thumb/v7-m/nofp\libgcc.a(_arm_addsubdf3.o)
 .debug_frame   0x0000000000003a98       0x50 c:/st/stm32cubeide_1.10.1/stm32cubeide/plugins/com.st.stm32cube.ide.mcu.externaltools.gnu-tools-for-stm32.10.3-2021.10.win32_1.0.0.202111181127/tools/bin/../lib/gcc/arm-none-eabi/10.3.1/thumb/v7-m/nofp\libgcc.a(_arm_muldivdf3.o)
 .debug_frame   0x0000000000003ae8       0x24 c:/st/stm32cubeide_1.10.1/stm32cubeide/plugins/com.st.stm32cube.ide.mcu.externaltools.gnu-tools-for-stm32.10.3-2021.10.win32_1.0.0.202111181127/tools/bin/../lib/gcc/arm-none-eabi/10.3.1/thumb/v7-m/nofp\libgcc.a(_arm_truncdfsf2.o)
 .debug_frame   0x0000000000003b0c       0x4c c:/st/stm32cubeide_1.10.1/stm32cubeide/plugins/com.st.stm32cube.ide.mcu.externaltools.gnu-tools-for-stm32.10.3-2021.10.win32_1.0.0.202111181127/tools/bin/../lib/gcc/arm-none-eabi/10.3.1/thumb/v7-m/nofp\libgcc.a(_arm_addsubsf3.o)
 .debug_frame   0x0000000000003b58       0x38 c:/st/stm32cubeide_1.10.1/stm32cubeide/plugins/com.st.stm32cube.ide.mcu.externaltools.gnu-tools-for-stm32.10.3-2021.10.win32_1.0.0.202111181127/tools/bin/../lib/gcc/arm-none-eabi/10.3.1/thumb/v7-m/nofp\libgcc.a(_arm_muldivsf3.o)
 .debug_frame   0x0000000000003b90       0xc8 c:/st/stm32cubeide_1.10.1/stm32cubeide/plugins/com.st.stm32cube.ide.mcu.externaltools.gnu-tools-for-stm32.10.3-2021.10.win32_1.0.0.202111181127/tools/bin/../lib/gcc/arm-none-eabi/10.3.1/thumb/v7-m/nofp\libgcc.a(_arm_cmpsf2.o)
 .debug_frame   0x0000000000003c58       0x24 c:/st/stm32cubeide_1.10.1/stm32cubeide/plugins/com.st.stm32cube.ide.mcu.externaltools.gnu-tools-for-stm32.10.3-2021.10.win32_1.0.0.202111181127/tools/bin/../lib/gcc/arm-none-eabi/10.3.1/thumb/v7-m/nofp\libgcc.a(_arm_fixsfsi.o)
 .debug_frame   0x0000000000003c7c       0x24 c:/st/stm32cubeide_1.10.1/stm32cubeide/plugins/com.st.stm32cube.ide.mcu.externaltools.gnu-tools-for-stm32.10.3-2021.10.win32_1.0.0.202111181127/tools/bin/../lib/gcc/arm-none-eabi/10.3.1/thumb/v7-m/nofp\libgcc.a(_arm_fixunssfsi.o)
