../Core/Src/main.c:102:6:pid_1	24	static
../Core/Src/main.c:177:6:pid_2	24	static
../Core/Src/main.c:295:5:main	8	static
../Core/Src/main.c:399:6:SystemClock_Config	88	static
../Core/Src/main.c:439:6:currentSearch	16	static
../Core/Src/main.c:453:5:Median_ADC_CS1	40	static
../Core/Src/main.c:481:5:Median_ADC_CS2	40	static
../Core/Src/main.c:509:7:Median_Cur_CS1	32	static
../Core/Src/main.c:537:7:Median_Cur_CS2	32	static
../Core/Src/main.c:567:7:simpleKalman1	40	static
../Core/Src/main.c:580:7:simpleKalman2	40	static
../Core/Src/main.c:598:6:Error_Handler	4	static,ignoring_inline_asm
