../Core/Src/main.c:78:6:detect_and_limit_oscillations	16	static
../Core/Src/main.c:214:6:pid	32	static
../Core/Src/main.c:353:9:float_to_int32	24	static
../Core/Src/main.c:382:5:main	8	static
../Core/Src/main.c:644:6:SystemClock_Config	88	static
../Core/Src/main.c:684:6:currentSearch	16	static
../Core/Src/main.c:697:5:Median_ADC_CS1	40	static
../Core/Src/main.c:725:5:Median_ADC_CS2	40	static
../Core/Src/main.c:753:7:Median_Cur_CS1	32	static
../Core/Src/main.c:781:7:Median_Cur_CS2	32	static
../Core/Src/main.c:811:7:simpleKalman1	40	static
../Core/Src/main.c:824:7:simpleKalman2	40	static
../Core/Src/main.c:842:6:Error_Handler	4	static,ignoring_inline_asm
