../Core/Src/stm32f1xx_it.c:76:6:emergency	4	static
../Core/Src/stm32f1xx_it.c:107:6:NMI_Handler	4	static
../Core/Src/stm32f1xx_it.c:120:6:HardFault_Handler	4	static
../Core/Src/stm32f1xx_it.c:133:6:MemManage_Handler	4	static
../Core/Src/stm32f1xx_it.c:146:6:BusFault_Handler	4	static
../Core/Src/stm32f1xx_it.c:159:6:UsageFault_Handler	4	static
../Core/Src/stm32f1xx_it.c:172:6:SVC_Handler	4	static
../Core/Src/stm32f1xx_it.c:184:6:DebugMon_Handler	4	static
../Core/Src/stm32f1xx_it.c:196:6:PendSV_Handler	4	static
../Core/Src/stm32f1xx_it.c:208:6:SysTick_Handler	8	static
../Core/Src/stm32f1xx_it.c:228:6:DMA1_Channel1_IRQHandler	8	static
../Core/Src/stm32f1xx_it.c:241:6:TIM1_UP_IRQHandler	8	static
../Core/Src/stm32f1xx_it.c:261:6:TIM2_IRQHandler	8	static
../Core/Src/stm32f1xx_it.c:281:6:TIM3_IRQHandler	16	static
