../Core/Src/stm32f1xx_it.c:81:7:moving_average_1	16	static
../Core/Src/stm32f1xx_it.c:92:7:moving_average_2	16	static
../Core/Src/stm32f1xx_it.c:137:6:NMI_Handler	4	static
../Core/Src/stm32f1xx_it.c:150:6:HardFault_Handler	4	static
../Core/Src/stm32f1xx_it.c:163:6:MemManage_Handler	4	static
../Core/Src/stm32f1xx_it.c:176:6:BusFault_Handler	4	static
../Core/Src/stm32f1xx_it.c:189:6:UsageFault_Handler	4	static
../Core/Src/stm32f1xx_it.c:202:6:SVC_Handler	4	static
../Core/Src/stm32f1xx_it.c:214:6:DebugMon_Handler	4	static
../Core/Src/stm32f1xx_it.c:226:6:PendSV_Handler	4	static
../Core/Src/stm32f1xx_it.c:238:6:SysTick_Handler	8	static
../Core/Src/stm32f1xx_it.c:258:6:DMA1_Channel1_IRQHandler	8	static
../Core/Src/stm32f1xx_it.c:271:6:TIM1_UP_IRQHandler	8	static
../Core/Src/stm32f1xx_it.c:291:6:TIM2_IRQHandler	8	static
../Core/Src/stm32f1xx_it.c:311:6:TIM3_IRQHandler	16	static
../Core/Src/stm32f1xx_it.c:354:6:TIM4_IRQHandler	8	static
../Core/Src/stm32f1xx_it.c:374:6:SPI2_IRQHandler	8	static,ignoring_inline_asm
